<?xml version="1.0" encoding="ISO-8859-1" ?>
<link_info>
   <banner>TI ARM Linker PC v20.2.4.LTS</banner>
   <copyright>Copyright (c) 1996-2018 Texas Instruments Incorporated</copyright>
   <link_time>0x606233c9</link_time>
   <link_errors>0x0</link_errors>
   <output_file>gpiointerrupt_CC3220S_LAUNCHXL_nortos_ccs.out</output_file>
   <entry_point>
      <name>resetISR</name>
      <address>0x2000ea89</address>
   </entry_point>
   <input_file_list>
      <input_file id="fl-2">
         <path>.\</path>
         <kind>object</kind>
         <file>gpiointerrupt.obj</file>
         <name>gpiointerrupt.obj</name>
      </input_file>
      <input_file id="fl-3">
         <path>.\syscfg\</path>
         <kind>object</kind>
         <file>ti_drivers_config.obj</file>
         <name>ti_drivers_config.obj</name>
      </input_file>
      <input_file id="fl-4">
         <path>.\</path>
         <kind>object</kind>
         <file>main_nortos.obj</file>
         <name>main_nortos.obj</name>
      </input_file>
      <input_file id="fl-d">
         <kind>object</kind>
         <file>&lt;internal&gt;</file>
         <name>&lt;internal&gt;</name>
      </input_file>
      <input_file id="fl-e">
         <path>C:\ti\simplelink_cc32xx_sdk_4_40_00_07\source\ti\drivers\lib\ccs\m4\</path>
         <kind>archive</kind>
         <file>drivers_cc32xx.a</file>
         <name>Timer.oem4</name>
      </input_file>
      <input_file id="fl-f">
         <path>C:\ti\simplelink_cc32xx_sdk_4_40_00_07\source\ti\drivers\lib\ccs\m4\</path>
         <kind>archive</kind>
         <file>drivers_cc32xx.a</file>
         <name>GPIOCC32XX.oem4</name>
      </input_file>
      <input_file id="fl-10">
         <path>C:\ti\simplelink_cc32xx_sdk_4_40_00_07\source\ti\drivers\lib\ccs\m4\</path>
         <kind>archive</kind>
         <file>drivers_cc32xx.a</file>
         <name>PowerCC32XX.oem4</name>
      </input_file>
      <input_file id="fl-11">
         <path>C:\ti\simplelink_cc32xx_sdk_4_40_00_07\source\ti\drivers\lib\ccs\m4\</path>
         <kind>archive</kind>
         <file>drivers_cc32xx.a</file>
         <name>PowerCC32XX_asm.oem4</name>
      </input_file>
      <input_file id="fl-12">
         <path>C:\ti\simplelink_cc32xx_sdk_4_40_00_07\source\ti\drivers\lib\ccs\m4\</path>
         <kind>archive</kind>
         <file>drivers_cc32xx.a</file>
         <name>TimerCC32XX.oem4</name>
      </input_file>
      <input_file id="fl-13">
         <path>C:\ti\simplelink_cc32xx_sdk_4_40_00_07\source\ti\drivers\lib\ccs\m4\</path>
         <kind>archive</kind>
         <file>drivers_cc32xx.a</file>
         <name>List.oem4</name>
      </input_file>
      <input_file id="fl-14">
         <path>C:\ti\simplelink_cc32xx_sdk_4_40_00_07\kernel\nortos\lib\ccs\m4\</path>
         <kind>archive</kind>
         <file>nortos_cc32xx.a</file>
         <name>NoRTOS.oem4</name>
      </input_file>
      <input_file id="fl-15">
         <path>C:\ti\simplelink_cc32xx_sdk_4_40_00_07\kernel\nortos\lib\ccs\m4\</path>
         <kind>archive</kind>
         <file>nortos_cc32xx.a</file>
         <name>SemaphoreP_nortos.oem4</name>
      </input_file>
      <input_file id="fl-16">
         <path>C:\ti\simplelink_cc32xx_sdk_4_40_00_07\kernel\nortos\lib\ccs\m4\</path>
         <kind>archive</kind>
         <file>nortos_cc32xx.a</file>
         <name>ClockPSysTick_nortos.oem4</name>
      </input_file>
      <input_file id="fl-17">
         <path>C:\ti\simplelink_cc32xx_sdk_4_40_00_07\kernel\nortos\lib\ccs\m4\</path>
         <kind>archive</kind>
         <file>nortos_cc32xx.a</file>
         <name>HwiPCC32XX_nortos.oem4</name>
      </input_file>
      <input_file id="fl-18">
         <path>C:\ti\simplelink_cc32xx_sdk_4_40_00_07\kernel\nortos\lib\ccs\m4\</path>
         <kind>archive</kind>
         <file>nortos_cc32xx.a</file>
         <name>PowerCC32XX_nortos.oem4</name>
      </input_file>
      <input_file id="fl-19">
         <path>C:\ti\simplelink_cc32xx_sdk_4_40_00_07\kernel\nortos\lib\ccs\m4\</path>
         <kind>archive</kind>
         <file>nortos_cc32xx.a</file>
         <name>startup_cc32xx_ccs.oem4</name>
      </input_file>
      <input_file id="fl-1a">
         <path>C:\ti\simplelink_cc32xx_sdk_4_40_00_07\kernel\nortos\lib\ccs\m4\</path>
         <kind>archive</kind>
         <file>nortos_cc32xx.a</file>
         <name>SwiP_nortos.oem4</name>
      </input_file>
      <input_file id="fl-1b">
         <path>C:\ti\simplelink_cc32xx_sdk_4_40_00_07\kernel\nortos\lib\ccs\m4\</path>
         <kind>archive</kind>
         <file>nortos_cc32xx.a</file>
         <name>QueueP_nortos.oem4</name>
      </input_file>
      <input_file id="fl-1c">
         <path>C:\ti\simplelink_cc32xx_sdk_4_40_00_07\source\ti\devices\cc32xx\driverlib\ccs\Release\</path>
         <kind>archive</kind>
         <file>driverlib.a</file>
         <name>cpu.obj</name>
      </input_file>
      <input_file id="fl-1d">
         <path>C:\ti\simplelink_cc32xx_sdk_4_40_00_07\source\ti\devices\cc32xx\driverlib\ccs\Release\</path>
         <kind>archive</kind>
         <file>driverlib.a</file>
         <name>interrupt.obj</name>
      </input_file>
      <input_file id="fl-1e">
         <path>C:\ti\simplelink_cc32xx_sdk_4_40_00_07\source\ti\devices\cc32xx\driverlib\ccs\Release\</path>
         <kind>archive</kind>
         <file>driverlib.a</file>
         <name>pin.obj</name>
      </input_file>
      <input_file id="fl-1f">
         <path>C:\ti\simplelink_cc32xx_sdk_4_40_00_07\source\ti\devices\cc32xx\driverlib\ccs\Release\</path>
         <kind>archive</kind>
         <file>driverlib.a</file>
         <name>prcm.obj</name>
      </input_file>
      <input_file id="fl-20">
         <path>C:\ti\simplelink_cc32xx_sdk_4_40_00_07\source\ti\devices\cc32xx\driverlib\ccs\Release\</path>
         <kind>archive</kind>
         <file>driverlib.a</file>
         <name>timer.obj</name>
      </input_file>
      <input_file id="fl-21">
         <path>C:\ti\simplelink_cc32xx_sdk_4_40_00_07\source\ti\devices\cc32xx\driverlib\ccs\Release\</path>
         <kind>archive</kind>
         <file>driverlib.a</file>
         <name>utils.obj</name>
      </input_file>
      <input_file id="fl-22">
         <path>C:\ti\simplelink_cc32xx_sdk_4_40_00_07\source\ti\devices\cc32xx\driverlib\ccs\Release\</path>
         <kind>archive</kind>
         <file>driverlib.a</file>
         <name>flash.obj</name>
      </input_file>
      <input_file id="fl-d8">
         <path>C:\Texas_Instruments\CCS\ccs\tools\compiler\ti-cgt-arm_20.2.4.LTS\lib\</path>
         <kind>archive</kind>
         <file>rtsv7M4_T_le_eabi.lib</file>
         <name>ull_div_t2.asm.obj</name>
      </input_file>
      <input_file id="fl-d9">
         <path>C:\Texas_Instruments\CCS\ccs\tools\compiler\ti-cgt-arm_20.2.4.LTS\lib\</path>
         <kind>archive</kind>
         <file>rtsv7M4_T_le_eabi.lib</file>
         <name>ll_mul_t2.asm.obj</name>
      </input_file>
      <input_file id="fl-da">
         <path>C:\Texas_Instruments\CCS\ccs\tools\compiler\ti-cgt-arm_20.2.4.LTS\lib\</path>
         <kind>archive</kind>
         <file>rtsv7M4_T_le_eabi.lib</file>
         <name>memcpy_t2.asm.obj</name>
      </input_file>
      <input_file id="fl-db">
         <path>C:\Texas_Instruments\CCS\ccs\tools\compiler\ti-cgt-arm_20.2.4.LTS\lib\</path>
         <kind>archive</kind>
         <file>rtsv7M4_T_le_eabi.lib</file>
         <name>copy_zero_init.c.obj</name>
      </input_file>
      <input_file id="fl-dc">
         <path>C:\Texas_Instruments\CCS\ccs\tools\compiler\ti-cgt-arm_20.2.4.LTS\lib\</path>
         <kind>archive</kind>
         <file>rtsv7M4_T_le_eabi.lib</file>
         <name>copy_decompress_none.c.obj</name>
      </input_file>
      <input_file id="fl-dd">
         <path>C:\Texas_Instruments\CCS\ccs\tools\compiler\ti-cgt-arm_20.2.4.LTS\lib\</path>
         <kind>archive</kind>
         <file>rtsv7M4_T_le_eabi.lib</file>
         <name>copy_decompress_lzss.c.obj</name>
      </input_file>
      <input_file id="fl-de">
         <path>C:\Texas_Instruments\CCS\ccs\tools\compiler\ti-cgt-arm_20.2.4.LTS\lib\</path>
         <kind>archive</kind>
         <file>rtsv7M4_T_le_eabi.lib</file>
         <name>memory.c.obj</name>
      </input_file>
      <input_file id="fl-df">
         <path>C:\Texas_Instruments\CCS\ccs\tools\compiler\ti-cgt-arm_20.2.4.LTS\lib\</path>
         <kind>archive</kind>
         <file>rtsv7M4_T_le_eabi.lib</file>
         <name>boot_cortex_m.c.obj</name>
      </input_file>
      <input_file id="fl-e0">
         <path>C:\Texas_Instruments\CCS\ccs\tools\compiler\ti-cgt-arm_20.2.4.LTS\lib\</path>
         <kind>archive</kind>
         <file>rtsv7M4_T_le_eabi.lib</file>
         <name>div0.asm.obj</name>
      </input_file>
      <input_file id="fl-e1">
         <path>C:\Texas_Instruments\CCS\ccs\tools\compiler\ti-cgt-arm_20.2.4.LTS\lib\</path>
         <kind>archive</kind>
         <file>rtsv7M4_T_le_eabi.lib</file>
         <name>memset_t2.asm.obj</name>
      </input_file>
      <input_file id="fl-e2">
         <path>C:\Texas_Instruments\CCS\ccs\tools\compiler\ti-cgt-arm_20.2.4.LTS\lib\</path>
         <kind>archive</kind>
         <file>rtsv7M4_T_le_eabi.lib</file>
         <name>autoinit.c.obj</name>
      </input_file>
      <input_file id="fl-e3">
         <path>C:\Texas_Instruments\CCS\ccs\tools\compiler\ti-cgt-arm_20.2.4.LTS\lib\</path>
         <kind>archive</kind>
         <file>rtsv7M4_T_le_eabi.lib</file>
         <name>pre_init.c.obj</name>
      </input_file>
      <input_file id="fl-e4">
         <path>C:\Texas_Instruments\CCS\ccs\tools\compiler\ti-cgt-arm_20.2.4.LTS\lib\</path>
         <kind>archive</kind>
         <file>rtsv7M4_T_le_eabi.lib</file>
         <name>cpy_tbl.c.obj</name>
      </input_file>
      <input_file id="fl-e5">
         <path>C:\Texas_Instruments\CCS\ccs\tools\compiler\ti-cgt-arm_20.2.4.LTS\lib\</path>
         <kind>archive</kind>
         <file>rtsv7M4_T_le_eabi.lib</file>
         <name>exit.c.obj</name>
      </input_file>
      <input_file id="fl-e6">
         <path>C:\Texas_Instruments\CCS\ccs\tools\compiler\ti-cgt-arm_20.2.4.LTS\lib\</path>
         <kind>archive</kind>
         <file>rtsv7M4_T_le_eabi.lib</file>
         <name>_lock.c.obj</name>
      </input_file>
      <input_file id="fl-e7">
         <path>C:\Texas_Instruments\CCS\ccs\tools\compiler\ti-cgt-arm_20.2.4.LTS\lib\</path>
         <kind>archive</kind>
         <file>rtsv7M4_T_le_eabi.lib</file>
         <name>args_main.c.obj</name>
      </input_file>
   </input_file_list>
   <object_component_list>
      <object_component id="oc-1c0">
         <name>.text:PRCMCC3200MCUInit</name>
         <load_address>0x2000c040</load_address>
         <run_address>0x2000c040</run_address>
         <size>0x42c</size>
         <input_file_ref idref="fl-1f"/>
      </object_component>
      <object_component id="oc-1da">
         <name>.text:GPIO_setConfig</name>
         <load_address>0x2000c46c</load_address>
         <run_address>0x2000c46c</run_address>
         <size>0x1e4</size>
         <input_file_ref idref="fl-f"/>
      </object_component>
      <object_component id="oc-35f">
         <name>.text:PowerCC32XX_sleepPolicy</name>
         <load_address>0x2000c650</load_address>
         <run_address>0x2000c650</run_address>
         <size>0x19c</size>
         <input_file_ref idref="fl-18"/>
      </object_component>
      <object_component id="oc-51b">
         <name>.text:parkPins</name>
         <load_address>0x2000c7ec</load_address>
         <run_address>0x2000c7ec</run_address>
         <size>0x148</size>
         <input_file_ref idref="fl-10"/>
      </object_component>
      <object_component id="oc-464">
         <name>.text:Power_sleep</name>
         <load_address>0x2000c934</load_address>
         <run_address>0x2000c934</run_address>
         <size>0x138</size>
         <input_file_ref idref="fl-10"/>
      </object_component>
      <object_component id="oc-58c">
         <name>.text:TimerCC32XX_open</name>
         <load_address>0x2000ca6c</load_address>
         <run_address>0x2000ca6c</run_address>
         <size>0x128</size>
         <input_file_ref idref="fl-12"/>
      </object_component>
      <object_component id="oc-4c3">
         <name>.text:aligned_alloc</name>
         <load_address>0x2000cb94</load_address>
         <run_address>0x2000cb94</run_address>
         <size>0x100</size>
         <input_file_ref idref="fl-de"/>
      </object_component>
      <object_component id="oc-37b">
         <name>.text:free</name>
         <load_address>0x2000cc94</load_address>
         <run_address>0x2000cc94</run_address>
         <size>0xe4</size>
         <input_file_ref idref="fl-de"/>
      </object_component>
      <object_component id="oc-4e6">
         <name>.text:tickMessage</name>
         <load_address>0x2000cd78</load_address>
         <run_address>0x2000cd78</run_address>
         <size>0xdc</size>
         <input_file_ref idref="fl-2"/>
      </object_component>
      <object_component id="oc-1d4">
         <name>.text:GPIO_init</name>
         <load_address>0x2000ce54</load_address>
         <run_address>0x2000ce54</run_address>
         <size>0xc4</size>
         <input_file_ref idref="fl-f"/>
      </object_component>
      <object_component id="oc-538">
         <name>.text:restoreParkedPins</name>
         <load_address>0x2000cf18</load_address>
         <run_address>0x2000cf18</run_address>
         <size>0xc0</size>
         <input_file_ref idref="fl-10"/>
      </object_component>
      <object_component id="oc-40b">
         <name>.text:SM_Tick</name>
         <load_address>0x2000cfd8</load_address>
         <run_address>0x2000cfd8</run_address>
         <size>0xac</size>
         <input_file_ref idref="fl-2"/>
      </object_component>
      <object_component id="oc-b5">
         <name>.text:IntEnable</name>
         <load_address>0x2000d084</load_address>
         <run_address>0x2000d084</run_address>
         <size>0xa8</size>
         <input_file_ref idref="fl-1d"/>
      </object_component>
      <object_component id="oc-27b">
         <name>.text:PowerCC32XX_configureWakeup</name>
         <load_address>0x2000d12c</load_address>
         <run_address>0x2000d12c</run_address>
         <size>0xa8</size>
         <input_file_ref idref="fl-10"/>
      </object_component>
      <object_component id="oc-2a1">
         <name>.text:SemaphoreP_pend</name>
         <load_address>0x2000d1d4</load_address>
         <run_address>0x2000d1d4</run_address>
         <size>0xa0</size>
         <input_file_ref idref="fl-15"/>
      </object_component>
      <object_component id="oc-3b">
         <name>.text</name>
         <load_address>0x2000d274</load_address>
         <run_address>0x2000d274</run_address>
         <size>0x9c</size>
         <input_file_ref idref="fl-da"/>
      </object_component>
      <object_component id="oc-2bd">
         <name>.text:powerNotifyFxn</name>
         <load_address>0x2000d310</load_address>
         <run_address>0x2000d310</run_address>
         <size>0x98</size>
         <input_file_ref idref="fl-f"/>
      </object_component>
      <object_component id="oc-45f">
         <name>.text</name>
         <load_address>0x2000d3a8</load_address>
         <run_address>0x2000d3a8</run_address>
         <size>0x96</size>
         <input_file_ref idref="fl-d8"/>
      </object_component>
      <object_component id="oc-1cc">
         <name>.text:Board_initHook</name>
         <load_address>0x2000d43e</load_address>
         <run_address>0x2000d43e</run_address>
         <size>0x2</size>
         <input_file_ref idref="fl-3"/>
      </object_component>
      <object_component id="oc-52c">
         <name>.text:restoreNVICRegs</name>
         <load_address>0x2000d440</load_address>
         <run_address>0x2000d440</run_address>
         <size>0x90</size>
         <input_file_ref idref="fl-10"/>
      </object_component>
      <object_component id="oc-3dc">
         <name>.text:HwiP_construct</name>
         <load_address>0x2000d4d0</load_address>
         <run_address>0x2000d4d0</run_address>
         <size>0x8c</size>
         <input_file_ref idref="fl-17"/>
      </object_component>
      <object_component id="oc-604">
         <name>.text:IntPendSet</name>
         <load_address>0x2000d55c</load_address>
         <run_address>0x2000d55c</run_address>
         <size>0x88</size>
         <input_file_ref idref="fl-1d"/>
      </object_component>
      <object_component id="oc-2c7">
         <name>.text:PinConfigSet</name>
         <load_address>0x2000d5e4</load_address>
         <run_address>0x2000d5e4</run_address>
         <size>0x88</size>
         <input_file_ref idref="fl-1e"/>
      </object_component>
      <object_component id="oc-592">
         <name>.text:TimerCC32XX_setPeriod</name>
         <load_address>0x2000d66c</load_address>
         <run_address>0x2000d66c</run_address>
         <size>0x88</size>
         <input_file_ref idref="fl-12"/>
      </object_component>
      <object_component id="oc-1c6">
         <name>.text:Power_init</name>
         <load_address>0x2000d6f4</load_address>
         <run_address>0x2000d6f4</run_address>
         <size>0x84</size>
         <input_file_ref idref="fl-10"/>
      </object_component>
      <object_component id="oc-521">
         <name>.text:saveNVICRegs</name>
         <load_address>0x2000d778</load_address>
         <run_address>0x2000d778</run_address>
         <size>0x84</size>
         <input_file_ref idref="fl-10"/>
      </object_component>
      <object_component id="oc-2cd">
         <name>.text:Power_setDependency</name>
         <load_address>0x2000d7fc</load_address>
         <run_address>0x2000d7fc</run_address>
         <size>0x80</size>
         <input_file_ref idref="fl-10"/>
      </object_component>
      <object_component id="oc-2f1">
         <name>.text:GPIO_hwiIntFxn</name>
         <load_address>0x2000d87c</load_address>
         <run_address>0x2000d87c</run_address>
         <size>0x78</size>
         <input_file_ref idref="fl-f"/>
      </object_component>
      <object_component id="oc-598">
         <name>.text:TimerCC32XX_start</name>
         <load_address>0x2000d8f4</load_address>
         <run_address>0x2000d8f4</run_address>
         <size>0x78</size>
         <input_file_ref idref="fl-12"/>
      </object_component>
      <object_component id="oc-568">
         <name>.text:split</name>
         <load_address>0x2000d96c</load_address>
         <run_address>0x2000d96c</run_address>
         <size>0x70</size>
         <input_file_ref idref="fl-de"/>
      </object_component>
      <object_component id="oc-14">
         <name>.text:decompress:lzss:__TI_decompress_lzss</name>
         <load_address>0x2000d9dc</load_address>
         <run_address>0x2000d9dc</run_address>
         <size>0x68</size>
         <input_file_ref idref="fl-dd"/>
      </object_component>
      <object_component id="oc-3ca">
         <name>.text:PowerCC32XX_setParkState</name>
         <load_address>0x2000da44</load_address>
         <run_address>0x2000da44</run_address>
         <size>0x64</size>
         <input_file_ref idref="fl-10"/>
      </object_component>
      <object_component id="oc-249">
         <name>.text:PRCMSysResetCauseGet</name>
         <load_address>0x2000daa8</load_address>
         <run_address>0x2000daa8</run_address>
         <size>0x60</size>
         <input_file_ref idref="fl-1f"/>
      </object_component>
      <object_component id="oc-15f">
         <name>.text:mainThread</name>
         <load_address>0x2000db08</load_address>
         <run_address>0x2000db08</run_address>
         <size>0x60</size>
         <input_file_ref idref="fl-2"/>
      </object_component>
      <object_component id="oc-1e6">
         <name>.text:GPIO_setCallback</name>
         <load_address>0x2000db68</load_address>
         <run_address>0x2000db68</run_address>
         <size>0x5c</size>
         <input_file_ref idref="fl-f"/>
      </object_component>
      <object_component id="oc-5c4">
         <name>.text:sysTickInit</name>
         <load_address>0x2000dbc4</load_address>
         <run_address>0x2000dbc4</run_address>
         <size>0x5c</size>
         <input_file_ref idref="fl-16"/>
      </object_component>
      <object_component id="oc-1e0">
         <name>.text:GPIO_write</name>
         <load_address>0x2000dc20</load_address>
         <run_address>0x2000dc20</run_address>
         <size>0x58</size>
         <input_file_ref idref="fl-f"/>
      </object_component>
      <object_component id="oc-262">
         <name>.text:PRCMPeripheralReset</name>
         <load_address>0x2000dc78</load_address>
         <run_address>0x2000dc78</run_address>
         <size>0x58</size>
         <input_file_ref idref="fl-1f"/>
      </object_component>
      <object_component id="oc-6ad">
         <name>.text:Power_releaseDependency</name>
         <load_address>0x2000dcd0</load_address>
         <run_address>0x2000dcd0</run_address>
         <size>0x58</size>
         <input_file_ref idref="fl-10"/>
      </object_component>
      <object_component id="oc-59e">
         <name>.text:TimerCC32XX_stop</name>
         <load_address>0x2000dd28</load_address>
         <run_address>0x2000dd28</run_address>
         <size>0x56</size>
         <input_file_ref idref="fl-12"/>
      </object_component>
      <object_component id="oc-5e1">
         <name>.text:PowerCC32XX_resumeLPDS</name>
         <load_address>0x2000dd7e</load_address>
         <run_address>0x2000dd7e</run_address>
         <size>0x52</size>
         <input_file_ref idref="fl-11"/>
      </object_component>
      <object_component id="oc-63e">
         <name>.text:initHw</name>
         <load_address>0x2000ddd0</load_address>
         <run_address>0x2000ddd0</run_address>
         <size>0x52</size>
         <input_file_ref idref="fl-12"/>
      </object_component>
      <object_component id="oc-359">
         <name>.text:PowerCC32XX_initPolicy</name>
         <load_address>0x2000de22</load_address>
         <run_address>0x2000de22</run_address>
         <size>0x2</size>
         <input_file_ref idref="fl-18"/>
      </object_component>
      <object_component id="oc-79">
         <name>.text:ClockP_sysTickHandler</name>
         <load_address>0x2000de24</load_address>
         <run_address>0x2000de24</run_address>
         <size>0x50</size>
         <input_file_ref idref="fl-16"/>
      </object_component>
      <object_component id="oc-485">
         <name>.text:SemaphoreP_construct</name>
         <load_address>0x2000de74</load_address>
         <run_address>0x2000de74</run_address>
         <size>0x50</size>
         <input_file_ref idref="fl-15"/>
      </object_component>
      <object_component id="oc-632">
         <name>.text:TimerCC32XX_allocateTimerResource</name>
         <load_address>0x2000dec4</load_address>
         <run_address>0x2000dec4</run_address>
         <size>0x50</size>
         <input_file_ref idref="fl-12"/>
      </object_component>
      <object_component id="oc-1f2">
         <name>.text:initTimer</name>
         <load_address>0x2000df14</load_address>
         <run_address>0x2000df14</run_address>
         <size>0x50</size>
         <input_file_ref idref="fl-2"/>
      </object_component>
      <object_component id="oc-1ec">
         <name>.text:GPIO_enableInt</name>
         <load_address>0x2000df64</load_address>
         <run_address>0x2000df64</run_address>
         <size>0x4c</size>
         <input_file_ref idref="fl-f"/>
      </object_component>
      <object_component id="oc-5d8">
         <name>.text:PowerCC32XX_parkPin</name>
         <load_address>0x2000dfb0</load_address>
         <run_address>0x2000dfb0</run_address>
         <size>0x4c</size>
         <input_file_ref idref="fl-10"/>
      </object_component>
      <object_component id="oc-532">
         <name>.text:restorePeriphClocks</name>
         <load_address>0x2000dffc</load_address>
         <run_address>0x2000dffc</run_address>
         <size>0x4c</size>
         <input_file_ref idref="fl-10"/>
      </object_component>
      <object_component id="oc-5fc">
         <name>.text:FlashDisable</name>
         <load_address>0x2000e048</load_address>
         <run_address>0x2000e048</run_address>
         <size>0x48</size>
         <input_file_ref idref="fl-22"/>
      </object_component>
      <object_component id="oc-53e">
         <name>.text:PRCMLPDSEnter</name>
         <load_address>0x2000e090</load_address>
         <run_address>0x2000e090</run_address>
         <size>0x48</size>
         <input_file_ref idref="fl-1f"/>
      </object_component>
      <object_component id="oc-25c">
         <name>.text:PRCMPeripheralClkEnable</name>
         <load_address>0x2000e0d8</load_address>
         <run_address>0x2000e0d8</run_address>
         <size>0x48</size>
         <input_file_ref idref="fl-1f"/>
      </object_component>
      <object_component id="oc-67d">
         <name>.text:Power_releaseConstraint</name>
         <load_address>0x2000e120</load_address>
         <run_address>0x2000e120</run_address>
         <size>0x48</size>
         <input_file_ref idref="fl-10"/>
      </object_component>
      <object_component id="oc-638">
         <name>.text:getPrescaler</name>
         <load_address>0x2000e168</load_address>
         <run_address>0x2000e168</run_address>
         <size>0x46</size>
         <input_file_ref idref="fl-12"/>
      </object_component>
      <object_component id="oc-586">
         <name>.text:TimerCC32XX_init</name>
         <load_address>0x2000e1ae</load_address>
         <run_address>0x2000e1ae</run_address>
         <size>0x2</size>
         <input_file_ref idref="fl-12"/>
      </object_component>
      <object_component id="oc-4ad">
         <name>.text:ClockP_stop</name>
         <load_address>0x2000e1b0</load_address>
         <run_address>0x2000e1b0</run_address>
         <size>0x44</size>
         <input_file_ref idref="fl-16"/>
      </object_component>
      <object_component id="oc-5e6">
         <name>.text:PRCMLPDSRestoreInfoSet</name>
         <load_address>0x2000e1f4</load_address>
         <run_address>0x2000e1f4</run_address>
         <size>0x44</size>
         <input_file_ref idref="fl-1f"/>
      </object_component>
      <object_component id="oc-527">
         <name>.text:PowerCC32XX_enterLPDS</name>
         <load_address>0x2000e238</load_address>
         <run_address>0x2000e238</run_address>
         <size>0x44</size>
         <input_file_ref idref="fl-11"/>
      </object_component>
      <object_component id="oc-2ad">
         <name>.text:SemaphoreP_post</name>
         <load_address>0x2000e27c</load_address>
         <run_address>0x2000e27c</run_address>
         <size>0x44</size>
         <input_file_ref idref="fl-15"/>
      </object_component>
      <object_component id="oc-475">
         <name>.text:SwiP_restore</name>
         <load_address>0x2000e2c0</load_address>
         <run_address>0x2000e2c0</run_address>
         <size>0x44</size>
         <input_file_ref idref="fl-1a"/>
      </object_component>
      <object_component id="oc-302">
         <name>.text:Timer_init</name>
         <load_address>0x2000e304</load_address>
         <run_address>0x2000e304</run_address>
         <size>0x44</size>
         <input_file_ref idref="fl-e"/>
      </object_component>
      <object_component id="oc-172">
         <name>.text:__TI_auto_init_nobinit_nopinit:__TI_auto_init_nobinit_nopinit</name>
         <load_address>0x2000e348</load_address>
         <run_address>0x2000e348</run_address>
         <size>0x44</size>
         <input_file_ref idref="fl-e2"/>
      </object_component>
      <object_component id="oc-274">
         <name>.text:PinModeSet</name>
         <load_address>0x2000e38c</load_address>
         <run_address>0x2000e38c</run_address>
         <size>0x40</size>
         <input_file_ref idref="fl-1e"/>
      </object_component>
      <object_component id="oc-30e">
         <name>.text:Timer_open</name>
         <load_address>0x2000e3cc</load_address>
         <run_address>0x2000e3cc</run_address>
         <size>0x40</size>
         <input_file_ref idref="fl-e"/>
      </object_component>
      <object_component id="oc-39a">
         <name>.text:ClockP_destruct</name>
         <load_address>0x2000e40c</load_address>
         <run_address>0x2000e40c</run_address>
         <size>0x3c</size>
         <input_file_ref idref="fl-16"/>
      </object_component>
      <object_component id="oc-664">
         <name>.text:Power_setConstraint</name>
         <load_address>0x2000e448</load_address>
         <run_address>0x2000e448</run_address>
         <size>0x3c</size>
         <input_file_ref idref="fl-10"/>
      </object_component>
      <object_component id="oc-574">
         <name>.text:TimerCC32XX_close</name>
         <load_address>0x2000e484</load_address>
         <run_address>0x2000e484</run_address>
         <size>0x3a</size>
         <input_file_ref idref="fl-12"/>
      </object_component>
      <object_component id="oc-459">
         <name>.text:getCountsRTC</name>
         <load_address>0x2000e4be</load_address>
         <run_address>0x2000e4be</run_address>
         <size>0x3a</size>
         <input_file_ref idref="fl-18"/>
      </object_component>
      <object_component id="oc-544">
         <name>.text:PRCMLPDSEnterKeepDebugIf</name>
         <load_address>0x2000e4f8</load_address>
         <run_address>0x2000e4f8</run_address>
         <size>0x38</size>
         <input_file_ref idref="fl-1f"/>
      </object_component>
      <object_component id="oc-64a">
         <name>.text:TimerCC32XX_hwiIntFunction</name>
         <load_address>0x2000e530</load_address>
         <run_address>0x2000e530</run_address>
         <size>0x38</size>
         <input_file_ref idref="fl-12"/>
      </object_component>
      <object_component id="oc-db">
         <name>.text:addToList</name>
         <load_address>0x2000e568</load_address>
         <run_address>0x2000e568</run_address>
         <size>0x38</size>
         <input_file_ref idref="fl-16"/>
      </object_component>
      <object_component id="oc-59">
         <name>.text:initVectors</name>
         <load_address>0x2000e5a0</load_address>
         <run_address>0x2000e5a0</run_address>
         <size>0x38</size>
         <input_file_ref idref="fl-19"/>
      </object_component>
      <object_component id="oc-515">
         <name>.text:notify</name>
         <load_address>0x2000e5d8</load_address>
         <run_address>0x2000e5d8</run_address>
         <size>0x38</size>
         <input_file_ref idref="fl-10"/>
      </object_component>
      <object_component id="oc-6b9">
         <name>.text:TimerControlStall</name>
         <load_address>0x2000e610</load_address>
         <run_address>0x2000e610</run_address>
         <size>0x36</size>
         <input_file_ref idref="fl-20"/>
      </object_component>
      <object_component id="oc-326">
         <name>.text:_nop</name>
         <load_address>0x2000e646</load_address>
         <run_address>0x2000e646</run_address>
         <size>0x2</size>
         <input_file_ref idref="fl-e6"/>
      </object_component>
      <object_component id="oc-447">
         <name>.text:ClockP_getTicksUntilInterrupt</name>
         <load_address>0x2000e648</load_address>
         <run_address>0x2000e648</run_address>
         <size>0x34</size>
         <input_file_ref idref="fl-16"/>
      </object_component>
      <object_component id="oc-506">
         <name>.text:ClockP_startup</name>
         <load_address>0x2000e67c</load_address>
         <run_address>0x2000e67c</run_address>
         <size>0x34</size>
         <input_file_ref idref="fl-16"/>
      </object_component>
      <object_component id="oc-26e">
         <name>.text:PinModeGet</name>
         <load_address>0x2000e6b0</load_address>
         <run_address>0x2000e6b0</run_address>
         <size>0x34</size>
         <input_file_ref idref="fl-1e"/>
      </object_component>
      <object_component id="oc-628">
         <name>.text:TimerCC32XX_freeTimerResource</name>
         <load_address>0x2000e6e4</load_address>
         <run_address>0x2000e6e4</run_address>
         <size>0x34</size>
         <input_file_ref idref="fl-12"/>
      </object_component>
      <object_component id="oc-6a7">
         <name>.text:getPowerMgrId</name>
         <load_address>0x2000e718</load_address>
         <run_address>0x2000e718</run_address>
         <size>0x34</size>
         <input_file_ref idref="fl-12"/>
      </object_component>
      <object_component id="oc-388">
         <name>.text:ClockP_start</name>
         <load_address>0x2000e74c</load_address>
         <run_address>0x2000e74c</run_address>
         <size>0x30</size>
         <input_file_ref idref="fl-16"/>
      </object_component>
      <object_component id="oc-5f5">
         <name>.text:PowerCC32XX_restoreParkedPin</name>
         <load_address>0x2000e77c</load_address>
         <run_address>0x2000e77c</run_address>
         <size>0x30</size>
         <input_file_ref idref="fl-10"/>
      </object_component>
      <object_component id="oc-2d9">
         <name>.text:HwiP_create</name>
         <load_address>0x2000e7ac</load_address>
         <run_address>0x2000e7ac</run_address>
         <size>0x2a</size>
         <input_file_ref idref="fl-17"/>
      </object_component>
      <object_component id="oc-657">
         <name>.text:TimerLoadSet</name>
         <load_address>0x2000e7d6</load_address>
         <run_address>0x2000e7d6</run_address>
         <size>0x2a</size>
         <input_file_ref idref="fl-20"/>
      </object_component>
      <object_component id="oc-651">
         <name>.text:TimerPrescaleSet</name>
         <load_address>0x2000e800</load_address>
         <run_address>0x2000e800</run_address>
         <size>0x2a</size>
         <input_file_ref idref="fl-20"/>
      </object_component>
      <object_component id="oc-73">
         <name>.text:busFaultHandler</name>
         <load_address>0x2000e82a</load_address>
         <run_address>0x2000e82a</run_address>
         <size>0x2</size>
         <input_file_ref idref="fl-19"/>
      </object_component>
      <object_component id="oc-268">
         <name>.text:PRCMPeripheralClkDisable</name>
         <load_address>0x2000e82c</load_address>
         <run_address>0x2000e82c</run_address>
         <size>0x28</size>
         <input_file_ref idref="fl-1f"/>
      </object_component>
      <object_component id="oc-2a7">
         <name>.text:Power_registerNotify</name>
         <load_address>0x2000e854</load_address>
         <run_address>0x2000e854</run_address>
         <size>0x28</size>
         <input_file_ref idref="fl-10"/>
      </object_component>
      <object_component id="oc-4a5">
         <name>.text:free_list_insert</name>
         <load_address>0x2000e87c</load_address>
         <run_address>0x2000e87c</run_address>
         <size>0x28</size>
         <input_file_ref idref="fl-de"/>
      </object_component>
      <object_component id="oc-3aa">
         <name>.text:List_put</name>
         <load_address>0x2000e8a4</load_address>
         <run_address>0x2000e8a4</run_address>
         <size>0x26</size>
         <input_file_ref idref="fl-13"/>
      </object_component>
      <object_component id="oc-698">
         <name>.text:List_remove</name>
         <load_address>0x2000e8ca</load_address>
         <run_address>0x2000e8ca</run_address>
         <size>0x26</size>
         <input_file_ref idref="fl-13"/>
      </object_component>
      <object_component id="oc-4cd">
         <name>.text:HwiP_dispatch</name>
         <load_address>0x2000e8f0</load_address>
         <run_address>0x2000e8f0</run_address>
         <size>0x24</size>
         <input_file_ref idref="fl-17"/>
      </object_component>
      <object_component id="oc-c5">
         <name>.text:_c_int00_noargs:_c_int00_noargs</name>
         <load_address>0x2000e914</load_address>
         <run_address>0x2000e914</run_address>
         <size>0x24</size>
         <input_file_ref idref="fl-df"/>
      </object_component>
      <object_component id="oc-1f8">
         <name>.text:gpioButtonFxn0</name>
         <load_address>0x2000e938</load_address>
         <run_address>0x2000e938</run_address>
         <size>0x24</size>
         <input_file_ref idref="fl-2"/>
      </object_component>
      <object_component id="oc-1fe">
         <name>.text:gpioButtonFxn1</name>
         <load_address>0x2000e95c</load_address>
         <run_address>0x2000e95c</run_address>
         <size>0x24</size>
         <input_file_ref idref="fl-2"/>
      </object_component>
      <object_component id="oc-6a0">
         <name>.text:HwiP_destruct</name>
         <load_address>0x2000e980</load_address>
         <run_address>0x2000e980</run_address>
         <size>0x20</size>
         <input_file_ref idref="fl-17"/>
      </object_component>
      <object_component id="oc-616">
         <name>.text:Power_unregisterNotify</name>
         <load_address>0x2000e9a0</load_address>
         <run_address>0x2000e9a0</run_address>
         <size>0x20</size>
         <input_file_ref idref="fl-10"/>
      </object_component>
      <object_component id="oc-671">
         <name>.text:TimerDisable</name>
         <load_address>0x2000e9c0</load_address>
         <run_address>0x2000e9c0</run_address>
         <size>0x1e</size>
         <input_file_ref idref="fl-20"/>
      </object_component>
      <object_component id="oc-66a">
         <name>.text:TimerEnable</name>
         <load_address>0x2000e9de</load_address>
         <run_address>0x2000e9de</run_address>
         <size>0x1e</size>
         <input_file_ref idref="fl-20"/>
      </object_component>
      <object_component id="oc-5d2">
         <name>.text:PinToPadGet</name>
         <load_address>0x2000e9fc</load_address>
         <run_address>0x2000e9fc</run_address>
         <size>0x1c</size>
         <input_file_ref idref="fl-1e"/>
      </object_component>
      <object_component id="oc-43b">
         <name>.text:SwiP_disable</name>
         <load_address>0x2000ea18</load_address>
         <run_address>0x2000ea18</run_address>
         <size>0x1c</size>
         <input_file_ref idref="fl-1a"/>
      </object_component>
      <object_component id="oc-47">
         <name>.text:decompress:ZI:__TI_zero_init_nomemset:__TI_zero_init_nomemset</name>
         <load_address>0x2000ea34</load_address>
         <run_address>0x2000ea34</run_address>
         <size>0x1c</size>
         <input_file_ref idref="fl-db"/>
      </object_component>
      <object_component id="oc-49f">
         <name>.text:free_list_remove</name>
         <load_address>0x2000ea50</load_address>
         <run_address>0x2000ea50</run_address>
         <size>0x1c</size>
         <input_file_ref idref="fl-de"/>
      </object_component>
      <object_component id="oc-289">
         <name>.text:SemaphoreP_createBinary</name>
         <load_address>0x2000ea6c</load_address>
         <run_address>0x2000ea6c</run_address>
         <size>0x1a</size>
         <input_file_ref idref="fl-15"/>
      </object_component>
      <object_component id="oc-3a0">
         <name>.text:clkFxn</name>
         <load_address>0x2000ea86</load_address>
         <run_address>0x2000ea86</run_address>
         <size>0x2</size>
         <input_file_ref idref="fl-15"/>
      </object_component>
      <object_component id="oc-21">
         <name>.text:resetISR</name>
         <load_address>0x2000ea88</load_address>
         <run_address>0x2000ea88</run_address>
         <size>0x1a</size>
         <input_file_ref idref="fl-19"/>
      </object_component>
      <object_component id="oc-6d">
         <name>.text:defaultHandler</name>
         <load_address>0x2000eaa2</load_address>
         <run_address>0x2000eaa2</run_address>
         <size>0x2</size>
         <input_file_ref idref="fl-19"/>
      </object_component>
      <object_component id="oc-44d">
         <name>.text:Power_getTransitionLatency</name>
         <load_address>0x2000eaa4</load_address>
         <run_address>0x2000eaa4</run_address>
         <size>0x18</size>
         <input_file_ref idref="fl-10"/>
      </object_component>
      <object_component id="oc-557">
         <name>.text:Power_idleFunc</name>
         <load_address>0x2000eabc</load_address>
         <run_address>0x2000eabc</run_address>
         <size>0x18</size>
         <input_file_ref idref="fl-10"/>
      </object_component>
      <object_component id="oc-580">
         <name>.text:TimerCC32XX_getCount</name>
         <load_address>0x2000ead4</load_address>
         <run_address>0x2000ead4</run_address>
         <size>0x18</size>
         <input_file_ref idref="fl-12"/>
      </object_component>
      <object_component id="oc-677">
         <name>.text:TimerIntDisable</name>
         <load_address>0x2000eaec</load_address>
         <run_address>0x2000eaec</run_address>
         <size>0x18</size>
         <input_file_ref idref="fl-20"/>
      </object_component>
      <object_component id="oc-65e">
         <name>.text:TimerIntEnable</name>
         <load_address>0x2000eb04</load_address>
         <run_address>0x2000eb04</run_address>
         <size>0x18</size>
         <input_file_ref idref="fl-20"/>
      </object_component>
      <object_component id="oc-46a">
         <name>.text</name>
         <load_address>0x2000eb1c</load_address>
         <run_address>0x2000eb1c</run_address>
         <size>0x18</size>
         <input_file_ref idref="fl-d9"/>
      </object_component>
      <object_component id="oc-256">
         <name>.text:PRCMHIBRegRead</name>
         <load_address>0x2000eb34</load_address>
         <run_address>0x2000eb34</run_address>
         <size>0x16</size>
         <input_file_ref idref="fl-1f"/>
      </object_component>
      <object_component id="oc-250">
         <name>.text:PRCMHIBRegWrite</name>
         <load_address>0x2000eb4a</load_address>
         <run_address>0x2000eb4a</run_address>
         <size>0x16</size>
         <input_file_ref idref="fl-1f"/>
      </object_component>
      <object_component id="oc-370">
         <name>.text:SemaphoreP_create</name>
         <load_address>0x2000eb60</load_address>
         <run_address>0x2000eb60</run_address>
         <size>0x16</size>
         <input_file_ref idref="fl-15"/>
      </object_component>
      <object_component id="oc-a3">
         <name>.text:CPUcpsid</name>
         <load_address>0x2000eb76</load_address>
         <run_address>0x2000eb76</run_address>
         <size>0x14</size>
         <input_file_ref idref="fl-1c"/>
      </object_component>
      <object_component id="oc-67">
         <name>.text:faultISR</name>
         <load_address>0x2000eb8a</load_address>
         <run_address>0x2000eb8a</run_address>
         <size>0x2</size>
         <input_file_ref idref="fl-19"/>
      </object_component>
      <object_component id="oc-3b1">
         <name>.text:HwiP_inISR</name>
         <load_address>0x2000eb8c</load_address>
         <run_address>0x2000eb8c</run_address>
         <size>0x14</size>
         <input_file_ref idref="fl-17"/>
      </object_component>
      <object_component id="oc-af">
         <name>.text:IntVTableBaseSet</name>
         <load_address>0x2000eba0</load_address>
         <run_address>0x2000eba0</run_address>
         <size>0x14</size>
         <input_file_ref idref="fl-1d"/>
      </object_component>
      <object_component id="oc-3b7">
         <name>.text:Power_disablePolicy</name>
         <load_address>0x2000ebb4</load_address>
         <run_address>0x2000ebb4</run_address>
         <size>0x14</size>
         <input_file_ref idref="fl-10"/>
      </object_component>
      <object_component id="oc-5ee">
         <name>.text:Power_getDependencyCount</name>
         <load_address>0x2000ebc8</load_address>
         <run_address>0x2000ebc8</run_address>
         <size>0x14</size>
         <input_file_ref idref="fl-10"/>
      </object_component>
      <object_component id="oc-2d3">
         <name>.text:HwiP_Params_init</name>
         <load_address>0x2000ebdc</load_address>
         <run_address>0x2000ebdc</run_address>
         <size>0x12</size>
         <input_file_ref idref="fl-17"/>
      </object_component>
      <object_component id="oc-6c1">
         <name>.text:TimerIntClear</name>
         <load_address>0x2000ebee</load_address>
         <run_address>0x2000ebee</run_address>
         <size>0x12</size>
         <input_file_ref idref="fl-20"/>
      </object_component>
      <object_component id="oc-11a">
         <name>.text:main</name>
         <load_address>0x2000ec00</load_address>
         <run_address>0x2000ec00</run_address>
         <size>0x12</size>
         <input_file_ref idref="fl-4"/>
      </object_component>
      <object_component id="oc-153">
         <name>.text:Board_init</name>
         <load_address>0x2000ec12</load_address>
         <run_address>0x2000ec12</run_address>
         <size>0x10</size>
         <input_file_ref idref="fl-3"/>
      </object_component>
      <object_component id="oc-382">
         <name>.text:ClockP_add</name>
         <load_address>0x2000ec22</load_address>
         <run_address>0x2000ec22</run_address>
         <size>0x10</size>
         <input_file_ref idref="fl-16"/>
      </object_component>
      <object_component id="oc-61">
         <name>.text:nmiISR</name>
         <load_address>0x2000ec32</load_address>
         <run_address>0x2000ec32</run_address>
         <size>0x2</size>
         <input_file_ref idref="fl-19"/>
      </object_component>
      <object_component id="oc-435">
         <name>.text:ClockP_getCpuFreq</name>
         <load_address>0x2000ec34</load_address>
         <run_address>0x2000ec34</run_address>
         <size>0x10</size>
         <input_file_ref idref="fl-16"/>
      </object_component>
      <object_component id="oc-453">
         <name>.text:ClockP_getSystemTicks</name>
         <load_address>0x2000ec44</load_address>
         <run_address>0x2000ec44</run_address>
         <size>0x10</size>
         <input_file_ref idref="fl-16"/>
      </object_component>
      <object_component id="oc-46f">
         <name>.text:ClockP_setTicks</name>
         <load_address>0x2000ec54</load_address>
         <run_address>0x2000ec54</run_address>
         <size>0x10</size>
         <input_file_ref idref="fl-16"/>
      </object_component>
      <object_component id="oc-622">
         <name>.text:HwiP_delete</name>
         <load_address>0x2000ec64</load_address>
         <run_address>0x2000ec64</run_address>
         <size>0x10</size>
         <input_file_ref idref="fl-17"/>
      </object_component>
      <object_component id="oc-295">
         <name>.text:HwiP_restore</name>
         <load_address>0x2000ec74</load_address>
         <run_address>0x2000ec74</run_address>
         <size>0x10</size>
         <input_file_ref idref="fl-17"/>
      </object_component>
      <object_component id="oc-38e">
         <name>.text:Power_enablePolicy</name>
         <load_address>0x2000ec84</load_address>
         <run_address>0x2000ec84</run_address>
         <size>0x10</size>
         <input_file_ref idref="fl-10"/>
      </object_component>
      <object_component id="oc-36a">
         <name>.text:SemaphoreP_Params_init</name>
         <load_address>0x2000ec94</load_address>
         <run_address>0x2000ec94</run_address>
         <size>0x10</size>
         <input_file_ref idref="fl-15"/>
      </object_component>
      <object_component id="oc-308">
         <name>.text:Timer_Params_init</name>
         <load_address>0x2000eca4</load_address>
         <run_address>0x2000eca4</run_address>
         <size>0x10</size>
         <input_file_ref idref="fl-e"/>
      </object_component>
      <object_component id="oc-61c">
         <name>.text:HwiP_clearInterrupt</name>
         <load_address>0x2000ecb4</load_address>
         <run_address>0x2000ecb4</run_address>
         <size>0xe</size>
         <input_file_ref idref="fl-17"/>
      </object_component>
      <object_component id="oc-28f">
         <name>.text:HwiP_disable</name>
         <load_address>0x2000ecc2</load_address>
         <run_address>0x2000ecc2</run_address>
         <size>0xe</size>
         <input_file_ref idref="fl-17"/>
      </object_component>
      <object_component id="oc-159">
         <name>.text:HwiP_enable</name>
         <load_address>0x2000ecd0</load_address>
         <run_address>0x2000ecd0</run_address>
         <size>0xe</size>
         <input_file_ref idref="fl-17"/>
      </object_component>
      <object_component id="oc-1a">
         <name>.text:decompress:none:__TI_decompress_none</name>
         <load_address>0x2000ecde</load_address>
         <run_address>0x2000ecde</run_address>
         <size>0xe</size>
         <input_file_ref idref="fl-dc"/>
      </object_component>
      <object_component id="oc-441">
         <name>.text:Power_getConstraintMask</name>
         <load_address>0x2000ecec</load_address>
         <run_address>0x2000ecec</run_address>
         <size>0xc</size>
         <input_file_ref idref="fl-10"/>
      </object_component>
      <object_component id="oc-644">
         <name>.text:postNotifyFxn</name>
         <load_address>0x2000ecf8</load_address>
         <run_address>0x2000ecf8</run_address>
         <size>0xc</size>
         <input_file_ref idref="fl-12"/>
      </object_component>
      <object_component id="oc-31a">
         <name>.text:timerCallback</name>
         <load_address>0x2000ed04</load_address>
         <run_address>0x2000ed04</run_address>
         <size>0xc</size>
         <input_file_ref idref="fl-2"/>
      </object_component>
      <object_component id="oc-394">
         <name>.text:ClockP_isActive</name>
         <load_address>0x2000ed10</load_address>
         <run_address>0x2000ed10</run_address>
         <size>0xa</size>
         <input_file_ref idref="fl-16"/>
      </object_component>
      <object_component id="oc-53">
         <name>.text:IntMasterDisable</name>
         <load_address>0x2000ed1a</load_address>
         <run_address>0x2000ed1a</run_address>
         <size>0xa</size>
         <input_file_ref idref="fl-1d"/>
      </object_component>
      <object_component id="oc-314">
         <name>.text:Timer_start</name>
         <load_address>0x2000ed24</load_address>
         <run_address>0x2000ed24</run_address>
         <size>0xa</size>
         <input_file_ref idref="fl-e"/>
      </object_component>
      <object_component id="oc-3d6">
         <name>.text:malloc</name>
         <load_address>0x2000ed2e</load_address>
         <run_address>0x2000ed2e</run_address>
         <size>0x8</size>
         <input_file_ref idref="fl-de"/>
      </object_component>
      <object_component id="oc-57a">
         <name>.text:TimerCC32XX_control</name>
         <load_address>0x2000ed36</load_address>
         <run_address>0x2000ed36</run_address>
         <size>0x6</size>
         <input_file_ref idref="fl-12"/>
      </object_component>
      <object_component id="oc-24f">
         <name>.text:UtilsDelay</name>
         <load_address>0x2000ed3c</load_address>
         <run_address>0x2000ed3c</run_address>
         <size>0x6</size>
         <input_file_ref idref="fl-21"/>
      </object_component>
      <object_component id="oc-54d">
         <name>.text:HwiP_post</name>
         <load_address>0x2000ed42</load_address>
         <run_address>0x2000ed42</run_address>
         <size>0x4</size>
         <input_file_ref idref="fl-17"/>
      </object_component>
      <object_component id="oc-29b">
         <name>.text:SemaphoreP_delete</name>
         <load_address>0x2000ed46</load_address>
         <run_address>0x2000ed46</run_address>
         <size>0x4</size>
         <input_file_ref idref="fl-15"/>
      </object_component>
      <object_component id="oc-114">
         <name>.text:_system_pre_init</name>
         <load_address>0x2000ed4a</load_address>
         <run_address>0x2000ed4a</run_address>
         <size>0x4</size>
         <input_file_ref idref="fl-e3"/>
      </object_component>
      <object_component id="oc-166">
         <name>.text:abort:abort</name>
         <load_address>0x2000ed4e</load_address>
         <run_address>0x2000ed4e</run_address>
         <size>0x4</size>
         <input_file_ref idref="fl-e5"/>
      </object_component>
      <object_component id="oc-50f">
         <name>.text</name>
         <load_address>0x2000ed52</load_address>
         <run_address>0x2000ed52</run_address>
         <size>0x2</size>
         <input_file_ref idref="fl-e0"/>
      </object_component>
      <object_component id="oc-34f">
         <name>.const:g_ulPinToPadMap</name>
         <load_address>0x2000f360</load_address>
         <run_address>0x2000f360</run_address>
         <size>0x100</size>
         <input_file_ref idref="fl-1e"/>
      </object_component>
      <object_component id="oc-348">
         <name>.const:PRCM_PeriphRegsList</name>
         <load_address>0x2000f460</load_address>
         <run_address>0x2000f460</run_address>
         <size>0xa8</size>
         <input_file_ref idref="fl-1f"/>
      </object_component>
      <object_component id="oc-284">
         <name>.const:PowerCC32XX_config</name>
         <load_address>0x2000f508</load_address>
         <run_address>0x2000f508</run_address>
         <size>0x44</size>
         <input_file_ref idref="fl-3"/>
      </object_component>
      <object_component id="oc-2df">
         <name>.const:.string:pinTable</name>
         <load_address>0x2000f54c</load_address>
         <run_address>0x2000f54c</run_address>
         <size>0x21</size>
         <input_file_ref idref="fl-f"/>
      </object_component>
      <object_component id="oc-4db">
         <name>.const:TimerCC32XX_fxnTable</name>
         <load_address>0x2000f570</load_address>
         <run_address>0x2000f570</run_address>
         <size>0x20</size>
         <input_file_ref idref="fl-12"/>
      </object_component>
      <object_component id="oc-10e">
         <name>.const:g_pulEnRegs</name>
         <load_address>0x2000f590</load_address>
         <run_address>0x2000f590</run_address>
         <size>0x18</size>
         <input_file_ref idref="fl-1d"/>
      </object_component>
      <object_component id="oc-694">
         <name>.const:g_pulPendRegs</name>
         <load_address>0x2000f5a8</load_address>
         <run_address>0x2000f5a8</run_address>
         <size>0x18</size>
         <input_file_ref idref="fl-1d"/>
      </object_component>
      <object_component id="oc-2b7">
         <name>.const:GPIOCC32XX_config</name>
         <load_address>0x2000f5c0</load_address>
         <run_address>0x2000f5c0</run_address>
         <size>0x14</size>
         <input_file_ref idref="fl-3"/>
      </object_component>
      <object_component id="oc-2fa">
         <name>.const:gpioBaseAddresses</name>
         <load_address>0x2000f5d4</load_address>
         <run_address>0x2000f5d4</run_address>
         <size>0x14</size>
         <input_file_ref idref="fl-f"/>
      </object_component>
      <object_component id="oc-2e2">
         <name>.const:powerResources</name>
         <load_address>0x2000f5e8</load_address>
         <run_address>0x2000f5e8</run_address>
         <size>0x14</size>
         <input_file_ref idref="fl-f"/>
      </object_component>
      <object_component id="oc-4df">
         <name>.const:timerCC32XXHWAttrs</name>
         <load_address>0x2000f5fc</load_address>
         <run_address>0x2000f5fc</run_address>
         <size>0x10</size>
         <input_file_ref idref="fl-3"/>
      </object_component>
      <object_component id="oc-401">
         <name>.const:Timer_config</name>
         <load_address>0x2000f60c</load_address>
         <run_address>0x2000f60c</run_address>
         <size>0xc</size>
         <input_file_ref idref="fl-3"/>
      </object_component>
      <object_component id="oc-405">
         <name>.const:defaultParams</name>
         <load_address>0x2000f618</load_address>
         <run_address>0x2000f618</run_address>
         <size>0xc</size>
         <input_file_ref idref="fl-e"/>
      </object_component>
      <object_component id="oc-2e8">
         <name>.const:outPinTypes</name>
         <load_address>0x2000f624</load_address>
         <run_address>0x2000f624</run_address>
         <size>0x8</size>
         <input_file_ref idref="fl-f"/>
      </object_component>
      <object_component id="oc-2f7">
         <name>.const:.string:interruptType</name>
         <load_address>0x2000f62c</load_address>
         <run_address>0x2000f62c</run_address>
         <size>0x6</size>
         <input_file_ref idref="fl-f"/>
      </object_component>
      <object_component id="oc-2eb">
         <name>.const:inPinTypes</name>
         <load_address>0x2000f632</load_address>
         <run_address>0x2000f632</run_address>
         <size>0x6</size>
         <input_file_ref idref="fl-f"/>
      </object_component>
      <object_component id="oc-2e5">
         <name>.const:outPinStrengths</name>
         <load_address>0x2000f638</load_address>
         <run_address>0x2000f638</run_address>
         <size>0x6</size>
         <input_file_ref idref="fl-f"/>
      </object_component>
      <object_component id="oc-3fe">
         <name>.const</name>
         <load_address>0x2000f63e</load_address>
         <run_address>0x2000f63e</run_address>
         <size>0x6</size>
         <input_file_ref idref="fl-3"/>
      </object_component>
      <object_component id="oc-2ee">
         <name>.const:.string:portInterruptIds</name>
         <load_address>0x2000f644</load_address>
         <run_address>0x2000f644</run_address>
         <size>0x4</size>
         <input_file_ref idref="fl-f"/>
      </object_component>
      <object_component id="oc-70c">
         <name>.cinit..data.load</name>
         <load_address>0x2000f808</load_address>
         <run_address>0x2000f808</run_address>
         <size>0xe8</size>
      </object_component>
      <object_component id="oc-70a">
         <name>__TI_handler_table</name>
         <load_address>0x2000f8f0</load_address>
         <run_address>0x2000f8f0</run_address>
         <size>0xc</size>
      </object_component>
      <object_component id="oc-70d">
         <name>.cinit..bss.load</name>
         <load_address>0x2000f900</load_address>
         <run_address>0x2000f900</run_address>
         <size>0x8</size>
      </object_component>
      <object_component id="oc-70b">
         <name>__TI_cinit_table</name>
         <load_address>0x2000f908</load_address>
         <run_address>0x2000f908</run_address>
         <size>0x10</size>
      </object_component>
      <object_component id="oc-4ec">
         <name>.data</name>
         <load_address>0x2000f351</load_address>
         <run_address>0x2000f351</run_address>
         <size>0x4</size>
         <input_file_ref idref="fl-2"/>
      </object_component>
      <object_component id="oc-5ab">
         <name>.data:S</name>
         <load_address>0x2000f358</load_address>
         <run_address>0x2000f358</run_address>
         <size>0x3</size>
         <input_file_ref idref="fl-2"/>
      </object_component>
      <object_component id="oc-5ae">
         <name>.data:O</name>
         <load_address>0x2000f355</load_address>
         <run_address>0x2000f355</run_address>
         <size>0x3</size>
         <input_file_ref idref="fl-2"/>
      </object_component>
      <object_component id="oc-5b3">
         <name>.data:K</name>
         <load_address>0x2000f329</load_address>
         <run_address>0x2000f329</run_address>
         <size>0x3</size>
         <input_file_ref idref="fl-2"/>
      </object_component>
      <object_component id="oc-4f0">
         <name>.data:SOS</name>
         <load_address>0x2000f2c4</load_address>
         <run_address>0x2000f2c4</run_address>
         <size>0x24</size>
         <input_file_ref idref="fl-2"/>
      </object_component>
      <object_component id="oc-4f3">
         <name>.data:OK</name>
         <load_address>0x2000f2e8</load_address>
         <run_address>0x2000f2e8</run_address>
         <size>0x18</size>
         <input_file_ref idref="fl-2"/>
      </object_component>
      <object_component id="oc-3c0">
         <name>.data:gpioPinConfigs</name>
         <load_address>0x2000f310</load_address>
         <run_address>0x2000f310</run_address>
         <size>0x10</size>
         <input_file_ref idref="fl-3"/>
      </object_component>
      <object_component id="oc-3c3">
         <name>.data:gpioCallbackFunctions</name>
         <load_address>0x2000f300</load_address>
         <run_address>0x2000f300</run_address>
         <size>0x10</size>
         <input_file_ref idref="fl-3"/>
      </object_component>
      <object_component id="oc-365">
         <name>.data:parkInfo</name>
         <load_address>0x2000f1cc</load_address>
         <run_address>0x2000f1cc</run_address>
         <size>0xf8</size>
         <input_file_ref idref="fl-3"/>
      </object_component>
      <object_component id="oc-3fb">
         <name>.data</name>
         <load_address>0x2000f35e</load_address>
         <run_address>0x2000f35e</run_address>
         <size>0x1</size>
         <input_file_ref idref="fl-e"/>
      </object_component>
      <object_component id="oc-2b4">
         <name>.data</name>
         <load_address>0x2000f320</load_address>
         <run_address>0x2000f320</run_address>
         <size>0x9</size>
         <input_file_ref idref="fl-f"/>
      </object_component>
      <object_component id="oc-281">
         <name>.data:PowerCC32XX_module</name>
         <load_address>0x2000f060</load_address>
         <run_address>0x2000f060</run_address>
         <size>0x16c</size>
         <input_file_ref idref="fl-10"/>
      </object_component>
      <object_component id="oc-3a6">
         <name>.data</name>
         <load_address>0x2000f35b</load_address>
         <run_address>0x2000f35b</run_address>
         <size>0x3</size>
         <input_file_ref idref="fl-15"/>
      </object_component>
      <object_component id="oc-481">
         <name>.data:SemaphoreP_defaultParams</name>
         <load_address>0x2000f33c</load_address>
         <run_address>0x2000f33c</run_address>
         <size>0x8</size>
         <input_file_ref idref="fl-15"/>
      </object_component>
      <object_component id="oc-47b">
         <name>.data</name>
         <load_address>0x2000f34c</load_address>
         <run_address>0x2000f34c</run_address>
         <size>0x5</size>
         <input_file_ref idref="fl-16"/>
      </object_component>
      <object_component id="oc-4ca">
         <name>.data:HwiP_dispatchTable</name>
         <load_address>0x2000ed54</load_address>
         <run_address>0x2000ed54</run_address>
         <size>0x30c</size>
         <input_file_ref idref="fl-17"/>
      </object_component>
      <object_component id="oc-4d3">
         <name>.data</name>
         <load_address>0x2000f344</load_address>
         <run_address>0x2000f344</run_address>
         <size>0x8</size>
         <input_file_ref idref="fl-17"/>
      </object_component>
      <object_component id="oc-560">
         <name>.data:$O1$$</name>
         <load_address>0x2000f334</load_address>
         <run_address>0x2000f334</run_address>
         <size>0x8</size>
         <input_file_ref idref="fl-de"/>
      </object_component>
      <object_component id="oc-209">
         <name>.data:$O1$$</name>
         <load_address>0x2000f32c</load_address>
         <run_address>0x2000f32c</run_address>
         <size>0x8</size>
         <input_file_ref idref="fl-e6"/>
      </object_component>
      <object_component id="oc-2c3">
         <name>.bss:gpioCallbackInfo</name>
         <uninitialized>true</uninitialized>
         <run_address>0x2000f7a8</run_address>
         <size>0x20</size>
         <input_file_ref idref="fl-f"/>
      </object_component>
      <object_component id="oc-2ba">
         <name>.bss:powerNotifyObj</name>
         <uninitialized>true</uninitialized>
         <run_address>0x2000f7c8</run_address>
         <size>0x14</size>
         <input_file_ref idref="fl-f"/>
      </object_component>
      <object_component id="oc-2b3">
         <name>.bss</name>
         <uninitialized>true</uninitialized>
         <run_address>0x2000f7dc</run_address>
         <size>0x4</size>
         <input_file_ref idref="fl-f"/>
      </object_component>
      <object_component id="oc-6b3">
         <name>.bss:timerState</name>
         <uninitialized>true</uninitialized>
         <run_address>0x2000f804</run_address>
         <size>0x4</size>
         <input_file_ref idref="fl-12"/>
      </object_component>
      <object_component id="oc-5ca">
         <name>.bss</name>
         <uninitialized>true</uninitialized>
         <run_address>0x2000f800</run_address>
         <size>0x4</size>
         <input_file_ref idref="fl-16"/>
      </object_component>
      <object_component id="oc-4fa">
         <name>.bss</name>
         <uninitialized>true</uninitialized>
         <run_address>0x2000f7f0</run_address>
         <size>0xd</size>
         <input_file_ref idref="fl-1a"/>
      </object_component>
      <object_component id="oc-4ef">
         <name>.common:SM_State</name>
         <uninitialized>true</uninitialized>
         <run_address>0x2000f7fe</run_address>
         <size>0x1</size>
      </object_component>
      <object_component id="oc-321">
         <name>.common:SM_Mode</name>
         <uninitialized>true</uninitialized>
         <run_address>0x2000f7fd</run_address>
         <size>0x1</size>
      </object_component>
      <object_component id="oc-4de">
         <name>.common:timerCC32XXObjects</name>
         <uninitialized>true</uninitialized>
         <run_address>0x2000f774</run_address>
         <size>0x34</size>
      </object_component>
      <object_component id="oc-5df">
         <name>.common:PowerCC32XX_contextSave</name>
         <uninitialized>true</uninitialized>
         <run_address>0x2000f648</run_address>
         <size>0x12c</size>
      </object_component>
      <object_component id="oc-e1">
         <name>.common:ClockP_ctrl</name>
         <uninitialized>true</uninitialized>
         <run_address>0x2000f7e0</run_address>
         <size>0x10</size>
      </object_component>
      <object_component id="oc-2a">
         <name>.sysmem</name>
         <uninitialized>true</uninitialized>
         <run_address>0x20004040</run_address>
         <size>0x10</size>
         <input_file_ref idref="fl-de"/>
      </object_component>
      <object_component id="oc-710">
         <name>.sysmem</name>
         <uninitialized>true</uninitialized>
         <run_address>0x20004040</run_address>
         <size>0x0</size>
      </object_component>
      <object_component id="oc-2d">
         <name>.stack</name>
         <uninitialized>true</uninitialized>
         <run_address>0x20003000</run_address>
         <size>0x4</size>
         <input_file_ref idref="fl-df"/>
      </object_component>
      <object_component id="oc-70f">
         <name>.stack</name>
         <uninitialized>true</uninitialized>
         <run_address>0x20003000</run_address>
         <size>0x0</size>
      </object_component>
      <object_component id="oc-27">
         <name>.resetVecs:retain</name>
         <load_address>0x20004000</load_address>
         <run_address>0x20004000</run_address>
         <size>0x40</size>
         <input_file_ref idref="fl-19"/>
      </object_component>
      <object_component id="oc-bb">
         <name>.ramVecs</name>
         <uninitialized>true</uninitialized>
         <run_address>0x20000000</run_address>
         <size>0x30c</size>
         <input_file_ref idref="fl-19"/>
      </object_component>
      <object_component id="oc-14d">
         <name>.debug_info</name>
         <load_address>0x0</load_address>
         <run_address>0x0</run_address>
         <size>0x492</size>
         <input_file_ref idref="fl-2"/>
      </object_component>
      <object_component id="oc-4ed">
         <name>.debug_info</name>
         <load_address>0x492</load_address>
         <run_address>0x492</run_address>
         <size>0x144</size>
         <input_file_ref idref="fl-2"/>
      </object_component>
      <object_component id="oc-5ac">
         <name>.debug_info</name>
         <load_address>0x5d6</load_address>
         <run_address>0x5d6</run_address>
         <size>0xf3</size>
         <input_file_ref idref="fl-2"/>
      </object_component>
      <object_component id="oc-5af">
         <name>.debug_info</name>
         <load_address>0x6c9</load_address>
         <run_address>0x6c9</run_address>
         <size>0xf3</size>
         <input_file_ref idref="fl-2"/>
      </object_component>
      <object_component id="oc-5b4">
         <name>.debug_info</name>
         <load_address>0x7bc</load_address>
         <run_address>0x7bc</run_address>
         <size>0xf3</size>
         <input_file_ref idref="fl-2"/>
      </object_component>
      <object_component id="oc-4f1">
         <name>.debug_info</name>
         <load_address>0x8af</load_address>
         <run_address>0x8af</run_address>
         <size>0xf7</size>
         <input_file_ref idref="fl-2"/>
      </object_component>
      <object_component id="oc-4f4">
         <name>.debug_info</name>
         <load_address>0x9a6</load_address>
         <run_address>0x9a6</run_address>
         <size>0xf5</size>
         <input_file_ref idref="fl-2"/>
      </object_component>
      <object_component id="oc-1f9">
         <name>.debug_info</name>
         <load_address>0xa9b</load_address>
         <run_address>0xa9b</run_address>
         <size>0x170</size>
         <input_file_ref idref="fl-2"/>
      </object_component>
      <object_component id="oc-1ff">
         <name>.debug_info</name>
         <load_address>0xc0b</load_address>
         <run_address>0xc0b</run_address>
         <size>0x170</size>
         <input_file_ref idref="fl-2"/>
      </object_component>
      <object_component id="oc-4e7">
         <name>.debug_info</name>
         <load_address>0xd7b</load_address>
         <run_address>0xd7b</run_address>
         <size>0x200</size>
         <input_file_ref idref="fl-2"/>
      </object_component>
      <object_component id="oc-40c">
         <name>.debug_info</name>
         <load_address>0xf7b</load_address>
         <run_address>0xf7b</run_address>
         <size>0x183</size>
         <input_file_ref idref="fl-2"/>
      </object_component>
      <object_component id="oc-31b">
         <name>.debug_info</name>
         <load_address>0x10fe</load_address>
         <run_address>0x10fe</run_address>
         <size>0x1b3</size>
         <input_file_ref idref="fl-2"/>
      </object_component>
      <object_component id="oc-1f3">
         <name>.debug_info</name>
         <load_address>0x12b1</load_address>
         <run_address>0x12b1</run_address>
         <size>0x1b7</size>
         <input_file_ref idref="fl-2"/>
      </object_component>
      <object_component id="oc-160">
         <name>.debug_info</name>
         <load_address>0x1468</load_address>
         <run_address>0x1468</run_address>
         <size>0x246</size>
         <input_file_ref idref="fl-2"/>
      </object_component>
      <object_component id="oc-1aa">
         <name>.debug_info</name>
         <load_address>0x16ae</load_address>
         <run_address>0x16ae</run_address>
         <size>0x2a9</size>
         <input_file_ref idref="fl-2"/>
      </object_component>
      <object_component id="oc-e7">
         <name>.debug_info</name>
         <load_address>0x1957</load_address>
         <run_address>0x1957</run_address>
         <size>0x26b</size>
         <input_file_ref idref="fl-2"/>
      </object_component>
      <object_component id="oc-1af">
         <name>.debug_info</name>
         <load_address>0x1bc2</load_address>
         <run_address>0x1bc2</run_address>
         <size>0xb5</size>
         <input_file_ref idref="fl-2"/>
      </object_component>
      <object_component id="oc-36">
         <name>.debug_info</name>
         <load_address>0x1c77</load_address>
         <run_address>0x1c77</run_address>
         <size>0x84</size>
         <input_file_ref idref="fl-2"/>
      </object_component>
      <object_component id="oc-1b9">
         <name>.debug_info</name>
         <load_address>0x1cfb</load_address>
         <run_address>0x1cfb</run_address>
         <size>0x3b</size>
         <input_file_ref idref="fl-2"/>
      </object_component>
      <object_component id="oc-148">
         <name>.debug_info</name>
         <load_address>0x1d36</load_address>
         <run_address>0x1d36</run_address>
         <size>0x2a4</size>
         <input_file_ref idref="fl-2"/>
      </object_component>
      <object_component id="oc-1b4">
         <name>.debug_info</name>
         <load_address>0x1fda</load_address>
         <run_address>0x1fda</run_address>
         <size>0xef</size>
         <input_file_ref idref="fl-2"/>
      </object_component>
      <object_component id="oc-12f">
         <name>.debug_info</name>
         <load_address>0x20c9</load_address>
         <run_address>0x20c9</run_address>
         <size>0xbb</size>
         <input_file_ref idref="fl-2"/>
      </object_component>
      <object_component id="oc-60d">
         <name>.debug_info</name>
         <load_address>0x2184</load_address>
         <run_address>0x2184</run_address>
         <size>0x53</size>
         <input_file_ref idref="fl-2"/>
      </object_component>
      <object_component id="oc-1a4">
         <name>.debug_info</name>
         <load_address>0x21d7</load_address>
         <run_address>0x21d7</run_address>
         <size>0x4bc</size>
         <input_file_ref idref="fl-3"/>
      </object_component>
      <object_component id="oc-3c1">
         <name>.debug_info</name>
         <load_address>0x2693</load_address>
         <run_address>0x2693</run_address>
         <size>0x115</size>
         <input_file_ref idref="fl-3"/>
      </object_component>
      <object_component id="oc-3c4">
         <name>.debug_info</name>
         <load_address>0x27a8</load_address>
         <run_address>0x27a8</run_address>
         <size>0x123</size>
         <input_file_ref idref="fl-3"/>
      </object_component>
      <object_component id="oc-3ff">
         <name>.debug_info</name>
         <load_address>0x28cb</load_address>
         <run_address>0x28cb</run_address>
         <size>0x250</size>
         <input_file_ref idref="fl-3"/>
      </object_component>
      <object_component id="oc-2b8">
         <name>.debug_info</name>
         <load_address>0x2b1b</load_address>
         <run_address>0x2b1b</run_address>
         <size>0x11b</size>
         <input_file_ref idref="fl-3"/>
      </object_component>
      <object_component id="oc-285">
         <name>.debug_info</name>
         <load_address>0x2c36</load_address>
         <run_address>0x2c36</run_address>
         <size>0x11d</size>
         <input_file_ref idref="fl-3"/>
      </object_component>
      <object_component id="oc-4e0">
         <name>.debug_info</name>
         <load_address>0x2d53</load_address>
         <run_address>0x2d53</run_address>
         <size>0x11d</size>
         <input_file_ref idref="fl-3"/>
      </object_component>
      <object_component id="oc-402">
         <name>.debug_info</name>
         <load_address>0x2e70</load_address>
         <run_address>0x2e70</run_address>
         <size>0x111</size>
         <input_file_ref idref="fl-3"/>
      </object_component>
      <object_component id="oc-366">
         <name>.debug_info</name>
         <load_address>0x2f81</load_address>
         <run_address>0x2f81</run_address>
         <size>0x109</size>
         <input_file_ref idref="fl-3"/>
      </object_component>
      <object_component id="oc-1cd">
         <name>.debug_info</name>
         <load_address>0x308a</load_address>
         <run_address>0x308a</run_address>
         <size>0x161</size>
         <input_file_ref idref="fl-3"/>
      </object_component>
      <object_component id="oc-154">
         <name>.debug_info</name>
         <load_address>0x31eb</load_address>
         <run_address>0x31eb</run_address>
         <size>0x197</size>
         <input_file_ref idref="fl-3"/>
      </object_component>
      <object_component id="oc-231">
         <name>.debug_info</name>
         <load_address>0x3382</load_address>
         <run_address>0x3382</run_address>
         <size>0x183</size>
         <input_file_ref idref="fl-3"/>
      </object_component>
      <object_component id="oc-134">
         <name>.debug_info</name>
         <load_address>0x3505</load_address>
         <run_address>0x3505</run_address>
         <size>0x100</size>
         <input_file_ref idref="fl-3"/>
      </object_component>
      <object_component id="oc-22c">
         <name>.debug_info</name>
         <load_address>0x3605</load_address>
         <run_address>0x3605</run_address>
         <size>0x878</size>
         <input_file_ref idref="fl-3"/>
      </object_component>
      <object_component id="oc-244">
         <name>.debug_info</name>
         <load_address>0x3e7d</load_address>
         <run_address>0x3e7d</run_address>
         <size>0xf8</size>
         <input_file_ref idref="fl-3"/>
      </object_component>
      <object_component id="oc-227">
         <name>.debug_info</name>
         <load_address>0x3f75</load_address>
         <run_address>0x3f75</run_address>
         <size>0x9a</size>
         <input_file_ref idref="fl-3"/>
      </object_component>
      <object_component id="oc-23f">
         <name>.debug_info</name>
         <load_address>0x400f</load_address>
         <run_address>0x400f</run_address>
         <size>0xb6</size>
         <input_file_ref idref="fl-3"/>
      </object_component>
      <object_component id="oc-236">
         <name>.debug_info</name>
         <load_address>0x40c5</load_address>
         <run_address>0x40c5</run_address>
         <size>0xa1</size>
[...]
         <object_component_ref idref="oc-2cd"/>
      </symbol>
      <symbol id="sm-446">
         <name>PowerCC32XX_enterLPDS</name>
         <value>0x2000e239</value>
         <object_component_ref idref="oc-527"/>
      </symbol>
      <symbol id="sm-447">
         <name>PowerCC32XX_resumeLPDS</name>
         <value>0x2000dd7f</value>
         <object_component_ref idref="oc-5e1"/>
      </symbol>
      <symbol id="sm-513">
         <name>TimerCC32XX_open</name>
         <value>0x2000ca6d</value>
         <object_component_ref idref="oc-58c"/>
      </symbol>
      <symbol id="sm-514">
         <name>TimerCC32XX_init</name>
         <value>0x2000e1af</value>
         <object_component_ref idref="oc-586"/>
      </symbol>
      <symbol id="sm-515">
         <name>TimerCC32XX_fxnTable</name>
         <value>0x2000f570</value>
         <object_component_ref idref="oc-4db"/>
      </symbol>
      <symbol id="sm-516">
         <name>TimerCC32XX_setPeriod</name>
         <value>0x2000d66d</value>
         <object_component_ref idref="oc-592"/>
      </symbol>
      <symbol id="sm-517">
         <name>TimerCC32XX_start</name>
         <value>0x2000d8f5</value>
         <object_component_ref idref="oc-598"/>
      </symbol>
      <symbol id="sm-518">
         <name>TimerCC32XX_freeTimerResource</name>
         <value>0x2000e6e5</value>
         <object_component_ref idref="oc-628"/>
      </symbol>
      <symbol id="sm-519">
         <name>TimerCC32XX_control</name>
         <value>0x2000ed37</value>
         <object_component_ref idref="oc-57a"/>
      </symbol>
      <symbol id="sm-51a">
         <name>TimerCC32XX_stop</name>
         <value>0x2000dd29</value>
         <object_component_ref idref="oc-59e"/>
      </symbol>
      <symbol id="sm-51b">
         <name>TimerCC32XX_close</name>
         <value>0x2000e485</value>
         <object_component_ref idref="oc-574"/>
      </symbol>
      <symbol id="sm-51c">
         <name>TimerCC32XX_allocateTimerResource</name>
         <value>0x2000dec5</value>
         <object_component_ref idref="oc-632"/>
      </symbol>
      <symbol id="sm-51d">
         <name>TimerCC32XX_getCount</name>
         <value>0x2000ead5</value>
         <object_component_ref idref="oc-580"/>
      </symbol>
      <symbol id="sm-535">
         <name>List_remove</name>
         <value>0x2000e8cb</value>
         <object_component_ref idref="oc-698"/>
      </symbol>
      <symbol id="sm-536">
         <name>List_put</name>
         <value>0x2000e8a5</value>
         <object_component_ref idref="oc-3aa"/>
      </symbol>
      <symbol id="sm-5b1">
         <name>SemaphoreP_defaultParams</name>
         <value>0x2000f33c</value>
         <object_component_ref idref="oc-481"/>
      </symbol>
      <symbol id="sm-5b2">
         <name>SemaphoreP_construct</name>
         <value>0x2000de75</value>
         <object_component_ref idref="oc-485"/>
      </symbol>
      <symbol id="sm-5b3">
         <name>SemaphoreP_create</name>
         <value>0x2000eb61</value>
         <object_component_ref idref="oc-370"/>
      </symbol>
      <symbol id="sm-5b4">
         <name>SemaphoreP_post</name>
         <value>0x2000e27d</value>
         <object_component_ref idref="oc-2ad"/>
      </symbol>
      <symbol id="sm-5b5">
         <name>SemaphoreP_pend</name>
         <value>0x2000d1d5</value>
         <object_component_ref idref="oc-2a1"/>
      </symbol>
      <symbol id="sm-5b6">
         <name>SemaphoreP_delete</name>
         <value>0x2000ed47</value>
         <object_component_ref idref="oc-29b"/>
      </symbol>
      <symbol id="sm-5b7">
         <name>SemaphoreP_createBinary</name>
         <value>0x2000ea6d</value>
         <object_component_ref idref="oc-289"/>
      </symbol>
      <symbol id="sm-5b8">
         <name>SemaphoreP_Params_init</name>
         <value>0x2000ec95</value>
         <object_component_ref idref="oc-36a"/>
      </symbol>
      <symbol id="sm-5b9">
         <name>clkFxn</name>
         <value>0x2000ea87</value>
         <object_component_ref idref="oc-3a0"/>
      </symbol>
      <symbol id="sm-674">
         <name>ClockP_ctrl</name>
         <value>0x2000f7e0</value>
      </symbol>
      <symbol id="sm-675">
         <name>ClockP_doTick</name>
         <value>0x2000de25</value>
         <object_component_ref idref="oc-79"/>
      </symbol>
      <symbol id="sm-676">
         <name>ClockP_startup</name>
         <value>0x2000e67d</value>
         <object_component_ref idref="oc-506"/>
      </symbol>
      <symbol id="sm-677">
         <name>ClockP_stop</name>
         <value>0x2000e1b1</value>
         <object_component_ref idref="oc-4ad"/>
      </symbol>
      <symbol id="sm-678">
         <name>ClockP_getTicksUntilInterrupt</name>
         <value>0x2000e649</value>
         <object_component_ref idref="oc-447"/>
      </symbol>
      <symbol id="sm-679">
         <name>ClockP_setTicks</name>
         <value>0x2000ec55</value>
         <object_component_ref idref="oc-46f"/>
      </symbol>
      <symbol id="sm-67a">
         <name>ClockP_tickPeriod</name>
         <value>0x2000f34c</value>
         <object_component_ref idref="oc-47b"/>
      </symbol>
      <symbol id="sm-67b">
         <name>ClockP_getSystemTicks</name>
         <value>0x2000ec45</value>
         <object_component_ref idref="oc-453"/>
      </symbol>
      <symbol id="sm-67c">
         <name>ClockP_destruct</name>
         <value>0x2000e40d</value>
         <object_component_ref idref="oc-39a"/>
      </symbol>
      <symbol id="sm-67d">
         <name>ClockP_start</name>
         <value>0x2000e74d</value>
         <object_component_ref idref="oc-388"/>
      </symbol>
      <symbol id="sm-67e">
         <name>ClockP_sysTickHandler</name>
         <value>0x2000de25</value>
         <object_component_ref idref="oc-79"/>
      </symbol>
      <symbol id="sm-67f">
         <name>ClockP_isActive</name>
         <value>0x2000ed11</value>
         <object_component_ref idref="oc-394"/>
      </symbol>
      <symbol id="sm-680">
         <name>ClockP_getCpuFreq</name>
         <value>0x2000ec35</value>
         <object_component_ref idref="oc-435"/>
      </symbol>
      <symbol id="sm-681">
         <name>ClockP_add</name>
         <value>0x2000ec23</value>
         <object_component_ref idref="oc-382"/>
      </symbol>
      <symbol id="sm-70a">
         <name>HwiP_delete</name>
         <value>0x2000ec65</value>
         <object_component_ref idref="oc-622"/>
      </symbol>
      <symbol id="sm-70b">
         <name>HwiP_construct</name>
         <value>0x2000d4d1</value>
         <object_component_ref idref="oc-3dc"/>
      </symbol>
      <symbol id="sm-70c">
         <name>HwiP_inISR</name>
         <value>0x2000eb8d</value>
         <object_component_ref idref="oc-3b1"/>
      </symbol>
      <symbol id="sm-70d">
         <name>HwiP_dispatch</name>
         <value>0x2000e8f1</value>
         <object_component_ref idref="oc-4cd"/>
      </symbol>
      <symbol id="sm-70e">
         <name>HwiP_destruct</name>
         <value>0x2000e981</value>
         <object_component_ref idref="oc-6a0"/>
      </symbol>
      <symbol id="sm-70f">
         <name>HwiP_clearInterrupt</name>
         <value>0x2000ecb5</value>
         <object_component_ref idref="oc-61c"/>
      </symbol>
      <symbol id="sm-710">
         <name>HwiP_swiPIntNum</name>
         <value>0x2000f348</value>
         <object_component_ref idref="oc-4d3"/>
      </symbol>
      <symbol id="sm-711">
         <name>HwiP_Params_init</name>
         <value>0x2000ebdd</value>
         <object_component_ref idref="oc-2d3"/>
      </symbol>
      <symbol id="sm-712">
         <name>HwiP_disable</name>
         <value>0x2000ecc3</value>
         <object_component_ref idref="oc-28f"/>
      </symbol>
      <symbol id="sm-713">
         <name>HwiP_key</name>
         <value>0x2000f344</value>
         <object_component_ref idref="oc-4d3"/>
      </symbol>
      <symbol id="sm-714">
         <name>HwiP_create</name>
         <value>0x2000e7ad</value>
         <object_component_ref idref="oc-2d9"/>
      </symbol>
      <symbol id="sm-715">
         <name>HwiP_post</name>
         <value>0x2000ed43</value>
         <object_component_ref idref="oc-54d"/>
      </symbol>
      <symbol id="sm-716">
         <name>HwiP_enable</name>
         <value>0x2000ecd1</value>
         <object_component_ref idref="oc-159"/>
      </symbol>
      <symbol id="sm-717">
         <name>HwiP_restore</name>
         <value>0x2000ec75</value>
         <object_component_ref idref="oc-295"/>
      </symbol>
      <symbol id="sm-747">
         <name>PowerCC32XX_initPolicy</name>
         <value>0x2000de23</value>
         <object_component_ref idref="oc-359"/>
      </symbol>
      <symbol id="sm-748">
         <name>PowerCC32XX_sleepPolicy</name>
         <value>0x2000c651</value>
         <object_component_ref idref="oc-35f"/>
      </symbol>
      <symbol id="sm-79d">
         <name>resetISR</name>
         <value>0x2000ea89</value>
         <object_component_ref idref="oc-21"/>
      </symbol>
      <symbol id="sm-79e">
         <name>resetVectorAddr</name>
         <value>0x2000ea9c</value>
         <object_component_ref idref="oc-21"/>
      </symbol>
      <symbol id="sm-79f">
         <name>initVectors</name>
         <value>0x2000e5a1</value>
         <object_component_ref idref="oc-59"/>
      </symbol>
      <symbol id="sm-7a0">
         <name>resetVectors</name>
         <value>0x20004000</value>
         <object_component_ref idref="oc-27"/>
      </symbol>
      <symbol id="sm-7d0">
         <name>SwiP_disable</name>
         <value>0x2000ea19</value>
         <object_component_ref idref="oc-43b"/>
      </symbol>
      <symbol id="sm-7d1">
         <name>SwiP_restore</name>
         <value>0x2000e2c1</value>
         <object_component_ref idref="oc-475"/>
      </symbol>
      <symbol id="sm-7dc">
         <name>CPUcpsid</name>
         <value>0x2000eb77</value>
         <object_component_ref idref="oc-a3"/>
      </symbol>
      <symbol id="sm-821">
         <name>IntVTableBaseSet</name>
         <value>0x2000eba1</value>
         <object_component_ref idref="oc-af"/>
      </symbol>
      <symbol id="sm-822">
         <name>IntEnable</name>
         <value>0x2000d085</value>
         <object_component_ref idref="oc-b5"/>
      </symbol>
      <symbol id="sm-823">
         <name>IntMasterDisable</name>
         <value>0x2000ed1b</value>
         <object_component_ref idref="oc-53"/>
      </symbol>
      <symbol id="sm-824">
         <name>IntPendSet</name>
         <value>0x2000d55d</value>
         <object_component_ref idref="oc-604"/>
      </symbol>
      <symbol id="sm-85e">
         <name>PinModeGet</name>
         <value>0x2000e6b1</value>
         <object_component_ref idref="oc-26e"/>
      </symbol>
      <symbol id="sm-85f">
         <name>PinConfigSet</name>
         <value>0x2000d5e5</value>
         <object_component_ref idref="oc-2c7"/>
      </symbol>
      <symbol id="sm-860">
         <name>PinModeSet</name>
         <value>0x2000e38d</value>
         <object_component_ref idref="oc-274"/>
      </symbol>
      <symbol id="sm-861">
         <name>PinToPadGet</name>
         <value>0x2000e9fd</value>
         <object_component_ref idref="oc-5d2"/>
      </symbol>
      <symbol id="sm-92a">
         <name>PRCMLPDSRestoreInfoSet</name>
         <value>0x2000e1f5</value>
         <object_component_ref idref="oc-5e6"/>
      </symbol>
      <symbol id="sm-92b">
         <name>PRCMPeripheralReset</name>
         <value>0x2000dc79</value>
         <object_component_ref idref="oc-262"/>
      </symbol>
      <symbol id="sm-92c">
         <name>PRCMLPDSEnter</name>
         <value>0x2000e091</value>
         <object_component_ref idref="oc-53e"/>
      </symbol>
      <symbol id="sm-92d">
         <name>PRCMPeripheralClkEnable</name>
         <value>0x2000e0d9</value>
         <object_component_ref idref="oc-25c"/>
      </symbol>
      <symbol id="sm-92e">
         <name>PRCMLPDSEnterKeepDebugIf</name>
         <value>0x2000e4f9</value>
         <object_component_ref idref="oc-544"/>
      </symbol>
      <symbol id="sm-92f">
         <name>PRCMCC3200MCUInit</name>
         <value>0x2000c041</value>
         <object_component_ref idref="oc-1c0"/>
      </symbol>
      <symbol id="sm-930">
         <name>PRCMHIBRegWrite</name>
         <value>0x2000eb4b</value>
         <object_component_ref idref="oc-250"/>
      </symbol>
      <symbol id="sm-931">
         <name>PRCMSysResetCauseGet</name>
         <value>0x2000daa9</value>
         <object_component_ref idref="oc-249"/>
      </symbol>
      <symbol id="sm-932">
         <name>PRCMPeripheralClkDisable</name>
         <value>0x2000e82d</value>
         <object_component_ref idref="oc-268"/>
      </symbol>
      <symbol id="sm-933">
         <name>PRCMHIBRegRead</name>
         <value>0x2000eb35</value>
         <object_component_ref idref="oc-256"/>
      </symbol>
      <symbol id="sm-97b">
         <name>TimerLoadSet</name>
         <value>0x2000e7d7</value>
         <object_component_ref idref="oc-657"/>
      </symbol>
      <symbol id="sm-97c">
         <name>TimerDisable</name>
         <value>0x2000e9c1</value>
         <object_component_ref idref="oc-671"/>
      </symbol>
      <symbol id="sm-97d">
         <name>TimerEnable</name>
         <value>0x2000e9df</value>
         <object_component_ref idref="oc-66a"/>
      </symbol>
      <symbol id="sm-97e">
         <name>TimerIntDisable</name>
         <value>0x2000eaed</value>
         <object_component_ref idref="oc-677"/>
      </symbol>
      <symbol id="sm-97f">
         <name>TimerPrescaleSet</name>
         <value>0x2000e801</value>
         <object_component_ref idref="oc-651"/>
      </symbol>
      <symbol id="sm-980">
         <name>TimerControlStall</name>
         <value>0x2000e611</value>
         <object_component_ref idref="oc-6b9"/>
      </symbol>
      <symbol id="sm-981">
         <name>TimerIntEnable</name>
         <value>0x2000eb05</value>
         <object_component_ref idref="oc-65e"/>
      </symbol>
      <symbol id="sm-982">
         <name>TimerIntClear</name>
         <value>0x2000ebef</value>
         <object_component_ref idref="oc-6c1"/>
      </symbol>
      <symbol id="sm-986">
         <name>UtilsDelay</name>
         <value>0x2000ed3d</value>
         <object_component_ref idref="oc-24f"/>
      </symbol>
      <symbol id="sm-996">
         <name>FlashDisable</name>
         <value>0x2000e049</value>
         <object_component_ref idref="oc-5fc"/>
      </symbol>
      <symbol id="sm-9a3">
         <name>__aeabi_uldivmod</name>
         <value>0x2000d3a9</value>
         <object_component_ref idref="oc-45f"/>
      </symbol>
      <symbol id="sm-9ac">
         <name>__aeabi_lmul</name>
         <value>0x2000eb1d</value>
         <object_component_ref idref="oc-46a"/>
      </symbol>
      <symbol id="sm-9c7">
         <name>memcpy</name>
         <value>0x2000d275</value>
         <object_component_ref idref="oc-3b"/>
      </symbol>
      <symbol id="sm-9c8">
         <name>__aeabi_memcpy</name>
         <value>0x2000d275</value>
         <object_component_ref idref="oc-3b"/>
      </symbol>
      <symbol id="sm-9c9">
         <name>__aeabi_memcpy8</name>
         <value>0x2000d275</value>
         <object_component_ref idref="oc-3b"/>
      </symbol>
      <symbol id="sm-9ca">
         <name>__aeabi_memcpy4</name>
         <value>0x2000d275</value>
         <object_component_ref idref="oc-3b"/>
      </symbol>
      <symbol id="sm-9de">
         <name>__TI_zero_init_nomemset</name>
         <value>0x2000ea35</value>
         <object_component_ref idref="oc-47"/>
      </symbol>
      <symbol id="sm-9f5">
         <name>__TI_decompress_none</name>
         <value>0x2000ecdf</value>
         <object_component_ref idref="oc-1a"/>
      </symbol>
      <symbol id="sm-a18">
         <name>__TI_decompress_lzss</name>
         <value>0x2000d9dd</value>
         <object_component_ref idref="oc-14"/>
      </symbol>
      <symbol id="sm-aa1">
         <name>_sys_memory</name>
         <value>0x20004040</value>
         <object_component_ref idref="oc-2a"/>
      </symbol>
      <symbol id="sm-aa2">
         <name>free</name>
         <value>0x2000cc95</value>
         <object_component_ref idref="oc-37b"/>
      </symbol>
      <symbol id="sm-aa3">
         <name>memalign</name>
         <value>0x2000cb95</value>
         <object_component_ref idref="oc-4c3"/>
      </symbol>
      <symbol id="sm-aa4">
         <name>malloc</name>
         <value>0x2000ed2f</value>
         <object_component_ref idref="oc-3d6"/>
      </symbol>
      <symbol id="sm-aa5">
         <name>aligned_alloc</name>
         <value>0x2000cb95</value>
         <object_component_ref idref="oc-4c3"/>
      </symbol>
      <symbol id="sm-ab7">
         <name>__stack</name>
         <value>0x20003000</value>
         <object_component_ref idref="oc-2d"/>
      </symbol>
      <symbol id="sm-ab8">
         <name>_c_int00_noargs</name>
         <value>0x2000e915</value>
         <object_component_ref idref="oc-c5"/>
      </symbol>
      <symbol id="sm-ac2">
         <name>__aeabi_idiv0</name>
         <value>0x2000ed53</value>
         <object_component_ref idref="oc-50f"/>
      </symbol>
      <symbol id="sm-ac3">
         <name>__aeabi_ldiv0</name>
         <value>0x2000ed53</value>
         <object_component_ref idref="oc-50f"/>
      </symbol>
      <symbol id="sm-aec">
         <name>__TI_auto_init_nobinit_nopinit</name>
         <value>0x2000e349</value>
         <object_component_ref idref="oc-172"/>
      </symbol>
      <symbol id="sm-af6">
         <name>_system_pre_init</name>
         <value>0x2000ed4b</value>
         <object_component_ref idref="oc-114"/>
      </symbol>
      <symbol id="sm-b02">
         <name>C$$EXIT</name>
         <value>0x2000ed4f</value>
         <object_component_ref idref="oc-166"/>
      </symbol>
      <symbol id="sm-b03">
         <name>abort</name>
         <value>0x2000ed4f</value>
         <object_component_ref idref="oc-166"/>
      </symbol>
      <symbol id="sm-b18">
         <name>_nop</name>
         <value>0x2000e647</value>
         <object_component_ref idref="oc-326"/>
      </symbol>
      <symbol id="sm-b19">
         <name>_lock</name>
         <value>0x2000f32c</value>
         <object_component_ref idref="oc-209"/>
      </symbol>
      <symbol id="sm-b1a">
         <name>_unlock</name>
         <value>0x2000f330</value>
         <object_component_ref idref="oc-209"/>
      </symbol>
      <symbol id="sm-b1c">
         <name>__TI_static_base__</name>
         <value>0x2000f808</value>
      </symbol>
      <symbol id="sm-b1f">
         <name>ITM_flush</name>
         <value>0x0</value>
      </symbol>
      <symbol id="sm-b20">
         <name>ITM_restore</name>
         <value>0x0</value>
      </symbol>
      <symbol id="sm-b21">
         <name>__mpu_init</name>
         <value>0x0</value>
      </symbol>
      <symbol id="sm-b22">
         <name>_system_post_cinit</name>
         <value>0x0</value>
      </symbol>
      <symbol id="sm-b23">
         <name>NoRTOS_start</name>
         <value>0x2000ecd1</value>
      </symbol>
   </symbol_table>
   <title>Link successful</title>
</link_info>
