******************************************************************************
                  TI ARM Linker PC v20.2.4                     
******************************************************************************
>> Linked Mon Mar 29 16:08:41 2021

OUTPUT FILE NAME:   <gpiointerrupt_CC3220S_LAUNCHXL_nortos_ccs.out>
ENTRY POINT SYMBOL: "resetISR"  address: 2000ea89


MEMORY CONFIGURATION

         name            origin    length      used     unused   attr    fill
----------------------  --------  ---------  --------  --------  ----  --------
  SRAM2                 20000000   00004000  0000130c  00002cf4  RW X
  SRAM                  20004000   0003c000  0000b917  000306e9  RW X
  LOG_DATA              90000000   00040000  00000000  00040000  R   


SEGMENT ALLOCATION MAP

run origin  load origin   length   init length attrs members
----------  ----------- ---------- ----------- ----- -------
20003000    20003000    00001000   00000000    rw-
  20003000    20003000    00001000   00000000    rw- .stack
20004000    20004000    00000040   00000040    r--
  20004000    20004000    00000040   00000040    r-- .resetVecs
20004040    20004040    00008000   00000000    rw-
  20004040    20004040    00008000   00000000    rw- .sysmem
2000c040    2000c040    00002d14   00002d14    r-x
  2000c040    2000c040    00002d14   00002d14    r-x .text
2000ed54    2000ed54    0000060b   00000000    rw-
  2000ed54    2000ed54    0000060b   00000000    rw- .data
2000f360    2000f360    000002e8   000002e8    r--
  2000f360    2000f360    000002e8   000002e8    r-- .const
2000f648    2000f648    000001c0   00000000    rw-
  2000f648    2000f648    000001c0   00000000    rw- .bss
2000f808    2000f808    00000110   00000110    r--
  2000f808    2000f808    00000110   00000110    r-- .cinit


SECTION ALLOCATION MAP

 output                                  attributes/
section   page    origin      length       input sections
--------  ----  ----------  ----------   ----------------
.text      0    2000c040    00002d14     
                  2000c040    0000042c     driverlib.a : prcm.obj (.text:PRCMCC3200MCUInit)
                  2000c46c    000001e4     drivers_cc32xx.a : GPIOCC32XX.oem4 (.text:GPIO_setConfig)
                  2000c650    0000019c     nortos_cc32xx.a : PowerCC32XX_nortos.oem4 (.text:PowerCC32XX_sleepPolicy)
                  2000c7ec    00000148     drivers_cc32xx.a : PowerCC32XX.oem4 (.text:parkPins)
                  2000c934    00000138                      : PowerCC32XX.oem4 (.text:Power_sleep)
                  2000ca6c    00000128                      : TimerCC32XX.oem4 (.text:TimerCC32XX_open)
                  2000cb94    00000100     rtsv7M4_T_le_eabi.lib : memory.c.obj (.text:aligned_alloc)
                  2000cc94    000000e4                           : memory.c.obj (.text:free)
                  2000cd78    000000dc     gpiointerrupt.obj (.text:tickMessage)
                  2000ce54    000000c4     drivers_cc32xx.a : GPIOCC32XX.oem4 (.text:GPIO_init)
                  2000cf18    000000c0                      : PowerCC32XX.oem4 (.text:restoreParkedPins)
                  2000cfd8    000000ac     gpiointerrupt.obj (.text:SM_Tick)
                  2000d084    000000a8     driverlib.a : interrupt.obj (.text:IntEnable)
                  2000d12c    000000a8     drivers_cc32xx.a : PowerCC32XX.oem4 (.text:PowerCC32XX_configureWakeup)
                  2000d1d4    000000a0     nortos_cc32xx.a : SemaphoreP_nortos.oem4 (.text:SemaphoreP_pend)
                  2000d274    0000009c     rtsv7M4_T_le_eabi.lib : memcpy_t2.asm.obj (.text)
                  2000d310    00000098     drivers_cc32xx.a : GPIOCC32XX.oem4 (.text:powerNotifyFxn)
                  2000d3a8    00000096     rtsv7M4_T_le_eabi.lib : ull_div_t2.asm.obj (.text)
                  2000d43e    00000002     ti_drivers_config.obj (.text:Board_initHook)
                  2000d440    00000090     drivers_cc32xx.a : PowerCC32XX.oem4 (.text:restoreNVICRegs)
                  2000d4d0    0000008c     nortos_cc32xx.a : HwiPCC32XX_nortos.oem4 (.text:HwiP_construct)
                  2000d55c    00000088     driverlib.a : interrupt.obj (.text:IntPendSet)
                  2000d5e4    00000088                 : pin.obj (.text:PinConfigSet)
                  2000d66c    00000088     drivers_cc32xx.a : TimerCC32XX.oem4 (.text:TimerCC32XX_setPeriod)
                  2000d6f4    00000084                      : PowerCC32XX.oem4 (.text:Power_init)
                  2000d778    00000084                      : PowerCC32XX.oem4 (.text:saveNVICRegs)
                  2000d7fc    00000080                      : PowerCC32XX.oem4 (.text:Power_setDependency)
                  2000d87c    00000078                      : GPIOCC32XX.oem4 (.text:GPIO_hwiIntFxn)
                  2000d8f4    00000078                      : TimerCC32XX.oem4 (.text:TimerCC32XX_start)
                  2000d96c    00000070     rtsv7M4_T_le_eabi.lib : memory.c.obj (.text:split)
                  2000d9dc    00000068                           : copy_decompress_lzss.c.obj (.text:decompress:lzss:__TI_decompress_lzss)
                  2000da44    00000064     drivers_cc32xx.a : PowerCC32XX.oem4 (.text:PowerCC32XX_setParkState)
                  2000daa8    00000060     driverlib.a : prcm.obj (.text:PRCMSysResetCauseGet)
                  2000db08    00000060     gpiointerrupt.obj (.text:mainThread)
                  2000db68    0000005c     drivers_cc32xx.a : GPIOCC32XX.oem4 (.text:GPIO_setCallback)
                  2000dbc4    0000005c     nortos_cc32xx.a : ClockPSysTick_nortos.oem4 (.text:sysTickInit)
                  2000dc20    00000058     drivers_cc32xx.a : GPIOCC32XX.oem4 (.text:GPIO_write)
                  2000dc78    00000058     driverlib.a : prcm.obj (.text:PRCMPeripheralReset)
                  2000dcd0    00000058     drivers_cc32xx.a : PowerCC32XX.oem4 (.text:Power_releaseDependency)
                  2000dd28    00000056                      : TimerCC32XX.oem4 (.text:TimerCC32XX_stop)
                  2000dd7e    00000052                      : PowerCC32XX_asm.oem4 (.text:PowerCC32XX_resumeLPDS)
                  2000ddd0    00000052                      : TimerCC32XX.oem4 (.text:initHw)
                  2000de22    00000002     nortos_cc32xx.a : PowerCC32XX_nortos.oem4 (.text:PowerCC32XX_initPolicy)
                  2000de24    00000050                     : ClockPSysTick_nortos.oem4 (.text:ClockP_sysTickHandler)
                  2000de74    00000050                     : SemaphoreP_nortos.oem4 (.text:SemaphoreP_construct)
                  2000dec4    00000050     drivers_cc32xx.a : TimerCC32XX.oem4 (.text:TimerCC32XX_allocateTimerResource)
                  2000df14    00000050     gpiointerrupt.obj (.text:initTimer)
                  2000df64    0000004c     drivers_cc32xx.a : GPIOCC32XX.oem4 (.text:GPIO_enableInt)
                  2000dfb0    0000004c                      : PowerCC32XX.oem4 (.text:PowerCC32XX_parkPin)
                  2000dffc    0000004c                      : PowerCC32XX.oem4 (.text:restorePeriphClocks)
                  2000e048    00000048     driverlib.a : flash.obj (.text:FlashDisable)
                  2000e090    00000048                 : prcm.obj (.text:PRCMLPDSEnter)
                  2000e0d8    00000048                 : prcm.obj (.text:PRCMPeripheralClkEnable)
                  2000e120    00000048     drivers_cc32xx.a : PowerCC32XX.oem4 (.text:Power_releaseConstraint)
                  2000e168    00000046                      : TimerCC32XX.oem4 (.text:getPrescaler)
                  2000e1ae    00000002                      : TimerCC32XX.oem4 (.text:TimerCC32XX_init)
                  2000e1b0    00000044     nortos_cc32xx.a : ClockPSysTick_nortos.oem4 (.text:ClockP_stop)
                  2000e1f4    00000044     driverlib.a : prcm.obj (.text:PRCMLPDSRestoreInfoSet)
                  2000e238    00000044     drivers_cc32xx.a : PowerCC32XX_asm.oem4 (.text:PowerCC32XX_enterLPDS)
                  2000e27c    00000044     nortos_cc32xx.a : SemaphoreP_nortos.oem4 (.text:SemaphoreP_post)
                  2000e2c0    00000044                     : SwiP_nortos.oem4 (.text:SwiP_restore)
                  2000e304    00000044     drivers_cc32xx.a : Timer.oem4 (.text:Timer_init)
                  2000e348    00000044     rtsv7M4_T_le_eabi.lib : autoinit.c.obj (.text:__TI_auto_init_nobinit_nopinit:__TI_auto_init_nobinit_nopinit)
                  2000e38c    00000040     driverlib.a : pin.obj (.text:PinModeSet)
                  2000e3cc    00000040     drivers_cc32xx.a : Timer.oem4 (.text:Timer_open)
                  2000e40c    0000003c     nortos_cc32xx.a : ClockPSysTick_nortos.oem4 (.text:ClockP_destruct)
                  2000e448    0000003c     drivers_cc32xx.a : PowerCC32XX.oem4 (.text:Power_setConstraint)
                  2000e484    0000003a                      : TimerCC32XX.oem4 (.text:TimerCC32XX_close)
                  2000e4be    0000003a     nortos_cc32xx.a : PowerCC32XX_nortos.oem4 (.text:getCountsRTC)
                  2000e4f8    00000038     driverlib.a : prcm.obj (.text:PRCMLPDSEnterKeepDebugIf)
                  2000e530    00000038     drivers_cc32xx.a : TimerCC32XX.oem4 (.text:TimerCC32XX_hwiIntFunction)
                  2000e568    00000038     nortos_cc32xx.a : ClockPSysTick_nortos.oem4 (.text:addToList)
                  2000e5a0    00000038                     : startup_cc32xx_ccs.oem4 (.text:initVectors)
                  2000e5d8    00000038     drivers_cc32xx.a : PowerCC32XX.oem4 (.text:notify)
                  2000e610    00000036     driverlib.a : timer.obj (.text:TimerControlStall)
                  2000e646    00000002     rtsv7M4_T_le_eabi.lib : _lock.c.obj (.text:_nop)
                  2000e648    00000034     nortos_cc32xx.a : ClockPSysTick_nortos.oem4 (.text:ClockP_getTicksUntilInterrupt)
                  2000e67c    00000034                     : ClockPSysTick_nortos.oem4 (.text:ClockP_startup)
                  2000e6b0    00000034     driverlib.a : pin.obj (.text:PinModeGet)
                  2000e6e4    00000034     drivers_cc32xx.a : TimerCC32XX.oem4 (.text:TimerCC32XX_freeTimerResource)
                  2000e718    00000034                      : TimerCC32XX.oem4 (.text:getPowerMgrId)
                  2000e74c    00000030     nortos_cc32xx.a : ClockPSysTick_nortos.oem4 (.text:ClockP_start)
                  2000e77c    00000030     drivers_cc32xx.a : PowerCC32XX.oem4 (.text:PowerCC32XX_restoreParkedPin)
                  2000e7ac    0000002a     nortos_cc32xx.a : HwiPCC32XX_nortos.oem4 (.text:HwiP_create)
                  2000e7d6    0000002a     driverlib.a : timer.obj (.text:TimerLoadSet)
                  2000e800    0000002a                 : timer.obj (.text:TimerPrescaleSet)
                  2000e82a    00000002     nortos_cc32xx.a : startup_cc32xx_ccs.oem4 (.text:busFaultHandler)
                  2000e82c    00000028     driverlib.a : prcm.obj (.text:PRCMPeripheralClkDisable)
                  2000e854    00000028     drivers_cc32xx.a : PowerCC32XX.oem4 (.text:Power_registerNotify)
                  2000e87c    00000028     rtsv7M4_T_le_eabi.lib : memory.c.obj (.text:free_list_insert)
                  2000e8a4    00000026     drivers_cc32xx.a : List.oem4 (.text:List_put)
                  2000e8ca    00000026                      : List.oem4 (.text:List_remove)
                  2000e8f0    00000024     nortos_cc32xx.a : HwiPCC32XX_nortos.oem4 (.text:HwiP_dispatch)
                  2000e914    00000024     rtsv7M4_T_le_eabi.lib : boot_cortex_m.c.obj (.text:_c_int00_noargs:_c_int00_noargs)
                  2000e938    00000024     gpiointerrupt.obj (.text:gpioButtonFxn0)
                  2000e95c    00000024     gpiointerrupt.obj (.text:gpioButtonFxn1)
                  2000e980    00000020     nortos_cc32xx.a : HwiPCC32XX_nortos.oem4 (.text:HwiP_destruct)
                  2000e9a0    00000020     drivers_cc32xx.a : PowerCC32XX.oem4 (.text:Power_unregisterNotify)
                  2000e9c0    0000001e     driverlib.a : timer.obj (.text:TimerDisable)
                  2000e9de    0000001e                 : timer.obj (.text:TimerEnable)
                  2000e9fc    0000001c                 : pin.obj (.text:PinToPadGet)
                  2000ea18    0000001c     nortos_cc32xx.a : SwiP_nortos.oem4 (.text:SwiP_disable)
                  2000ea34    0000001c     rtsv7M4_T_le_eabi.lib : copy_zero_init.c.obj (.text:decompress:ZI:__TI_zero_init_nomemset:__TI_zero_init_nomemset)
                  2000ea50    0000001c                           : memory.c.obj (.text:free_list_remove)
                  2000ea6c    0000001a     nortos_cc32xx.a : SemaphoreP_nortos.oem4 (.text:SemaphoreP_createBinary)
                  2000ea86    00000002                     : SemaphoreP_nortos.oem4 (.text:clkFxn)
                  2000ea88    0000001a                     : startup_cc32xx_ccs.oem4 (.text:resetISR)
                  2000eaa2    00000002                     : startup_cc32xx_ccs.oem4 (.text:defaultHandler)
                  2000eaa4    00000018     drivers_cc32xx.a : PowerCC32XX.oem4 (.text:Power_getTransitionLatency)
                  2000eabc    00000018                      : PowerCC32XX.oem4 (.text:Power_idleFunc)
                  2000ead4    00000018                      : TimerCC32XX.oem4 (.text:TimerCC32XX_getCount)
                  2000eaec    00000018     driverlib.a : timer.obj (.text:TimerIntDisable)
                  2000eb04    00000018                 : timer.obj (.text:TimerIntEnable)
                  2000eb1c    00000018     rtsv7M4_T_le_eabi.lib : ll_mul_t2.asm.obj (.text)
                  2000eb34    00000016     driverlib.a : prcm.obj (.text:PRCMHIBRegRead)
                  2000eb4a    00000016                 : prcm.obj (.text:PRCMHIBRegWrite)
                  2000eb60    00000016     nortos_cc32xx.a : SemaphoreP_nortos.oem4 (.text:SemaphoreP_create)
                  2000eb76    00000014     driverlib.a : cpu.obj (.text:CPUcpsid)
                  2000eb8a    00000002     nortos_cc32xx.a : startup_cc32xx_ccs.oem4 (.text:faultISR)
                  2000eb8c    00000014                     : HwiPCC32XX_nortos.oem4 (.text:HwiP_inISR)
                  2000eba0    00000014     driverlib.a : interrupt.obj (.text:IntVTableBaseSet)
                  2000ebb4    00000014     drivers_cc32xx.a : PowerCC32XX.oem4 (.text:Power_disablePolicy)
                  2000ebc8    00000014                      : PowerCC32XX.oem4 (.text:Power_getDependencyCount)
                  2000ebdc    00000012     nortos_cc32xx.a : HwiPCC32XX_nortos.oem4 (.text:HwiP_Params_init)
                  2000ebee    00000012     driverlib.a : timer.obj (.text:TimerIntClear)
                  2000ec00    00000012     main_nortos.obj (.text:main)
                  2000ec12    00000010     ti_drivers_config.obj (.text:Board_init)
                  2000ec22    00000010     nortos_cc32xx.a : ClockPSysTick_nortos.oem4 (.text:ClockP_add)
                  2000ec32    00000002                     : startup_cc32xx_ccs.oem4 (.text:nmiISR)
                  2000ec34    00000010                     : ClockPSysTick_nortos.oem4 (.text:ClockP_getCpuFreq)
                  2000ec44    00000010                     : ClockPSysTick_nortos.oem4 (.text:ClockP_getSystemTicks)
                  2000ec54    00000010                     : ClockPSysTick_nortos.oem4 (.text:ClockP_setTicks)
                  2000ec64    00000010                     : HwiPCC32XX_nortos.oem4 (.text:HwiP_delete)
                  2000ec74    00000010                     : HwiPCC32XX_nortos.oem4 (.text:HwiP_restore)
                  2000ec84    00000010     drivers_cc32xx.a : PowerCC32XX.oem4 (.text:Power_enablePolicy)
                  2000ec94    00000010     nortos_cc32xx.a : SemaphoreP_nortos.oem4 (.text:SemaphoreP_Params_init)
                  2000eca4    00000010     drivers_cc32xx.a : Timer.oem4 (.text:Timer_Params_init)
                  2000ecb4    0000000e     nortos_cc32xx.a : HwiPCC32XX_nortos.oem4 (.text:HwiP_clearInterrupt)
                  2000ecc2    0000000e                     : HwiPCC32XX_nortos.oem4 (.text:HwiP_disable)
                  2000ecd0    0000000e                     : HwiPCC32XX_nortos.oem4 (.text:HwiP_enable)
                  2000ecde    0000000e     rtsv7M4_T_le_eabi.lib : copy_decompress_none.c.obj (.text:decompress:none:__TI_decompress_none)
                  2000ecec    0000000c     drivers_cc32xx.a : PowerCC32XX.oem4 (.text:Power_getConstraintMask)
                  2000ecf8    0000000c                      : TimerCC32XX.oem4 (.text:postNotifyFxn)
                  2000ed04    0000000c     gpiointerrupt.obj (.text:timerCallback)
                  2000ed10    0000000a     nortos_cc32xx.a : ClockPSysTick_nortos.oem4 (.text:ClockP_isActive)
                  2000ed1a    0000000a     driverlib.a : interrupt.obj (.text:IntMasterDisable)
                  2000ed24    0000000a     drivers_cc32xx.a : Timer.oem4 (.text:Timer_start)
                  2000ed2e    00000008     rtsv7M4_T_le_eabi.lib : memory.c.obj (.text:malloc)
                  2000ed36    00000006     drivers_cc32xx.a : TimerCC32XX.oem4 (.text:TimerCC32XX_control)
                  2000ed3c    00000006     driverlib.a : utils.obj (.text:UtilsDelay)
                  2000ed42    00000004     nortos_cc32xx.a : HwiPCC32XX_nortos.oem4 (.text:HwiP_post)
                  2000ed46    00000004                     : SemaphoreP_nortos.oem4 (.text:SemaphoreP_delete)
                  2000ed4a    00000004     rtsv7M4_T_le_eabi.lib : pre_init.c.obj (.text:_system_pre_init)
                  2000ed4e    00000004                           : exit.c.obj (.text:abort:abort)
                  2000ed52    00000002                           : div0.asm.obj (.text)

.const     0    2000f360    000002e8     
                  2000f360    00000100     driverlib.a : pin.obj (.const:g_ulPinToPadMap)
                  2000f460    000000a8                 : prcm.obj (.const:PRCM_PeriphRegsList)
                  2000f508    00000044     ti_drivers_config.obj (.const:PowerCC32XX_config)
                  2000f54c    00000021     drivers_cc32xx.a : GPIOCC32XX.oem4 (.const:.string:pinTable)
                  2000f56d    00000003     --HOLE-- [fill = 0]
                  2000f570    00000020                      : TimerCC32XX.oem4 (.const:TimerCC32XX_fxnTable)
                  2000f590    00000018     driverlib.a : interrupt.obj (.const:g_pulEnRegs)
                  2000f5a8    00000018                 : interrupt.obj (.const:g_pulPendRegs)
                  2000f5c0    00000014     ti_drivers_config.obj (.const:GPIOCC32XX_config)
                  2000f5d4    00000014     drivers_cc32xx.a : GPIOCC32XX.oem4 (.const:gpioBaseAddresses)
                  2000f5e8    00000014                      : GPIOCC32XX.oem4 (.const:powerResources)
                  2000f5fc    00000010     ti_drivers_config.obj (.const:timerCC32XXHWAttrs)
                  2000f60c    0000000c     ti_drivers_config.obj (.const:Timer_config)
                  2000f618    0000000c     drivers_cc32xx.a : Timer.oem4 (.const:defaultParams)
                  2000f624    00000008                      : GPIOCC32XX.oem4 (.const:outPinTypes)
                  2000f62c    00000006                      : GPIOCC32XX.oem4 (.const:.string:interruptType)
                  2000f632    00000006                      : GPIOCC32XX.oem4 (.const:inPinTypes)
                  2000f638    00000006                      : GPIOCC32XX.oem4 (.const:outPinStrengths)
                  2000f63e    00000006     ti_drivers_config.obj (.const)
                  2000f644    00000004     drivers_cc32xx.a : GPIOCC32XX.oem4 (.const:.string:portInterruptIds)

.cinit     0    2000f808    00000110     
                  2000f808    000000e8     (.cinit..data.load) [load image, compression = lzss]
                  2000f8f0    0000000c     (__TI_handler_table)
                  2000f8fc    00000004     --HOLE-- [fill = 0]
                  2000f900    00000008     (.cinit..bss.load) [load image, compression = zero_init]
                  2000f908    00000010     (__TI_cinit_table)

.init_array 
*          0    20004000    00000000     UNINITIALIZED

.ramVecs   0    20000000    0000030c     NOLOAD SECTION
                  20000000    0000030c     nortos_cc32xx.a : startup_cc32xx_ccs.oem4 (.ramVecs)

.stack     0    20003000    00001000     UNINITIALIZED
                  20003000    00000004     rtsv7M4_T_le_eabi.lib : boot_cortex_m.c.obj (.stack)
                  20003004    00000ffc     --HOLE--

.resetVecs 
*          0    20004000    00000040     
                  20004000    00000040     nortos_cc32xx.a : startup_cc32xx_ccs.oem4 (.resetVecs:retain)

.sysmem    0    20004040    00008000     UNINITIALIZED
                  20004040    00000010     rtsv7M4_T_le_eabi.lib : memory.c.obj (.sysmem)
                  20004050    00007ff0     --HOLE--

.data      0    2000ed54    0000060b     UNINITIALIZED
                  2000ed54    0000030c     nortos_cc32xx.a : HwiPCC32XX_nortos.oem4 (.data:HwiP_dispatchTable)
                  2000f060    0000016c     drivers_cc32xx.a : PowerCC32XX.oem4 (.data:PowerCC32XX_module)
                  2000f1cc    000000f8     ti_drivers_config.obj (.data:parkInfo)
                  2000f2c4    00000024     gpiointerrupt.obj (.data:SOS)
                  2000f2e8    00000018     gpiointerrupt.obj (.data:OK)
                  2000f300    00000010     ti_drivers_config.obj (.data:gpioCallbackFunctions)
                  2000f310    00000010     ti_drivers_config.obj (.data:gpioPinConfigs)
                  2000f320    00000009     drivers_cc32xx.a : GPIOCC32XX.oem4 (.data)
                  2000f329    00000003     gpiointerrupt.obj (.data:K)
                  2000f32c    00000008     rtsv7M4_T_le_eabi.lib : _lock.c.obj (.data:$O1$$)
                  2000f334    00000008                           : memory.c.obj (.data:$O1$$)
                  2000f33c    00000008     nortos_cc32xx.a : SemaphoreP_nortos.oem4 (.data:SemaphoreP_defaultParams)
                  2000f344    00000008                     : HwiPCC32XX_nortos.oem4 (.data)
                  2000f34c    00000005                     : ClockPSysTick_nortos.oem4 (.data)
                  2000f351    00000004     gpiointerrupt.obj (.data)
                  2000f355    00000003     gpiointerrupt.obj (.data:O)
                  2000f358    00000003     gpiointerrupt.obj (.data:S)
                  2000f35b    00000003     nortos_cc32xx.a : SemaphoreP_nortos.oem4 (.data)
                  2000f35e    00000001     drivers_cc32xx.a : Timer.oem4 (.data)

.bss       0    2000f648    000001c0     UNINITIALIZED
                  2000f648    0000012c     (.common:PowerCC32XX_contextSave)
                  2000f774    00000034     (.common:timerCC32XXObjects)
                  2000f7a8    00000020     drivers_cc32xx.a : GPIOCC32XX.oem4 (.bss:gpioCallbackInfo)
                  2000f7c8    00000014                      : GPIOCC32XX.oem4 (.bss:powerNotifyObj)
                  2000f7dc    00000004                      : GPIOCC32XX.oem4 (.bss)
                  2000f7e0    00000010     (.common:ClockP_ctrl)
                  2000f7f0    0000000d     nortos_cc32xx.a : SwiP_nortos.oem4 (.bss)
                  2000f7fd    00000001     (.common:SM_Mode)
                  2000f7fe    00000001     (.common:SM_State)
                  2000f7ff    00000001     --HOLE--
                  2000f800    00000004                     : ClockPSysTick_nortos.oem4 (.bss)
                  2000f804    00000004     drivers_cc32xx.a : TimerCC32XX.oem4 (.bss:timerState)

.log_data 
*          0    90000000    00000000     COPY SECTION

__llvm_prf_cnts 
*          0    20004000    00000000     UNINITIALIZED

MODULE SUMMARY

       Module                       code    ro data   rw data
       ------                       ----    -------   -------
    .\
       gpiointerrupt.obj            652     0         75     
       main_nortos.obj              18      0         0      
    +--+----------------------------+-------+---------+---------+
       Total:                       670     0         75     
                                                             
    .\syscfg\
       ti_drivers_config.obj        18      122       332    
    +--+----------------------------+-------+---------+---------+
       Total:                       18      122       332    
                                                             
    C:/ti/simplelink_cc32xx_sdk_4_40_00_07/kernel/nortos/lib/ccs/m4/nortos_cc32xx.a
       HwiPCC32XX_nortos.oem4       366     0         788    
       startup_cc32xx_ccs.oem4      90      64        780    
       ClockPSysTick_nortos.oem4    582     0         25     
       PowerCC32XX_nortos.oem4      472     0         0      
       SemaphoreP_nortos.oem4       378     0         11     
       SwiP_nortos.oem4             96      0         13     
    +--+----------------------------+-------+---------+---------+
       Total:                       1984    64        1617   
                                                             
    C:/ti/simplelink_cc32xx_sdk_4_40_00_07/source/ti/devices/cc32xx/driverlib/ccs/Release/driverlib.a
       prcm.obj                     1604    168       0      
       pin.obj                      280     256       0      
       interrupt.obj                334     48        0      
       timer.obj                    264     0         0      
       flash.obj                    72      0         0      
       cpu.obj                      20      0         0      
       utils.obj                    6       0         0      
    +--+----------------------------+-------+---------+---------+
       Total:                       2580    472       0      
                                                             
    C:/ti/simplelink_cc32xx_sdk_4_40_00_07/source/ti/drivers/lib/ccs/m4/drivers_cc32xx.a
       PowerCC32XX.oem4             2300    0         664    
       GPIOCC32XX.oem4              1208    103       65     
       TimerCC32XX.oem4             1132    32        4      
       Timer.oem4                   158     12        1      
       PowerCC32XX_asm.oem4         150     0         0      
       List.oem4                    76      0         0      
    +--+----------------------------+-------+---------+---------+
       Total:                       5024    147       734    
                                                             
    C:\Texas_Instruments\CCS\ccs\tools\compiler\ti-cgt-arm_20.2.4.LTS\lib\rtsv7M4_T_le_eabi.lib
       memory.c.obj                 672     0         8      
       memcpy_t2.asm.obj            156     0         0      
       ull_div_t2.asm.obj           150     0         0      
       copy_decompress_lzss.c.obj   104     0         0      
       autoinit.c.obj               68      0         0      
       boot_cortex_m.c.obj          36      0         0      
       copy_zero_init.c.obj         28      0         0      
       ll_mul_t2.asm.obj            24      0         0      
       copy_decompress_none.c.obj   14      0         0      
       _lock.c.obj                  2       0         8      
       exit.c.obj                   4       0         0      
       pre_init.c.obj               4       0         0      
       div0.asm.obj                 2       0         0      
    +--+----------------------------+-------+---------+---------+
       Total:                       1264    0         16     
                                                             
       Heap:                        0       0         32768  
       Stack:                       0       0         4096   
       Linker Generated:            0       268       0      
    +--+----------------------------+-------+---------+---------+
       Grand Total:                 11540   1073      39638  


LINKER GENERATED COPY TABLES

__TI_cinit_table @ 2000f908 records: 2, size/record: 8, table size: 16
	.data: load addr=2000f808, load size=000000e8 bytes, run addr=2000ed54, run size=0000060b bytes, compression=lzss
	.bss: load addr=2000f900, load size=00000008 bytes, run addr=2000f648, run size=000001c0 bytes, compression=zero_init


LINKER GENERATED HANDLER TABLE

__TI_handler_table @ 2000f8f0 records: 3, size/record: 4, table size: 12
	index: 0, handler: __TI_decompress_lzss
	index: 1, handler: __TI_decompress_none
	index: 2, handler: __TI_zero_init


GLOBAL SYMBOLS: SORTED ALPHABETICALLY BY Name 

address   name                             
-------   ----                             
2000ec13  Board_init                       
2000d43f  Board_initHook                   
2000ed4f  C$$EXIT                          
2000f63e  CONFIG_GPIO_BUTTON_0_CONST       
2000f63f  CONFIG_GPIO_BUTTON_1_CONST       
2000f640  CONFIG_GPIO_LED_0_CONST          
2000f641  CONFIG_GPIO_LED_1_CONST          
2000f642  CONFIG_TIMER_0_CONST             
2000eb77  CPUcpsid                         
2000ec23  ClockP_add                       
2000f7e0  ClockP_ctrl                      
2000e40d  ClockP_destruct                  
2000de25  ClockP_doTick                    
2000ec35  ClockP_getCpuFreq                
2000ec45  ClockP_getSystemTicks            
2000e649  ClockP_getTicksUntilInterrupt    
2000ed11  ClockP_isActive                  
2000ec55  ClockP_setTicks                  
2000e74d  ClockP_start                     
2000e67d  ClockP_startup                   
2000e1b1  ClockP_stop                      
2000de25  ClockP_sysTickHandler            
2000f34c  ClockP_tickPeriod                
2000e049  FlashDisable                     
2000f5c0  GPIOCC32XX_config                
2000df65  GPIO_enableInt                   
2000d87d  GPIO_hwiIntFxn                   
2000ce55  GPIO_init                        
2000db69  GPIO_setCallback                 
2000c46d  GPIO_setConfig                   
2000dc21  GPIO_write                       
2000ebdd  HwiP_Params_init                 
2000ecb5  HwiP_clearInterrupt              
2000d4d1  HwiP_construct                   
2000e7ad  HwiP_create                      
2000ec65  HwiP_delete                      
2000e981  HwiP_destruct                    
2000ecc3  HwiP_disable                     
2000e8f1  HwiP_dispatch                    
2000ecd1  HwiP_enable                      
2000eb8d  HwiP_inISR                       
2000f344  HwiP_key                         
2000ed43  HwiP_post                        
2000ec75  HwiP_restore                     
2000f348  HwiP_swiPIntNum                  
UNDEFED   ITM_flush                        
UNDEFED   ITM_restore                      
2000d085  IntEnable                        
2000ed1b  IntMasterDisable                 
2000d55d  IntPendSet                       
2000eba1  IntVTableBaseSet                 
2000f329  K                                
2000e8a5  List_put                         
2000e8cb  List_remove                      
2000ecd1  NoRTOS_start                     
2000f355  O                                
2000f2e8  OK                               
2000c041  PRCMCC3200MCUInit                
2000eb35  PRCMHIBRegRead                   
2000eb4b  PRCMHIBRegWrite                  
2000e091  PRCMLPDSEnter                    
2000e4f9  PRCMLPDSEnterKeepDebugIf         
2000e1f5  PRCMLPDSRestoreInfoSet           
2000e82d  PRCMPeripheralClkDisable         
2000e0d9  PRCMPeripheralClkEnable          
2000dc79  PRCMPeripheralReset              
2000daa9  PRCMSysResetCauseGet             
2000d5e5  PinConfigSet                     
2000e6b1  PinModeGet                       
2000e38d  PinModeSet                       
2000e9fd  PinToPadGet                      
2000f508  PowerCC32XX_config               
2000d12d  PowerCC32XX_configureWakeup      
2000f648  PowerCC32XX_contextSave          
2000e239  PowerCC32XX_enterLPDS            
2000de23  PowerCC32XX_initPolicy           
2000f060  PowerCC32XX_module               
2000dfb1  PowerCC32XX_parkPin              
2000e77d  PowerCC32XX_restoreParkedPin     
2000dd7f  PowerCC32XX_resumeLPDS           
2000da45  PowerCC32XX_setParkState         
2000c651  PowerCC32XX_sleepPolicy          
2000ebb5  Power_disablePolicy              
2000ec85  Power_enablePolicy               
2000eced  Power_getConstraintMask          
2000ebc9  Power_getDependencyCount         
2000eaa5  Power_getTransitionLatency       
2000eabd  Power_idleFunc                   
2000d6f5  Power_init                       
2000e855  Power_registerNotify             
2000e121  Power_releaseConstraint          
2000dcd1  Power_releaseDependency          
2000e449  Power_setConstraint              
2000d7fd  Power_setDependency              
2000c935  Power_sleep                      
2000e9a1  Power_unregisterNotify           
2000f358  S                                
2000f7fd  SM_Mode                          
2000f7fe  SM_State                         
2000cfd9  SM_Tick                          
2000f2c4  SOS                              
2000ec95  SemaphoreP_Params_init           
2000de75  SemaphoreP_construct             
2000eb61  SemaphoreP_create                
2000ea6d  SemaphoreP_createBinary          
2000f33c  SemaphoreP_defaultParams         
2000ed47  SemaphoreP_delete                
2000d1d5  SemaphoreP_pend                  
2000e27d  SemaphoreP_post                  
2000ea19  SwiP_disable                     
2000e2c1  SwiP_restore                     
2000dec5  TimerCC32XX_allocateTimerResource
2000e485  TimerCC32XX_close                
2000ed37  TimerCC32XX_control              
2000e6e5  TimerCC32XX_freeTimerResource    
2000f570  TimerCC32XX_fxnTable             
2000ead5  TimerCC32XX_getCount             
2000e1af  TimerCC32XX_init                 
2000ca6d  TimerCC32XX_open                 
2000d66d  TimerCC32XX_setPeriod            
2000d8f5  TimerCC32XX_start                
2000dd29  TimerCC32XX_stop                 
2000e611  TimerControlStall                
2000e9c1  TimerDisable                     
2000e9df  TimerEnable                      
2000ebef  TimerIntClear                    
2000eaed  TimerIntDisable                  
2000eb05  TimerIntEnable                   
2000e7d7  TimerLoadSet                     
2000e801  TimerPrescaleSet                 
2000eca5  Timer_Params_init                
2000f60c  Timer_config                     
2000f643  Timer_count                      
2000e305  Timer_init                       
2000e3cd  Timer_open                       
2000ed25  Timer_start                      
2000ed3d  UtilsDelay                       
20004000  __STACK_END                      
00001000  __STACK_SIZE                     
00008000  __SYSMEM_SIZE                    
2000f908  __TI_CINIT_Base                  
2000f918  __TI_CINIT_Limit                 
2000f8f0  __TI_Handler_Table_Base          
2000f8fc  __TI_Handler_Table_Limit         
2000e349  __TI_auto_init_nobinit_nopinit   
2000d9dd  __TI_decompress_lzss             
2000ecdf  __TI_decompress_none             
ffffffff  __TI_pprof_out_hndl              
ffffffff  __TI_prof_data_size              
ffffffff  __TI_prof_data_start             
2000f808  __TI_static_base__               
2000ea35  __TI_zero_init_nomemset          
2000ed53  __aeabi_idiv0                    
2000ed53  __aeabi_ldiv0                    
2000eb1d  __aeabi_lmul                     
2000d275  __aeabi_memcpy                   
2000d275  __aeabi_memcpy4                  
2000d275  __aeabi_memcpy8                  
2000d3a9  __aeabi_uldivmod                 
ffffffff  __binit__                        
ffffffff  __c_args__                       
UNDEFED   __mpu_init                       
20003000  __stack                          
20004000  __start___llvm_prf_cnts          
20004000  __stop___llvm_prf_cnts           
2000e915  _c_int00_noargs                  
2000f32c  _lock                            
2000e647  _nop                             
20004040  _sys_memory                      
UNDEFED   _system_post_cinit               
2000ed4b  _system_pre_init                 
2000f330  _unlock                          
2000ed4f  abort                            
2000cb95  aligned_alloc                    
ffffffff  binit                            
2000ea87  clkFxn                           
2000cc95  free                             
2000e939  gpioButtonFxn0                   
2000e95d  gpioButtonFxn1                   
2000f300  gpioCallbackFunctions            
2000f310  gpioPinConfigs                   
2000f354  holdState                        
2000f352  i                                
2000f632  inPinTypes                       
2000df15  initTimer                        
2000e5a1  initVectors                      
2000f353  j                                
2000ec01  main                             
2000db09  mainThread                       
2000ed2f  malloc                           
2000cb95  memalign                         
2000d275  memcpy                           
2000f638  outPinStrengths                  
2000f624  outPinTypes                      
2000f1cc  parkInfo                         
2000ea89  resetISR                         
2000ea9c  resetVectorAddr                  
20004000  resetVectors                     
2000cd79  tickMessage                      
2000f351  ticks                            
2000f5fc  timerCC32XXHWAttrs               
2000f774  timerCC32XXObjects               
2000ed05  timerCallback                    


GLOBAL SYMBOLS: SORTED BY Symbol Address 

address   name                             
-------   ----                             
00001000  __STACK_SIZE                     
00008000  __SYSMEM_SIZE                    
20003000  __stack                          
20004000  __STACK_END                      
20004000  __start___llvm_prf_cnts          
20004000  __stop___llvm_prf_cnts           
20004000  resetVectors                     
20004040  _sys_memory                      
2000c041  PRCMCC3200MCUInit                
2000c46d  GPIO_setConfig                   
2000c651  PowerCC32XX_sleepPolicy          
2000c935  Power_sleep                      
2000ca6d  TimerCC32XX_open                 
2000cb95  aligned_alloc                    
2000cb95  memalign                         
2000cc95  free                             
2000cd79  tickMessage                      
2000ce55  GPIO_init                        
2000cfd9  SM_Tick                          
2000d085  IntEnable                        
2000d12d  PowerCC32XX_configureWakeup      
2000d1d5  SemaphoreP_pend                  
2000d275  __aeabi_memcpy                   
2000d275  __aeabi_memcpy4                  
2000d275  __aeabi_memcpy8                  
2000d275  memcpy                           
2000d3a9  __aeabi_uldivmod                 
2000d43f  Board_initHook                   
2000d4d1  HwiP_construct                   
2000d55d  IntPendSet                       
2000d5e5  PinConfigSet                     
2000d66d  TimerCC32XX_setPeriod            
2000d6f5  Power_init                       
2000d7fd  Power_setDependency              
2000d87d  GPIO_hwiIntFxn                   
2000d8f5  TimerCC32XX_start                
2000d9dd  __TI_decompress_lzss             
2000da45  PowerCC32XX_setParkState         
2000daa9  PRCMSysResetCauseGet             
2000db09  mainThread                       
2000db69  GPIO_setCallback                 
2000dc21  GPIO_write                       
2000dc79  PRCMPeripheralReset              
2000dcd1  Power_releaseDependency          
2000dd29  TimerCC32XX_stop                 
2000dd7f  PowerCC32XX_resumeLPDS           
2000de23  PowerCC32XX_initPolicy           
2000de25  ClockP_doTick                    
2000de25  ClockP_sysTickHandler            
2000de75  SemaphoreP_construct             
2000dec5  TimerCC32XX_allocateTimerResource
2000df15  initTimer                        
2000df65  GPIO_enableInt                   
2000dfb1  PowerCC32XX_parkPin              
2000e049  FlashDisable                     
2000e091  PRCMLPDSEnter                    
2000e0d9  PRCMPeripheralClkEnable          
2000e121  Power_releaseConstraint          
2000e1af  TimerCC32XX_init                 
2000e1b1  ClockP_stop                      
2000e1f5  PRCMLPDSRestoreInfoSet           
2000e239  PowerCC32XX_enterLPDS            
2000e27d  SemaphoreP_post                  
2000e2c1  SwiP_restore                     
2000e305  Timer_init                       
2000e349  __TI_auto_init_nobinit_nopinit   
2000e38d  PinModeSet                       
2000e3cd  Timer_open                       
2000e40d  ClockP_destruct                  
2000e449  Power_setConstraint              
2000e485  TimerCC32XX_close                
2000e4f9  PRCMLPDSEnterKeepDebugIf         
2000e5a1  initVectors                      
2000e611  TimerControlStall                
2000e647  _nop                             
2000e649  ClockP_getTicksUntilInterrupt    
2000e67d  ClockP_startup                   
2000e6b1  PinModeGet                       
2000e6e5  TimerCC32XX_freeTimerResource    
2000e74d  ClockP_start                     
2000e77d  PowerCC32XX_restoreParkedPin     
2000e7ad  HwiP_create                      
2000e7d7  TimerLoadSet                     
2000e801  TimerPrescaleSet                 
2000e82d  PRCMPeripheralClkDisable         
2000e855  Power_registerNotify             
2000e8a5  List_put                         
2000e8cb  List_remove                      
2000e8f1  HwiP_dispatch                    
2000e915  _c_int00_noargs                  
2000e939  gpioButtonFxn0                   
2000e95d  gpioButtonFxn1                   
2000e981  HwiP_destruct                    
2000e9a1  Power_unregisterNotify           
2000e9c1  TimerDisable                     
2000e9df  TimerEnable                      
2000e9fd  PinToPadGet                      
2000ea19  SwiP_disable                     
2000ea35  __TI_zero_init_nomemset          
2000ea6d  SemaphoreP_createBinary          
2000ea87  clkFxn                           
2000ea89  resetISR                         
2000ea9c  resetVectorAddr                  
2000eaa5  Power_getTransitionLatency       
2000eabd  Power_idleFunc                   
2000ead5  TimerCC32XX_getCount             
2000eaed  TimerIntDisable                  
2000eb05  TimerIntEnable                   
2000eb1d  __aeabi_lmul                     
2000eb35  PRCMHIBRegRead                   
2000eb4b  PRCMHIBRegWrite                  
2000eb61  SemaphoreP_create                
2000eb77  CPUcpsid                         
2000eb8d  HwiP_inISR                       
2000eba1  IntVTableBaseSet                 
2000ebb5  Power_disablePolicy              
2000ebc9  Power_getDependencyCount         
2000ebdd  HwiP_Params_init                 
2000ebef  TimerIntClear                    
2000ec01  main                             
2000ec13  Board_init                       
2000ec23  ClockP_add                       
2000ec35  ClockP_getCpuFreq                
2000ec45  ClockP_getSystemTicks            
2000ec55  ClockP_setTicks                  
2000ec65  HwiP_delete                      
2000ec75  HwiP_restore                     
2000ec85  Power_enablePolicy               
2000ec95  SemaphoreP_Params_init           
2000eca5  Timer_Params_init                
2000ecb5  HwiP_clearInterrupt              
2000ecc3  HwiP_disable                     
2000ecd1  HwiP_enable                      
2000ecd1  NoRTOS_start                     
2000ecdf  __TI_decompress_none             
2000eced  Power_getConstraintMask          
2000ed05  timerCallback                    
2000ed11  ClockP_isActive                  
2000ed1b  IntMasterDisable                 
2000ed25  Timer_start                      
2000ed2f  malloc                           
2000ed37  TimerCC32XX_control              
2000ed3d  UtilsDelay                       
2000ed43  HwiP_post                        
2000ed47  SemaphoreP_delete                
2000ed4b  _system_pre_init                 
2000ed4f  C$$EXIT                          
2000ed4f  abort                            
2000ed53  __aeabi_idiv0                    
2000ed53  __aeabi_ldiv0                    
2000f060  PowerCC32XX_module               
2000f1cc  parkInfo                         
2000f2c4  SOS                              
2000f2e8  OK                               
2000f300  gpioCallbackFunctions            
2000f310  gpioPinConfigs                   
2000f329  K                                
2000f32c  _lock                            
2000f330  _unlock                          
2000f33c  SemaphoreP_defaultParams         
2000f344  HwiP_key                         
2000f348  HwiP_swiPIntNum                  
2000f34c  ClockP_tickPeriod                
2000f351  ticks                            
2000f352  i                                
2000f353  j                                
2000f354  holdState                        
2000f355  O                                
2000f358  S                                
2000f508  PowerCC32XX_config               
2000f570  TimerCC32XX_fxnTable             
2000f5c0  GPIOCC32XX_config                
2000f5fc  timerCC32XXHWAttrs               
2000f60c  Timer_config                     
2000f624  outPinTypes                      
2000f632  inPinTypes                       
2000f638  outPinStrengths                  
2000f63e  CONFIG_GPIO_BUTTON_0_CONST       
2000f63f  CONFIG_GPIO_BUTTON_1_CONST       
2000f640  CONFIG_GPIO_LED_0_CONST          
2000f641  CONFIG_GPIO_LED_1_CONST          
2000f642  CONFIG_TIMER_0_CONST             
2000f643  Timer_count                      
2000f648  PowerCC32XX_contextSave          
2000f774  timerCC32XXObjects               
2000f7e0  ClockP_ctrl                      
2000f7fd  SM_Mode                          
2000f7fe  SM_State                         
2000f808  __TI_static_base__               
2000f8f0  __TI_Handler_Table_Base          
2000f8fc  __TI_Handler_Table_Limit         
2000f908  __TI_CINIT_Base                  
2000f918  __TI_CINIT_Limit                 
ffffffff  __TI_pprof_out_hndl              
ffffffff  __TI_prof_data_size              
ffffffff  __TI_prof_data_start             
ffffffff  __binit__                        
ffffffff  __c_args__                       
ffffffff  binit                            
UNDEFED   ITM_flush                        
UNDEFED   ITM_restore                      
UNDEFED   __mpu_init                       
UNDEFED   _system_post_cinit               

[203 symbols]
