******************************************************************************
                  TI ARM Linker PC v20.2.4                     
******************************************************************************
>> Linked Mon Sep 13 14:44:53 2021

OUTPUT FILE NAME:   <gpiointerrupt_CC3220S_LAUNCHXL_nortos_ccsMINE.out>
ENTRY POINT SYMBOL: "resetISR"  address: 200121bd


MEMORY CONFIGURATION

         name            origin    length      used     unused   attr    fill
----------------------  --------  ---------  --------  --------  ----  --------
  SRAM2                 20000000   00004000  0000130c  00002cf4  RW X
  SRAM                  20004000   0003c000  0000f6ee  0002c912  RW X
  LOG_DATA              90000000   00040000  00000000  00040000  R   


SEGMENT ALLOCATION MAP

run origin  load origin   length   init length attrs members
----------  ----------- ---------- ----------- ----- -------
20003000    20003000    00001000   00000000    rw-
  20003000    20003000    00001000   00000000    rw- .stack
20004000    20004000    00000040   00000040    r--
  20004000    20004000    00000040   00000040    r-- .resetVecs
20004040    20004040    00008000   00000000    rw-
  20004040    20004040    00008000   00000000    rw- .sysmem
2000c040    2000c040    000066c8   000066c8    r-x
  2000c040    2000c040    000066c8   000066c8    r-x .text
20012708    20012708    000005c8   00000000    rw-
  20012708    20012708    000005c8   00000000    rw- .data
20012cd0    20012cd0    0000051a   0000051a    r--
  20012cd0    20012cd0    0000051a   0000051a    r-- .const
200131f0    200131f0    0000040c   00000000    rw-
  200131f0    200131f0    0000040c   00000000    rw- .bss
20013600    20013600    000000f8   000000f8    r--
  20013600    20013600    000000f8   000000f8    r-- .cinit


SECTION ALLOCATION MAP

 output                                  attributes/
section   page    origin      length       input sections
--------  ----  ----------  ----------   ----------------
.text      0    2000c040    000066c8     
                  2000c040    00000a4e     rtsv7M4_T_le_eabi.lib : _printfi.c.obj (.text:__TI_printfi)
                  2000ca8e    00000002     ti_drivers_config.obj (.text:Board_initHook)
                  2000ca90    0000042c     driverlib.a : prcm.obj (.text:PRCMCC3200MCUInit)
                  2000cebc    00000288     drivers_cc32xx.a : UARTCC32XX.oem4 (.text:UARTCC32XX_open)
                  2000d144    00000268     rtsv7M4_T_le_eabi.lib : _printfi.c.obj (.text:_pconv_a)
                  2000d3ac    00000250     gpiointerrupt.obj (.text:initI2C)
                  2000d5fc    000001e4     drivers_cc32xx.a : GPIOCC32XX.oem4 (.text:GPIO_setConfig)
                  2000d7e0    000001cc     rtsv7M4_T_le_eabi.lib : _printfi.c.obj (.text:_pconv_g)
                  2000d9ac    000001b6                           : fd_add_t2.asm.obj (.text)
                  2000db62    00000002     drivers_cc32xx.a : I2C.oem4 (.text:I2C_init)
                  2000db64    000001ac     gpiointerrupt.obj (.text:mainThread)
                  2000dd10    0000019c     nortos_cc32xx.a : PowerCC32XX_nortos.oem4 (.text:PowerCC32XX_sleepPolicy)
                  2000deac    00000148     drivers_cc32xx.a : I2CCC32XX.oem4 (.text:I2CCC32XX_hwiFxn)
                  2000dff4    00000148                      : PowerCC32XX.oem4 (.text:parkPins)
                  2000e13c    0000013c     rtsv7M4_T_le_eabi.lib : _printfi.c.obj (.text:_pconv_e)
                  2000e278    00000138     drivers_cc32xx.a : PowerCC32XX.oem4 (.text:Power_sleep)
                  2000e3b0    00000136     rtsv7M4_T_le_eabi.lib : fd_div_t2.asm.obj (.text)
                  2000e4e6    00000002     nortos_cc32xx.a : PowerCC32XX_nortos.oem4 (.text:PowerCC32XX_initPolicy)
                  2000e4e8    00000128     drivers_cc32xx.a : TimerCC32XX.oem4 (.text:TimerCC32XX_open)
                  2000e610    00000122                      : I2C.oem4 (.text:I2C_transferTimeout)
                  2000e732    00000002                      : TimerCC32XX.oem4 (.text:TimerCC32XX_init)
                  2000e734    00000120                      : UARTCC32XX.oem4 (.text:UARTCC32XX_close)
                  2000e854    00000120     rtsv7M4_T_le_eabi.lib : _printfi.c.obj (.text:fcvt)
                  2000e974    00000120     gpiointerrupt.obj (.text:readTemp)
                  2000ea94    00000100     rtsv7M4_T_le_eabi.lib : memory.c.obj (.text:aligned_alloc)
                  2000eb94    000000fc     drivers_cc32xx.a : I2CCC32XX.oem4 (.text:I2C_open)
                  2000ec90    000000fc     rtsv7M4_T_le_eabi.lib : fd_mul_t2.asm.obj (.text)
                  2000ed8c    000000f2     drivers_cc32xx.a : UARTCC32XX.oem4 (.text:UARTCC32XX_control)
                  2000ee7e    00000002                      : UARTCC32XX.oem4 (.text:UARTCC32XX_init)
                  2000ee80    000000e4     rtsv7M4_T_le_eabi.lib : memory.c.obj (.text:free)
                  2000ef64    000000d0                           : s_scalbn.c.obj (.text:scalbn)
                  2000f034    000000ca     drivers_cc32xx.a : UARTCC32XX.oem4 (.text:UARTCC32XX_write)
                  2000f0fe    00000002     rtsv7M4_T_le_eabi.lib : _lock.c.obj (.text:_nop)
                  2000f100    000000c4     drivers_cc32xx.a : GPIOCC32XX.oem4 (.text:GPIO_init)
                  2000f1c4    000000c0                      : PowerCC32XX.oem4 (.text:restoreParkedPins)
                  2000f284    000000ba                      : UARTCC32XX.oem4 (.text:UARTCC32XX_readPolling)
                  2000f33e    00000002     nortos_cc32xx.a : startup_cc32xx_ccs.oem4 (.text:busFaultHandler)
                  2000f340    000000b8     drivers_cc32xx.a : UARTCC32XX.oem4 (.text:initHw)
                  2000f3f8    000000b6                      : UARTCC32XX.oem4 (.text:readTaskCallback)
                  2000f4ae    000000b2                      : I2CCC32XX.oem4 (.text:I2CCC32XX_completeTransfer)
                  2000f560    000000b1     rtsv7M4_T_le_eabi.lib : _printfi.c.obj (.text:_ltostr)
                  2000f611    00000001     --HOLE-- [fill = 0]
                  2000f612    000000b0     drivers_cc32xx.a : UARTCC32XX.oem4 (.text:readTaskBlocking)
                  2000f6c2    000000ae                      : UARTCC32XX.oem4 (.text:readIsrTextBlocking)
                  2000f770    000000a8                      : I2CCC32XX.oem4 (.text:I2CCC32XX_primeWriteBurst)
                  2000f818    000000a8     driverlib.a : interrupt.obj (.text:IntEnable)
                  2000f8c0    000000a8     drivers_cc32xx.a : PowerCC32XX.oem4 (.text:PowerCC32XX_configureWakeup)
                  2000f968    000000a2                      : UARTCC32XX.oem4 (.text:readIsrTextCallback)
                  2000fa0a    000000a2                      : UARTCC32XX.oem4 (.text:writeData)
                  2000faac    000000a0     nortos_cc32xx.a : SemaphoreP_nortos.oem4 (.text:SemaphoreP_pend)
                  2000fb4c    0000009c     drivers_cc32xx.a : I2CCC32XX.oem4 (.text:I2CCC32XX_initHw)
                  2000fbe8    0000009c     rtsv7M4_T_le_eabi.lib : memcpy_t2.asm.obj (.text)
                  2000fc84    00000098     drivers_cc32xx.a : GPIOCC32XX.oem4 (.text:powerNotifyFxn)
                  2000fd1c    00000096     rtsv7M4_T_le_eabi.lib : ull_div_t2.asm.obj (.text)
                  2000fdb2    00000002     nortos_cc32xx.a : SemaphoreP_nortos.oem4 (.text:clkFxn)
                  2000fdb4    00000090     drivers_cc32xx.a : PowerCC32XX.oem4 (.text:restoreNVICRegs)
                  2000fe44    0000008c     nortos_cc32xx.a : HwiPCC32XX_nortos.oem4 (.text:HwiP_construct)
                  2000fed0    00000088     driverlib.a : interrupt.obj (.text:IntPendSet)
                  2000ff58    00000088                 : pin.obj (.text:PinConfigSet)
                  2000ffe0    00000088     drivers_cc32xx.a : TimerCC32XX.oem4 (.text:TimerCC32XX_setPeriod)
                  20010068    00000086     rtsv7M4_T_le_eabi.lib : fd_cmp_t2.asm.obj (.text:__aeabi_cdcmple)
                  200100ee    00000086                           : fd_cmp_t2.asm.obj (.text:__aeabi_cdrcmple)
                  20010174    00000084     drivers_cc32xx.a : PowerCC32XX.oem4 (.text:Power_init)
                  200101f8    00000084                      : PowerCC32XX.oem4 (.text:saveNVICRegs)
                  2001027c    00000080                      : PowerCC32XX.oem4 (.text:Power_setDependency)
                  200102fc    0000007c                      : UARTCC32XX.oem4 (.text:readIsrBinaryBlocking)
                  20010378    0000007a                      : I2CCC32XX.oem4 (.text:I2CCC32XX_primeReadBurst)
                  200103f2    0000007a     rtsv7M4_T_le_eabi.lib : fs_mul_t2.asm.obj (.text)
                  2001046c    0000007a                           : memset_t2.asm.obj (.text)
                  200104e6    00000002     nortos_cc32xx.a : startup_cc32xx_ccs.oem4 (.text:defaultHandler)
                  200104e8    00000078     drivers_cc32xx.a : GPIOCC32XX.oem4 (.text:GPIO_hwiIntFxn)
                  20010560    00000078                      : TimerCC32XX.oem4 (.text:TimerCC32XX_start)
                  200105d8    00000078                      : UARTCC32XX.oem4 (.text:readIsrBinaryCallback)
                  20010650    00000074                      : UARTCC32XX.oem4 (.text:UARTCC32XX_hwiIntFxn)
                  200106c4    00000070     rtsv7M4_T_le_eabi.lib : memory.c.obj (.text:split)
                  20010734    0000006e                           : _printfi.c.obj (.text:_mcpy)
                  200107a2    00000002     nortos_cc32xx.a : startup_cc32xx_ccs.oem4 (.text:faultISR)
                  200107a4    0000006c     gpiointerrupt.obj (.text:writeUART)
                  20010810    0000006a     drivers_cc32xx.a : I2CCC32XX.oem4 (.text:I2CSupport_primeTransfer)
                  2001087a    00000068     rtsv7M4_T_le_eabi.lib : copy_decompress_lzss.c.obj (.text:decompress:lzss:__TI_decompress_lzss)
                  200108e2    00000066     drivers_cc32xx.a : UARTCC32XX.oem4 (.text:UARTCC32XX_writeCancel)
                  20010948    00000064                      : PowerCC32XX.oem4 (.text:PowerCC32XX_setParkState)
                  200109ac    00000062                      : UARTCC32XX.oem4 (.text:UARTCC32XX_writePolling)
                  20010a0e    00000002     nortos_cc32xx.a : startup_cc32xx_ccs.oem4 (.text:nmiISR)
                  20010a10    00000060     driverlib.a : prcm.obj (.text:PRCMSysResetCauseGet)
                  20010a70    00000060     gpiointerrupt.obj (.text:tickLED)
                  20010ad0    0000005c     drivers_cc32xx.a : GPIOCC32XX.oem4 (.text:GPIO_setCallback)
                  20010b2c    0000005c     rtsv7M4_T_le_eabi.lib : s_frexp.c.obj (.text:frexp)
                  20010b88    0000005c     nortos_cc32xx.a : ClockPSysTick_nortos.oem4 (.text:sysTickInit)
                  20010be4    00000058     drivers_cc32xx.a : GPIOCC32XX.oem4 (.text:GPIO_write)
                  20010c3c    00000058     driverlib.a : prcm.obj (.text:PRCMPeripheralReset)
                  20010c94    00000058     drivers_cc32xx.a : PowerCC32XX.oem4 (.text:Power_releaseDependency)
                  20010cec    00000056                      : TimerCC32XX.oem4 (.text:TimerCC32XX_stop)
                  20010d42    00000056     rtsv7M4_T_le_eabi.lib : _printfi.c.obj (.text:_pconv_f)
                  20010d98    00000054                           : _ltoa.c.obj (.text:__TI_ltoa)
                  20010dec    00000054     gpiointerrupt.obj (.text:initTimer)
                  20010e40    00000054     drivers_cc32xx.a : UARTCC32XX.oem4 (.text:ringBufGet)
                  20010e94    00000052                      : PowerCC32XX_asm.oem4 (.text:PowerCC32XX_resumeLPDS)
                  20010ee6    00000052     rtsv7M4_T_le_eabi.lib : _printfi.c.obj (.text:_ecpy)
                  20010f38    00000052     drivers_cc32xx.a : TimerCC32XX.oem4 (.text:initHw)
                  20010f8a    00000002     rtsv7M4_T_le_eabi.lib : div0.asm.obj (.text)
                  20010f8c    00000050     nortos_cc32xx.a : ClockPSysTick_nortos.oem4 (.text:ClockP_sysTickHandler)
                  20010fdc    00000050                     : SemaphoreP_nortos.oem4 (.text:SemaphoreP_construct)
                  2001102c    00000050     drivers_cc32xx.a : TimerCC32XX.oem4 (.text:TimerCC32XX_allocateTimerResource)
                  2001107c    0000004c                      : GPIOCC32XX.oem4 (.text:GPIO_enableInt)
                  200110c8    0000004c                      : I2CCC32XX.oem4 (.text:I2CCC32XX_readRecieveFifo)
                  20011114    0000004c                      : PowerCC32XX.oem4 (.text:PowerCC32XX_parkPin)
                  20011160    0000004c     rtsv7M4_T_le_eabi.lib : atoi.c.obj (.text:atoi)
                  200111ac    0000004c     drivers_cc32xx.a : PowerCC32XX.oem4 (.text:restorePeriphClocks)
                  200111f8    0000004c     rtsv7M4_T_le_eabi.lib : snprintf.c.obj (.text:snprintf)
                  20011244    00000048     driverlib.a : flash.obj (.text:FlashDisable)
                  2001128c    00000048                 : prcm.obj (.text:PRCMLPDSEnter)
                  200112d4    00000048                 : prcm.obj (.text:PRCMPeripheralClkEnable)
                  2001131c    00000048     drivers_cc32xx.a : PowerCC32XX.oem4 (.text:Power_releaseConstraint)
                  20011364    00000048     rtsv7M4_T_le_eabi.lib : fd_toi_t2.asm.obj (.text)
                  200113ac    00000046     drivers_cc32xx.a : RingBuf.oem4 (.text:RingBuf_put)
                  200113f2    00000046                      : TimerCC32XX.oem4 (.text:getPrescaler)
                  20011438    00000044     nortos_cc32xx.a : ClockPSysTick_nortos.oem4 (.text:ClockP_stop)
                  2001147c    00000044     driverlib.a : prcm.obj (.text:PRCMLPDSRestoreInfoSet)
                  200114c0    00000044     drivers_cc32xx.a : PowerCC32XX_asm.oem4 (.text:PowerCC32XX_enterLPDS)
                  20011504    00000044     nortos_cc32xx.a : SemaphoreP_nortos.oem4 (.text:SemaphoreP_post)
                  20011548    00000044                     : SwiP_nortos.oem4 (.text:SwiP_restore)
                  2001158c    00000044     drivers_cc32xx.a : Timer.oem4 (.text:Timer_init)
                  200115d0    00000044                      : UART.oem4 (.text:UART_init)
                  20011614    00000044     rtsv7M4_T_le_eabi.lib : autoinit.c.obj (.text:__TI_auto_init_nobinit_nopinit:__TI_auto_init_nobinit_nopinit)
                  20011658    00000044     gpiointerrupt.obj (.text:initUART)
                  2001169c    00000040     nortos_cc32xx.a : ClockPSysTick_nortos.oem4 (.text:ClockP_construct)
                  200116dc    00000040     driverlib.a : pin.obj (.text:PinModeSet)
                  2001171c    00000040     drivers_cc32xx.a : RingBuf.oem4 (.text:RingBuf_get)
                  2001175c    00000040                      : Timer.oem4 (.text:Timer_open)
                  2001179c    00000040                      : UARTCC32XX.oem4 (.text:UARTCC32XX_read)
                  200117dc    00000040                      : UART.oem4 (.text:UART_open)
                  2001181c    00000040     gpiointerrupt.obj (.text:tickBtn)
                  2001185c    0000003e     rtsv7M4_T_le_eabi.lib : _printfi.c.obj (.text:_fcpy)
                  2001189a    00000002     --HOLE-- [fill = 0]
                  2001189c    0000003c     nortos_cc32xx.a : ClockPSysTick_nortos.oem4 (.text:ClockP_destruct)
                  200118d8    0000003c     drivers_cc32xx.a : PowerCC32XX.oem4 (.text:Power_setConstraint)
                  20011914    0000003a                      : TimerCC32XX.oem4 (.text:TimerCC32XX_close)
                  2001194e    0000003a     nortos_cc32xx.a : PowerCC32XX_nortos.oem4 (.text:getCountsRTC)
                  20011988    00000038     driverlib.a : prcm.obj (.text:PRCMLPDSEnterKeepDebugIf)
                  200119c0    00000038     drivers_cc32xx.a : TimerCC32XX.oem4 (.text:TimerCC32XX_hwiIntFunction)
                  200119f8    00000038     nortos_cc32xx.a : ClockPSysTick_nortos.oem4 (.text:addToList)
                  20011a30    00000038     gpiointerrupt.obj (.text:btnFct)
                  20011a68    00000038     nortos_cc32xx.a : startup_cc32xx_ccs.oem4 (.text:initVectors)
                  20011aa0    00000038     drivers_cc32xx.a : PowerCC32XX.oem4 (.text:notify)
                  20011ad8    00000038     rtsv7M4_T_le_eabi.lib : fs_toi_t2.asm.obj (.text)
                  20011b10    00000038                           : i_tofs_t2.asm.obj (.text)
                  20011b48    00000036     driverlib.a : timer.obj (.text:TimerControlStall)
                  20011b7e    00000036     drivers_cc32xx.a : UARTCC32XX.oem4 (.text:UARTCC32XX_readCancel)
                  20011bb4    00000034     nortos_cc32xx.a : ClockPSysTick_nortos.oem4 (.text:ClockP_getTicksUntilInterrupt)
                  20011be8    00000034                     : ClockPSysTick_nortos.oem4 (.text:ClockP_startup)
                  20011c1c    00000034     driverlib.a : pin.obj (.text:PinModeGet)
                  20011c50    00000034     drivers_cc32xx.a : PowerCC32XX.oem4 (.text:PowerCC32XX_restoreParkState)
                  20011c84    00000034                      : TimerCC32XX.oem4 (.text:TimerCC32XX_freeTimerResource)
                  20011cb8    00000034                      : TimerCC32XX.oem4 (.text:getPowerMgrId)
                  20011cec    00000030     nortos_cc32xx.a : ClockPSysTick_nortos.oem4 (.text:ClockP_start)
                  20011d1c    00000030     drivers_cc32xx.a : PowerCC32XX.oem4 (.text:PowerCC32XX_restoreParkedPin)
                  20011d4c    00000030     rtsv7M4_T_le_eabi.lib : snprintf.c.obj (.text:_outs)
                  20011d7c    0000002e                           : i_tofd_t2.asm.obj (.text)
                  20011daa    00000002     --HOLE-- [fill = 0]
                  20011dac    0000002c     drivers_cc32xx.a : PowerCC32XX.oem4 (.text:PowerCC32XX_getParkState)
                  20011dd8    0000002a     nortos_cc32xx.a : HwiPCC32XX_nortos.oem4 (.text:HwiP_create)
                  20011e02    0000002a     driverlib.a : timer.obj (.text:TimerLoadSet)
                  20011e2c    0000002a                 : timer.obj (.text:TimerPrescaleSet)
                  20011e56    00000028                 : i2c.obj (.text:I2CFIFODataPutNonBlocking)
                  20011e7e    00000002     --HOLE-- [fill = 0]
                  20011e80    00000028                 : prcm.obj (.text:PRCMPeripheralClkDisable)
                  20011ea8    00000028     drivers_cc32xx.a : PowerCC32XX.oem4 (.text:Power_registerNotify)
                  20011ed0    00000028     rtsv7M4_T_le_eabi.lib : memory.c.obj (.text:free_list_insert)
                  20011ef8    00000026     driverlib.a : i2c.obj (.text:I2CFIFODataGetNonBlocking)
                  20011f1e    00000026     drivers_cc32xx.a : I2C.oem4 (.text:I2C_cancel)
                  20011f44    00000026                      : List.oem4 (.text:List_put)
                  20011f6a    00000026                      : List.oem4 (.text:List_remove)
                  20011f90    00000024     nortos_cc32xx.a : HwiPCC32XX_nortos.oem4 (.text:HwiP_dispatch)
                  20011fb4    00000024     drivers_cc32xx.a : PowerCC32XX.oem4 (.text:PowerCC32XX_reset)
                  20011fd8    00000024     rtsv7M4_T_le_eabi.lib : boot_cortex_m.c.obj (.text:_c_int00_noargs:_c_int00_noargs)
                  20011ffc    00000022     driverlib.a : i2c.obj (.text:I2CMasterSlaveAddrSet)
                  2001201e    00000020     nortos_cc32xx.a : HwiPCC32XX_nortos.oem4 (.text:HwiP_destruct)
                  2001203e    00000002     --HOLE-- [fill = 0]
                  20012040    00000020     drivers_cc32xx.a : PowerCC32XX.oem4 (.text:Power_unregisterNotify)
                  20012060    00000020                      : RingBuf.oem4 (.text:RingBuf_peek)
                  20012080    00000020                      : UARTCC32XX.oem4 (.text:getPowerMgrId)
                  200120a0    0000001e     driverlib.a : i2c.obj (.text:I2CMasterIntStatusEx)
                  200120be    0000001e     nortos_cc32xx.a : SemaphoreP_nortos.oem4 (.text:SemaphoreP_constructBinary)
                  200120dc    0000001e     driverlib.a : timer.obj (.text:TimerDisable)
                  200120fa    0000001e                 : timer.obj (.text:TimerEnable)
                  20012118    0000001c                 : pin.obj (.text:PinToPadGet)
                  20012134    0000001c     nortos_cc32xx.a : SwiP_nortos.oem4 (.text:SwiP_disable)
                  20012150    0000001c     rtsv7M4_T_le_eabi.lib : memory.c.obj (.text:free_list_remove)
                  2001216c    0000001c                           : memccpy.c.obj (.text:memccpy)
                  20012188    0000001a     nortos_cc32xx.a : ClockPSysTick_nortos.oem4 (.text:ClockP_create)
                  200121a2    0000001a                     : SemaphoreP_nortos.oem4 (.text:SemaphoreP_createBinary)
                  200121bc    0000001a                     : startup_cc32xx_ccs.oem4 (.text:resetISR)
                  200121d6    00000018     driverlib.a : i2c.obj (.text:I2CMasterBusBusy)
                  200121ee    00000018                 : i2c.obj (.text:I2CMasterIntDisableEx)
                  20012206    00000018                 : i2c.obj (.text:I2CMasterIntEnableEx)
                  2001221e    00000018                 : i2c.obj (.text:I2CRxFIFOFlush)
                  20012236    00000018                 : i2c.obj (.text:I2CTxFIFOFlush)
                  2001224e    00000002     --HOLE-- [fill = 0]
                  20012250    00000018     drivers_cc32xx.a : PowerCC32XX.oem4 (.text:Power_getTransitionLatency)
                  20012268    00000018                      : PowerCC32XX.oem4 (.text:Power_idleFunc)
                  20012280    00000018                      : TimerCC32XX.oem4 (.text:TimerCC32XX_getCount)
                  20012298    00000018     driverlib.a : timer.obj (.text:TimerIntDisable)
                  200122b0    00000018                 : timer.obj (.text:TimerIntEnable)
                  200122c8    00000018                 : uart.obj (.text:UARTBusy)
                  200122e0    00000018                 : uart.obj (.text:UARTIntEnable)
                  200122f8    00000018     drivers_cc32xx.a : UART.oem4 (.text:UART_Params_init)
                  20012310    00000018     rtsv7M4_T_le_eabi.lib : snprintf.c.obj (.text:_outc)
                  20012328    00000018                           : ll_mul_t2.asm.obj (.text)
                  20012340    00000018     gpiointerrupt.obj (.text:timerCallback)
                  20012358    00000016     driverlib.a : i2c.obj (.text:I2CMasterBurstLengthSet)
                  2001236e    00000016                 : prcm.obj (.text:PRCMHIBRegRead)
                  20012384    00000016                 : prcm.obj (.text:PRCMHIBRegWrite)
                  2001239a    00000016     nortos_cc32xx.a : SemaphoreP_nortos.oem4 (.text:SemaphoreP_create)
                  200123b0    00000016     rtsv7M4_T_le_eabi.lib : strchr.c.obj (.text:strchr)
                  200123c6    00000014     driverlib.a : cpu.obj (.text:CPUcpsid)
                  200123da    00000002     --HOLE-- [fill = 0]
                  200123dc    00000014     nortos_cc32xx.a : HwiPCC32XX_nortos.oem4 (.text:HwiP_inISR)
                  200123f0    00000014     drivers_cc32xx.a : I2CCC32XX.oem4 (.text:I2CSupport_masterFinish)
                  20012404    00000014                      : I2C.oem4 (.text:I2C_transfer)
                  20012418    00000014     driverlib.a : interrupt.obj (.text:IntVTableBaseSet)
                  2001242c    00000014     drivers_cc32xx.a : PowerCC32XX.oem4 (.text:Power_disablePolicy)
                  20012440    00000014                      : PowerCC32XX.oem4 (.text:Power_getDependencyCount)
                  20012454    00000014                      : UARTCC32XX.oem4 (.text:releasePowerConstraint)
                  20012468    00000014     rtsv7M4_T_le_eabi.lib : strlen.c.obj (.text:strlen)
                  2001247c    00000012     nortos_cc32xx.a : HwiPCC32XX_nortos.oem4 (.text:HwiP_Params_init)
                  2001248e    00000012     driverlib.a : i2c.obj (.text:I2CMasterIntClearEx)
                  200124a0    00000012     drivers_cc32xx.a : RingBuf.oem4 (.text:RingBuf_construct)
                  200124b2    00000012     driverlib.a : timer.obj (.text:TimerIntClear)
                  200124c4    00000012     main_nortos.obj (.text:main)
                  200124d6    00000012     rtsv7M4_T_le_eabi.lib : wcslen.c.obj (.text:wcslen)
                  200124e8    00000010     ti_drivers_config.obj (.text:Board_init)
                  200124f8    00000010     nortos_cc32xx.a : ClockPSysTick_nortos.oem4 (.text:ClockP_add)
                  20012508    00000010                     : ClockPSysTick_nortos.oem4 (.text:ClockP_delete)
                  20012518    00000010                     : ClockPSysTick_nortos.oem4 (.text:ClockP_getCpuFreq)
                  20012528    00000010                     : ClockPSysTick_nortos.oem4 (.text:ClockP_getSystemTicks)
                  20012538    00000010                     : ClockPSysTick_nortos.oem4 (.text:ClockP_setTicks)
                  20012548    00000010                     : HwiPCC32XX_nortos.oem4 (.text:HwiP_delete)
                  20012558    00000010                     : HwiPCC32XX_nortos.oem4 (.text:HwiP_restore)
                  20012568    00000010     driverlib.a : i2c.obj (.text:I2CFIFOStatus)
                  20012578    00000010     drivers_cc32xx.a : I2C.oem4 (.text:I2C_Params_init)
                  20012588    00000010                      : PowerCC32XX.oem4 (.text:Power_enablePolicy)
                  20012598    00000010     nortos_cc32xx.a : SemaphoreP_nortos.oem4 (.text:SemaphoreP_Params_init)
                  200125a8    00000010     drivers_cc32xx.a : Timer.oem4 (.text:Timer_Params_init)
                  200125b8    00000010                      : UARTCC32XX.oem4 (.text:readBlockingTimeout)
                  200125c8    0000000e     nortos_cc32xx.a : HwiPCC32XX_nortos.oem4 (.text:HwiP_clearInterrupt)
                  200125d6    0000000e                     : HwiPCC32XX_nortos.oem4 (.text:HwiP_disable)
                  200125e4    0000000e                     : HwiPCC32XX_nortos.oem4 (.text:HwiP_disableInterrupt)
                  200125f2    0000000e                     : HwiPCC32XX_nortos.oem4 (.text:HwiP_enable)
                  20012600    0000000e                     : HwiPCC32XX_nortos.oem4 (.text:HwiP_enableInterrupt)
                  2001260e    0000000e     drivers_cc32xx.a : I2CCC32XX.oem4 (.text:I2CCC32XX_updateReg)
                  2001261c    0000000e                      : RingBuf.oem4 (.text:RingBuf_isFull)
                  2001262a    0000000e     rtsv7M4_T_le_eabi.lib : copy_decompress_none.c.obj (.text:decompress:none:__TI_decompress_none)
                  20012638    0000000c     drivers_cc32xx.a : I2CCC32XX.oem4 (.text:I2CCC32XX_postNotify)
                  20012644    0000000c                      : PowerCC32XX.oem4 (.text:Power_getConstraintMask)
                  20012650    0000000c     rtsv7M4_T_le_eabi.lib : s_copysign.c.obj (.text:copysign)
                  2001265c    0000000c                           : copy_zero_init.c.obj (.text:decompress:ZI:__TI_zero_init)
                  20012668    0000000c     drivers_cc32xx.a : TimerCC32XX.oem4 (.text:postNotifyFxn)
                  20012674    0000000c                      : UARTCC32XX.oem4 (.text:postNotifyFxn)
                  20012680    0000000a     nortos_cc32xx.a : ClockPSysTick_nortos.oem4 (.text:ClockP_Params_init)
                  2001268a    0000000a                     : ClockPSysTick_nortos.oem4 (.text:ClockP_isActive)
                  20012694    0000000a     driverlib.a : interrupt.obj (.text:IntMasterDisable)
                  2001269e    0000000a     drivers_cc32xx.a : Timer.oem4 (.text:Timer_start)
                  200126a8    0000000a                      : UART.oem4 (.text:UART_write)
                  200126b2    00000008                      : I2CCC32XX.oem4 (.text:I2CCC32XX_blockingCallback)
                  200126ba    00000002     --HOLE-- [fill = 0]
                  200126bc    00000008     rtsv7M4_T_le_eabi.lib : errno.c.obj (.text:__aeabi_errno_addr)
                  200126c4    00000008                           : memory.c.obj (.text:malloc)
                  200126cc    00000008     drivers_cc32xx.a : UARTCC32XX.oem4 (.text:readSemCallback)
                  200126d4    00000008                      : UARTCC32XX.oem4 (.text:writeSemCallback)
                  200126dc    00000006                      : I2CCC32XX.oem4 (.text:I2CSupport_powerRelConstraint)
                  200126e2    00000006                      : I2CCC32XX.oem4 (.text:I2CSupport_powerSetConstraint)
                  200126e8    00000006                      : TimerCC32XX.oem4 (.text:TimerCC32XX_control)
                  200126ee    00000006     driverlib.a : utils.obj (.text:UtilsDelay)
                  200126f4    00000004     nortos_cc32xx.a : ClockPSysTick_nortos.oem4 (.text:ClockP_setTimeout)
                  200126f8    00000004                     : HwiPCC32XX_nortos.oem4 (.text:HwiP_post)
                  200126fc    00000004                     : SemaphoreP_nortos.oem4 (.text:SemaphoreP_delete)
                  20012700    00000004     rtsv7M4_T_le_eabi.lib : pre_init.c.obj (.text:_system_pre_init)
                  20012704    00000004                           : exit.c.obj (.text:abort:abort)

.const     0    20012cd0    0000051a     
                  20012cd0    00000101     rtsv7M4_T_le_eabi.lib : ctype.c.obj (.const:.string:_ctypes_)
                  20012dd1    00000003     --HOLE-- [fill = 0]
                  20012dd4    00000100     driverlib.a : pin.obj (.const:g_ulPinToPadMap)
                  20012ed4    000000a8                 : prcm.obj (.const:PRCM_PeriphRegsList)
                  20012f7c    00000044     ti_drivers_config.obj (.const:PowerCC32XX_config)
                  20012fc0    00000028     drivers_cc32xx.a : UARTCC32XX.oem4 (.const:UARTCC32XX_fxnTable)
                  20012fe8    00000024                      : UART.oem4 (.const:UART_defaultParams)
                  2001300c    00000024     ti_drivers_config.obj (.const:uartCC32XXHWAttrs0)
                  20013030    00000021     drivers_cc32xx.a : GPIOCC32XX.oem4 (.const:.string:pinTable)
                  20013051    00000003     --HOLE-- [fill = 0]
                  20013054    00000020                      : TimerCC32XX.oem4 (.const:TimerCC32XX_fxnTable)
                  20013074    00000020                      : UARTCC32XX.oem4 (.const:staticFxnTable)
                  20013094    00000018     driverlib.a : interrupt.obj (.const:g_pulEnRegs)
                  200130ac    00000018                 : interrupt.obj (.const:g_pulPendRegs)
                  200130c4    00000018     gpiointerrupt.obj (.const:sensors)
                  200130dc    00000014     ti_drivers_config.obj (.const:GPIOCC32XX_config)
                  200130f0    00000014     drivers_cc32xx.a : GPIOCC32XX.oem4 (.const:gpioBaseAddresses)
                  20013104    00000014     ti_drivers_config.obj (.const:i2cCC32XXHWAttrs)
                  20013118    00000014     drivers_cc32xx.a : UARTCC32XX.oem4 (.const:parityType)
                  2001312c    00000014                      : GPIOCC32XX.oem4 (.const:powerResources)
                  20013140    00000010                      : I2C.oem4 (.const:I2C_defaultParams)
                  20013150    00000010                      : I2CCC32XX.oem4 (.const:I2C_defaultParams)
                  20013160    00000010                      : UARTCC32XX.oem4 (.const:dataLength)
                  20013170    00000010     ti_drivers_config.obj (.const:timerCC32XXHWAttrs)
                  20013180    0000000c     gpiointerrupt.obj (.const:.string)
                  2001318c    0000000c     ti_drivers_config.obj (.const:Timer_config)
                  20013198    0000000c     ti_drivers_config.obj (.const:UART_config)
                  200131a4    0000000c     drivers_cc32xx.a : Timer.oem4 (.const:defaultParams)
                  200131b0    00000009     ti_drivers_config.obj (.const)
                  200131b9    00000003     --HOLE-- [fill = 0]
                  200131bc    00000008     ti_drivers_config.obj (.const:I2C_config)
                  200131c4    00000008     drivers_cc32xx.a : GPIOCC32XX.oem4 (.const:outPinTypes)
                  200131cc    00000008                      : UARTCC32XX.oem4 (.const:stopBits)
                  200131d4    00000006                      : GPIOCC32XX.oem4 (.const:.string:interruptType)
                  200131da    00000006                      : GPIOCC32XX.oem4 (.const:inPinTypes)
                  200131e0    00000006                      : GPIOCC32XX.oem4 (.const:outPinStrengths)
                  200131e6    00000004                      : GPIOCC32XX.oem4 (.const:.string:portInterruptIds)

.cinit     0    20013600    000000f8     
                  20013600    000000cd     (.cinit..data.load) [load image, compression = lzss]
                  200136cd    00000003     --HOLE-- [fill = 0]
                  200136d0    0000000c     (__TI_handler_table)
                  200136dc    00000004     --HOLE-- [fill = 0]
                  200136e0    00000008     (.cinit..bss.load) [load image, compression = zero_init]
                  200136e8    00000010     (__TI_cinit_table)

.init_array 
*          0    20004000    00000000     UNINITIALIZED

.ramVecs   0    20000000    0000030c     NOLOAD SECTION
                  20000000    0000030c     nortos_cc32xx.a : startup_cc32xx_ccs.oem4 (.ramVecs)

.stack     0    20003000    00001000     UNINITIALIZED
                  20003000    00000004     rtsv7M4_T_le_eabi.lib : boot_cortex_m.c.obj (.stack)
                  20003004    00000ffc     --HOLE--

.resetVecs 
*          0    20004000    00000040     
                  20004000    00000040     nortos_cc32xx.a : startup_cc32xx_ccs.oem4 (.resetVecs:retain)

.sysmem    0    20004040    00008000     UNINITIALIZED
                  20004040    00000010     rtsv7M4_T_le_eabi.lib : memory.c.obj (.sysmem)
                  20004050    00007ff0     --HOLE--

.data      0    20012708    000005c8     UNINITIALIZED
                  20012708    0000030c     nortos_cc32xx.a : HwiPCC32XX_nortos.oem4 (.data:HwiP_dispatchTable)
                  20012a14    0000016c     drivers_cc32xx.a : PowerCC32XX.oem4 (.data:PowerCC32XX_module)
                  20012b80    000000f8     ti_drivers_config.obj (.data:parkInfo)
                  20012c78    0000000c     ti_drivers_config.obj (.data:gpioCallbackFunctions)
                  20012c84    0000000c     ti_drivers_config.obj (.data:gpioPinConfigs)
                  20012c90    00000009     drivers_cc32xx.a : GPIOCC32XX.oem4 (.data)
                  20012c99    00000003     nortos_cc32xx.a : SemaphoreP_nortos.oem4 (.data)
                  20012c9c    00000008     rtsv7M4_T_le_eabi.lib : _lock.c.obj (.data:$O1$$)
                  20012ca4    00000008                           : memory.c.obj (.data:$O1$$)
                  20012cac    00000008     nortos_cc32xx.a : SemaphoreP_nortos.oem4 (.data:SemaphoreP_defaultParams)
                  20012cb4    00000008                     : HwiPCC32XX_nortos.oem4 (.data)
                  20012cbc    00000006     gpiointerrupt.obj (.data)
                  20012cc2    00000001     drivers_cc32xx.a : Timer.oem4 (.data)
                  20012cc3    00000001                      : UART.oem4 (.data)
                  20012cc4    00000005     nortos_cc32xx.a : ClockPSysTick_nortos.oem4 (.data)
                  20012cc9    00000003     --HOLE--
                  20012ccc    00000004     rtsv7M4_T_le_eabi.lib : errno.c.obj (.data)

.bss       0    200131f0    0000040c     UNINITIALIZED
                  200131f0    0000012c     (.common:PowerCC32XX_contextSave)
                  2001331c    000000fc     (.common:i2cCC32XXObjects)
                  20013418    00000084     (.common:uartCC32XXObjects0)
                  2001349c    00000040     (.common:output)
                  200134dc    00000034     (.common:timerCC32XXObjects)
                  20013510    00000030     (.common:tasks)
                  20013540    00000020     drivers_cc32xx.a : GPIOCC32XX.oem4 (.bss:gpioCallbackInfo)
                  20013560    00000020     ti_drivers_config.obj (.bss:uartCC32XXRingBuffer0)
                  20013580    00000020     (.common:i2cTransaction)
                  200135a0    00000014     drivers_cc32xx.a : GPIOCC32XX.oem4 (.bss:powerNotifyObj)
                  200135b4    00000004                      : GPIOCC32XX.oem4 (.bss)
                  200135b8    00000010     (.common:ClockP_ctrl)
                  200135c8    0000000d     nortos_cc32xx.a : SwiP_nortos.oem4 (.bss)
                  200135d5    00000003     --HOLE--
                  200135d8    00000004                     : ClockPSysTick_nortos.oem4 (.bss)
                  200135dc    00000004     drivers_cc32xx.a : TimerCC32XX.oem4 (.bss:timerState)
                  200135e0    00000004     (.common:i2c)
                  200135e4    00000004     (.common:rxBuffer)
                  200135e8    00000004     (.common:seconds)
                  200135ec    00000004     (.common:temperature)
                  200135f0    00000004     (.common:timer0)
                  200135f4    00000004     (.common:txBuffer)
                  200135f8    00000004     (.common:uart)

.log_data 
*          0    90000000    00000000     COPY SECTION

__llvm_prf_cnts 
*          0    20004000    00000000     UNINITIALIZED

MODULE SUMMARY

       Module                       code    ro data   rw data
       ------                       ----    -------   -------
    .\
       gpiointerrupt.obj            1808    36        178    
       main_nortos.obj              18      0         0      
    +--+----------------------------+-------+---------+---------+
       Total:                       1826    36        178    
                                                             
    .\syscfg\
       ti_drivers_config.obj        18      201       740    
    +--+----------------------------+-------+---------+---------+
       Total:                       18      201       740    
                                                             
    C:/ti/simplelink_cc32xx_sdk_4_40_00_07/kernel/nortos/lib/ccs/m4/nortos_cc32xx.a
       HwiPCC32XX_nortos.oem4       394     0         788    
       startup_cc32xx_ccs.oem4      90      64        780    
       ClockPSysTick_nortos.oem4    702     0         25     
       PowerCC32XX_nortos.oem4      472     0         0      
       SemaphoreP_nortos.oem4       408     0         11     
       SwiP_nortos.oem4             96      0         13     
    +--+----------------------------+-------+---------+---------+
       Total:                       2162    64        1617   
                                                             
    C:/ti/simplelink_cc32xx_sdk_4_40_00_07/source/ti/devices/cc32xx/driverlib/ccs/Release/driverlib.a
       prcm.obj                     1604    168       0      
       pin.obj                      280     256       0      
       interrupt.obj                334     48        0      
       i2c.obj                      318     0         0      
       timer.obj                    264     0         0      
       flash.obj                    72      0         0      
       uart.obj                     48      0         0      
       cpu.obj                      20      0         0      
       utils.obj                    6       0         0      
    +--+----------------------------+-------+---------+---------+
       Total:                       2946    472       0      
                                                             
    C:/ti/simplelink_cc32xx_sdk_4_40_00_07/source/ti/drivers/lib/ccs/m4/drivers_cc32xx.a
       UARTCC32XX.oem4              3466    116       0      
       PowerCC32XX.oem4             2432    0         664    
       I2CCC32XX.oem4               1452    16        0      
       GPIOCC32XX.oem4              1208    103       65     
       TimerCC32XX.oem4             1132    32        4      
       I2C.oem4                     366     16        0      
       UART.oem4                    166     36        1      
       RingBuf.oem4                 198     0         0      
       Timer.oem4                   158     12        1      
       PowerCC32XX_asm.oem4         150     0         0      
       List.oem4                    76      0         0      
    +--+----------------------------+-------+---------+---------+
       Total:                       10804   331       735    
                                                             
    C:\Texas_Instruments\CCS\ccs\tools\compiler\ti-cgt-arm_20.2.4.LTS\lib\rtsv7M4_T_le_eabi.lib
       _printfi.c.obj               4835    0         0      
       memory.c.obj                 672     0         8      
       fd_add_t2.asm.obj            438     0         0      
       fd_div_t2.asm.obj            310     0         0      
       fd_cmp_t2.asm.obj            268     0         0      
       ctype.c.obj                  0       257       0      
       fd_mul_t2.asm.obj            252     0         0      
       s_scalbn.c.obj               208     0         0      
       memcpy_t2.asm.obj            156     0         0      
       ull_div_t2.asm.obj           150     0         0      
       snprintf.c.obj               148     0         0      
       fs_mul_t2.asm.obj            122     0         0      
       memset_t2.asm.obj            122     0         0      
       copy_decompress_lzss.c.obj   104     0         0      
       s_frexp.c.obj                92      0         0      
       _ltoa.c.obj                  84      0         0      
       atoi.c.obj                   76      0         0      
       fd_toi_t2.asm.obj            72      0         0      
       autoinit.c.obj               68      0         0      
       fs_toi_t2.asm.obj            56      0         0      
       i_tofs_t2.asm.obj            56      0         0      
       i_tofd_t2.asm.obj            46      0         0      
       boot_cortex_m.c.obj          36      0         0      
       memccpy.c.obj                28      0         0      
       ll_mul_t2.asm.obj            24      0         0      
       strchr.c.obj                 22      0         0      
       strlen.c.obj                 20      0         0      
       wcslen.c.obj                 18      0         0      
       copy_decompress_none.c.obj   14      0         0      
       copy_zero_init.c.obj         12      0         0      
       errno.c.obj                  8       0         4      
       s_copysign.c.obj             12      0         0      
       _lock.c.obj                  2       0         8      
       exit.c.obj                   4       0         0      
       pre_init.c.obj               4       0         0      
       div0.asm.obj                 2       0         0      
    +--+----------------------------+-------+---------+---------+
       Total:                       8541    257       20     
                                                             
       Heap:                        0       0         32768  
       Stack:                       0       0         4096   
       Linker Generated:            0       241       0      
    +--+----------------------------+-------+---------+---------+
       Grand Total:                 26297   1602      40154  


LINKER GENERATED COPY TABLES

__TI_cinit_table @ 200136e8 records: 2, size/record: 8, table size: 16
	.data: load addr=20013600, load size=000000cd bytes, run addr=20012708, run size=000005c8 bytes, compression=lzss
	.bss: load addr=200136e0, load size=00000008 bytes, run addr=200131f0, run size=0000040c bytes, compression=zero_init


LINKER GENERATED HANDLER TABLE

__TI_handler_table @ 200136d0 records: 3, size/record: 4, table size: 12
	index: 0, handler: __TI_decompress_lzss
	index: 1, handler: __TI_decompress_none
	index: 2, handler: __TI_zero_init


GLOBAL SYMBOLS: SORTED ALPHABETICALLY BY Name 

address   name                             
-------   ----                             
200124e9  Board_init                       
2000ca8f  Board_initHook                   
20012cbf  Btn_State                        
20012705  C$$EXIT                          
200131b0  CONFIG_GPIO_BUTTON_0_CONST       
200131b1  CONFIG_GPIO_BUTTON_1_CONST       
200131b2  CONFIG_GPIO_LED_0_CONST          
200131b3  CONFIG_I2C_0_CONST               
200131b5  CONFIG_TIMER_0_CONST             
200131b7  CONFIG_UART_0_CONST              
200123c7  CPUcpsid                         
20012681  ClockP_Params_init               
200124f9  ClockP_add                       
2001169d  ClockP_construct                 
20012189  ClockP_create                    
200135b8  ClockP_ctrl                      
20012509  ClockP_delete                    
2001189d  ClockP_destruct                  
20010f8d  ClockP_doTick                    
20012519  ClockP_getCpuFreq                
20012529  ClockP_getSystemTicks            
20011bb5  ClockP_getTicksUntilInterrupt    
2001268b  ClockP_isActive                  
20012539  ClockP_setTicks                  
200126f5  ClockP_setTimeout                
20011ced  ClockP_start                     
20011be9  ClockP_startup                   
20011439  ClockP_stop                      
20010f8d  ClockP_sysTickHandler            
20012cc4  ClockP_tickPeriod                
20011245  FlashDisable                     
200130dc  GPIOCC32XX_config                
2001107d  GPIO_enableInt                   
200104e9  GPIO_hwiIntFxn                   
2000f101  GPIO_init                        
20010ad1  GPIO_setCallback                 
2000d5fd  GPIO_setConfig                   
20010be5  GPIO_write                       
2001247d  HwiP_Params_init                 
200125c9  HwiP_clearInterrupt              
2000fe45  HwiP_construct                   
20011dd9  HwiP_create                      
20012549  HwiP_delete                      
2001201f  HwiP_destruct                    
200125d7  HwiP_disable                     
200125e5  HwiP_disableInterrupt            
20011f91  HwiP_dispatch                    
200125f3  HwiP_enable                      
20012601  HwiP_enableInterrupt             
200123dd  HwiP_inISR                       
20012cb4  HwiP_key                         
200126f9  HwiP_post                        
20012559  HwiP_restore                     
20012cb8  HwiP_swiPIntNum                  
20011ef9  I2CFIFODataGetNonBlocking        
20011e57  I2CFIFODataPutNonBlocking        
20012569  I2CFIFOStatus                    
20012359  I2CMasterBurstLengthSet          
200121d7  I2CMasterBusBusy                 
2001248f  I2CMasterIntClearEx              
200121ef  I2CMasterIntDisableEx            
20012207  I2CMasterIntEnableEx             
200120a1  I2CMasterIntStatusEx             
20011ffd  I2CMasterSlaveAddrSet            
2001221f  I2CRxFIFOFlush                   
200123f1  I2CSupport_masterFinish          
200126dd  I2CSupport_powerRelConstraint    
200126e3  I2CSupport_powerSetConstraint    
20010811  I2CSupport_primeTransfer         
20012237  I2CTxFIFOFlush                   
20012579  I2C_Params_init                  
20011f1f  I2C_cancel                       
200131bc  I2C_config                       
200131b4  I2C_count                        
20013140  I2C_defaultParams                
2000db63  I2C_init                         
2000eb95  I2C_open                         
20012405  I2C_transfer                     
2000e611  I2C_transferTimeout              
UNDEFED   ITM_flush                        
UNDEFED   ITM_restore                      
2000f819  IntEnable                        
20012695  IntMasterDisable                 
2000fed1  IntPendSet                       
20012419  IntVTableBaseSet                 
20012cc0  LED_State                        
20011f45  List_put                         
20011f6b  List_remove                      
200125f3  NoRTOS_start                     
2000ca91  PRCMCC3200MCUInit                
2001236f  PRCMHIBRegRead                   
20012385  PRCMHIBRegWrite                  
2001128d  PRCMLPDSEnter                    
20011989  PRCMLPDSEnterKeepDebugIf         
2001147d  PRCMLPDSRestoreInfoSet           
20011e81  PRCMPeripheralClkDisable         
200112d5  PRCMPeripheralClkEnable          
20010c3d  PRCMPeripheralReset              
20010a11  PRCMSysResetCauseGet             
2000ff59  PinConfigSet                     
20011c1d  PinModeGet                       
200116dd  PinModeSet                       
20012119  PinToPadGet                      
20012f7c  PowerCC32XX_config               
2000f8c1  PowerCC32XX_configureWakeup      
200131f0  PowerCC32XX_contextSave          
200114c1  PowerCC32XX_enterLPDS            
20011dad  PowerCC32XX_getParkState         
2000e4e7  PowerCC32XX_initPolicy           
20012a14  PowerCC32XX_module               
20011115  PowerCC32XX_parkPin              
20011fb5  PowerCC32XX_reset                
20011c51  PowerCC32XX_restoreParkState     
20011d1d  PowerCC32XX_restoreParkedPin     
20010e95  PowerCC32XX_resumeLPDS           
20010949  PowerCC32XX_setParkState         
2000dd11  PowerCC32XX_sleepPolicy          
2001242d  Power_disablePolicy              
20012589  Power_enablePolicy               
20012645  Power_getConstraintMask          
20012441  Power_getDependencyCount         
20012251  Power_getTransitionLatency       
20012269  Power_idleFunc                   
20010175  Power_init                       
20011ea9  Power_registerNotify             
2001131d  Power_releaseConstraint          
20010c95  Power_releaseDependency          
200118d9  Power_setConstraint              
2001027d  Power_setDependency              
2000e279  Power_sleep                      
20012041  Power_unregisterNotify           
200124a1  RingBuf_construct                
2001171d  RingBuf_get                      
2001261d  RingBuf_isFull                   
20012061  RingBuf_peek                     
200113ad  RingBuf_put                      
20012599  SemaphoreP_Params_init           
20010fdd  SemaphoreP_construct             
200120bf  SemaphoreP_constructBinary       
2001239b  SemaphoreP_create                
200121a3  SemaphoreP_createBinary          
20012cac  SemaphoreP_defaultParams         
200126fd  SemaphoreP_delete                
2000faad  SemaphoreP_pend                  
20011505  SemaphoreP_post                  
20012135  SwiP_disable                     
20011549  SwiP_restore                     
2001102d  TimerCC32XX_allocateTimerResource
20011915  TimerCC32XX_close                
200126e9  TimerCC32XX_control              
20011c85  TimerCC32XX_freeTimerResource    
20013054  TimerCC32XX_fxnTable             
20012281  TimerCC32XX_getCount             
2000e733  TimerCC32XX_init                 
2000e4e9  TimerCC32XX_open                 
2000ffe1  TimerCC32XX_setPeriod            
20010561  TimerCC32XX_start                
20010ced  TimerCC32XX_stop                 
20011b49  TimerControlStall                
200120dd  TimerDisable                     
200120fb  TimerEnable                      
20012cc1  TimerFlag                        
200124b3  TimerIntClear                    
20012299  TimerIntDisable                  
200122b1  TimerIntEnable                   
20011e03  TimerLoadSet                     
20011e2d  TimerPrescaleSet                 
200125a9  Timer_Params_init                
2001318c  Timer_config                     
200131b6  Timer_count                      
2001158d  Timer_init                       
2001175d  Timer_open                       
2001269f  Timer_start                      
200122c9  UARTBusy                         
2000e735  UARTCC32XX_close                 
2000ed8d  UARTCC32XX_control               
20012fc0  UARTCC32XX_fxnTable              
2000ee7f  UARTCC32XX_init                  
2000cebd  UARTCC32XX_open                  
2001179d  UARTCC32XX_read                  
20011b7f  UARTCC32XX_readCancel            
2000f285  UARTCC32XX_readPolling           
2000f035  UARTCC32XX_write                 
200108e3  UARTCC32XX_writeCancel           
200109ad  UARTCC32XX_writePolling          
200122e1  UARTIntEnable                    
200122f9  UART_Params_init                 
20013198  UART_config                      
200131b8  UART_count                       
20012fe8  UART_defaultParams               
200115d1  UART_init                        
200117dd  UART_open                        
200126a9  UART_write                       
200126ef  UtilsDelay                       
20004000  __STACK_END                      
00001000  __STACK_SIZE                     
00008000  __SYSMEM_SIZE                    
200136e8  __TI_CINIT_Base                  
200136f8  __TI_CINIT_Limit                 
200136d0  __TI_Handler_Table_Base          
200136dc  __TI_Handler_Table_Limit         
20011615  __TI_auto_init_nobinit_nopinit   
2001087b  __TI_decompress_lzss             
2001262b  __TI_decompress_none             
20010d99  __TI_ltoa                        
ffffffff  __TI_pprof_out_hndl              
2000c041  __TI_printfi                     
ffffffff  __TI_prof_data_size              
ffffffff  __TI_prof_data_start             
20013600  __TI_static_base__               
2001265d  __TI_zero_init                   
20010069  __aeabi_cdcmpeq                  
20010069  __aeabi_cdcmple                  
200100ef  __aeabi_cdrcmple                 
20011365  __aeabi_d2iz                     
2000d9b7  __aeabi_dadd                     
2000e3b1  __aeabi_ddiv                     
2000ec91  __aeabi_dmul                     
2000d9ad  __aeabi_dsub                     
200126bd  __aeabi_errno_addr               
20011ad9  __aeabi_f2iz                     
200103f3  __aeabi_fmul                     
20011d7d  __aeabi_i2d                      
20011b11  __aeabi_i2f                      
20010f8b  __aeabi_idiv0                    
20010f8b  __aeabi_ldiv0                    
20012329  __aeabi_lmul                     
2001046d  __aeabi_memclr                   
2001046d  __aeabi_memclr4                  
2001046d  __aeabi_memclr8                  
2000fbe9  __aeabi_memcpy                   
2000fbe9  __aeabi_memcpy4                  
2000fbe9  __aeabi_memcpy8                  
2001046f  __aeabi_memset                   
2001046f  __aeabi_memset4                  
2001046f  __aeabi_memset8                  
2000fd1d  __aeabi_uldivmod                 
ffffffff  __binit__                        
ffffffff  __c_args__                       
UNDEFED   __mpu_init                       
20003000  __stack                          
20004000  __start___llvm_prf_cnts          
20004000  __stop___llvm_prf_cnts           
20011fd9  _c_int00_noargs                  
20012cd0  _ctypes_                         
20012c9c  _lock                            
2000f0ff  _nop                             
20004040  _sys_memory                      
UNDEFED   _system_post_cinit               
20012701  _system_pre_init                 
20012ca0  _unlock                          
20012705  abort                            
2000ea95  aligned_alloc                    
20011161  atoi                             
ffffffff  binit                            
20011a31  btnFct                           
2000fdb3  clkFxn                           
20012651  copysign                         
20012651  copysignl                        
20012ccc  errno                            
2000ee81  free                             
20010b2d  frexp                            
20010b2d  frexpl                           
20012c78  gpioCallbackFunctions            
20012c84  gpioPinConfigs                   
20012cbe  heat                             
200135e0  i2c                              
20013104  i2cCC32XXHWAttrs                 
2001331c  i2cCC32XXObjects                 
20013580  i2cTransaction                   
200131da  inPinTypes                       
2000d3ad  initI2C                          
20010ded  initTimer                        
20011659  initUART                         
20011a69  initVectors                      
2000ef65  ldexp                            
2000ef65  ldexpl                           
200124c5  main                             
2000db65  mainThread                       
200126c5  malloc                           
2000ea95  memalign                         
2001216d  memccpy                          
2000fbe9  memcpy                           
20010475  memset                           
200131e0  outPinStrengths                  
200131c4  outPinTypes                      
2001349c  output                           
20012b80  parkInfo                         
2000e975  readTemp                         
200121bd  resetISR                         
200121d0  resetVectorAddr                  
20004000  resetVectors                     
200135e4  rxBuffer                         
2000ef65  scalbn                           
2000ef65  scalbnl                          
200135e8  seconds                          
20012cbc  setpoint                         
200111f9  snprintf                         
200123b1  strchr                           
20012469  strlen                           
20013510  tasks                            
200135ec  temperature                      
2001181d  tickBtn                          
20010a71  tickLED                          
200135f0  timer0                           
20013170  timerCC32XXHWAttrs               
200134dc  timerCC32XXObjects               
20012341  timerCallback                    
200135f4  txBuffer                         
200135f8  uart                             
20013418  uartCC32XXObjects0               
200124d7  wcslen                           
200107a5  writeUART                        


GLOBAL SYMBOLS: SORTED BY Symbol Address 

address   name                             
-------   ----                             
00001000  __STACK_SIZE                     
00008000  __SYSMEM_SIZE                    
20003000  __stack                          
20004000  __STACK_END                      
20004000  __start___llvm_prf_cnts          
20004000  __stop___llvm_prf_cnts           
20004000  resetVectors                     
20004040  _sys_memory                      
2000c041  __TI_printfi                     
2000ca8f  Board_initHook                   
2000ca91  PRCMCC3200MCUInit                
2000cebd  UARTCC32XX_open                  
2000d3ad  initI2C                          
2000d5fd  GPIO_setConfig                   
2000d9ad  __aeabi_dsub                     
2000d9b7  __aeabi_dadd                     
2000db63  I2C_init                         
2000db65  mainThread                       
2000dd11  PowerCC32XX_sleepPolicy          
2000e279  Power_sleep                      
2000e3b1  __aeabi_ddiv                     
2000e4e7  PowerCC32XX_initPolicy           
2000e4e9  TimerCC32XX_open                 
2000e611  I2C_transferTimeout              
2000e733  TimerCC32XX_init                 
2000e735  UARTCC32XX_close                 
2000e975  readTemp                         
2000ea95  aligned_alloc                    
2000ea95  memalign                         
2000eb95  I2C_open                         
2000ec91  __aeabi_dmul                     
2000ed8d  UARTCC32XX_control               
2000ee7f  UARTCC32XX_init                  
2000ee81  free                             
2000ef65  ldexp                            
2000ef65  ldexpl                           
2000ef65  scalbn                           
2000ef65  scalbnl                          
2000f035  UARTCC32XX_write                 
2000f0ff  _nop                             
2000f101  GPIO_init                        
2000f285  UARTCC32XX_readPolling           
2000f819  IntEnable                        
2000f8c1  PowerCC32XX_configureWakeup      
2000faad  SemaphoreP_pend                  
2000fbe9  __aeabi_memcpy                   
2000fbe9  __aeabi_memcpy4                  
2000fbe9  __aeabi_memcpy8                  
2000fbe9  memcpy                           
2000fd1d  __aeabi_uldivmod                 
2000fdb3  clkFxn                           
2000fe45  HwiP_construct                   
2000fed1  IntPendSet                       
2000ff59  PinConfigSet                     
2000ffe1  TimerCC32XX_setPeriod            
20010069  __aeabi_cdcmpeq                  
20010069  __aeabi_cdcmple                  
200100ef  __aeabi_cdrcmple                 
20010175  Power_init                       
2001027d  Power_setDependency              
200103f3  __aeabi_fmul                     
2001046d  __aeabi_memclr                   
2001046d  __aeabi_memclr4                  
2001046d  __aeabi_memclr8                  
2001046f  __aeabi_memset                   
2001046f  __aeabi_memset4                  
2001046f  __aeabi_memset8                  
20010475  memset                           
200104e9  GPIO_hwiIntFxn                   
20010561  TimerCC32XX_start                
200107a5  writeUART                        
20010811  I2CSupport_primeTransfer         
2001087b  __TI_decompress_lzss             
200108e3  UARTCC32XX_writeCancel           
20010949  PowerCC32XX_setParkState         
200109ad  UARTCC32XX_writePolling          
20010a11  PRCMSysResetCauseGet             
20010a71  tickLED                          
20010ad1  GPIO_setCallback                 
20010b2d  frexp                            
20010b2d  frexpl                           
20010be5  GPIO_write                       
20010c3d  PRCMPeripheralReset              
20010c95  Power_releaseDependency          
20010ced  TimerCC32XX_stop                 
20010d99  __TI_ltoa                        
20010ded  initTimer                        
20010e95  PowerCC32XX_resumeLPDS           
20010f8b  __aeabi_idiv0                    
20010f8b  __aeabi_ldiv0                    
20010f8d  ClockP_doTick                    
20010f8d  ClockP_sysTickHandler            
20010fdd  SemaphoreP_construct             
2001102d  TimerCC32XX_allocateTimerResource
2001107d  GPIO_enableInt                   
20011115  PowerCC32XX_parkPin              
20011161  atoi                             
200111f9  snprintf                         
20011245  FlashDisable                     
2001128d  PRCMLPDSEnter                    
200112d5  PRCMPeripheralClkEnable          
2001131d  Power_releaseConstraint          
20011365  __aeabi_d2iz                     
200113ad  RingBuf_put                      
20011439  ClockP_stop                      
2001147d  PRCMLPDSRestoreInfoSet           
200114c1  PowerCC32XX_enterLPDS            
20011505  SemaphoreP_post                  
20011549  SwiP_restore                     
2001158d  Timer_init                       
200115d1  UART_init                        
20011615  __TI_auto_init_nobinit_nopinit   
20011659  initUART                         
2001169d  ClockP_construct                 
200116dd  PinModeSet                       
2001171d  RingBuf_get                      
2001175d  Timer_open                       
2001179d  UARTCC32XX_read                  
200117dd  UART_open                        
2001181d  tickBtn                          
2001189d  ClockP_destruct                  
200118d9  Power_setConstraint              
20011915  TimerCC32XX_close                
20011989  PRCMLPDSEnterKeepDebugIf         
20011a31  btnFct                           
20011a69  initVectors                      
20011ad9  __aeabi_f2iz                     
20011b11  __aeabi_i2f                      
20011b49  TimerControlStall                
20011b7f  UARTCC32XX_readCancel            
20011bb5  ClockP_getTicksUntilInterrupt    
20011be9  ClockP_startup                   
20011c1d  PinModeGet                       
20011c51  PowerCC32XX_restoreParkState     
20011c85  TimerCC32XX_freeTimerResource    
20011ced  ClockP_start                     
20011d1d  PowerCC32XX_restoreParkedPin     
20011d7d  __aeabi_i2d                      
20011dad  PowerCC32XX_getParkState         
20011dd9  HwiP_create                      
20011e03  TimerLoadSet                     
20011e2d  TimerPrescaleSet                 
20011e57  I2CFIFODataPutNonBlocking        
20011e81  PRCMPeripheralClkDisable         
20011ea9  Power_registerNotify             
20011ef9  I2CFIFODataGetNonBlocking        
20011f1f  I2C_cancel                       
20011f45  List_put                         
20011f6b  List_remove                      
20011f91  HwiP_dispatch                    
20011fb5  PowerCC32XX_reset                
20011fd9  _c_int00_noargs                  
20011ffd  I2CMasterSlaveAddrSet            
2001201f  HwiP_destruct                    
20012041  Power_unregisterNotify           
20012061  RingBuf_peek                     
200120a1  I2CMasterIntStatusEx             
200120bf  SemaphoreP_constructBinary       
200120dd  TimerDisable                     
200120fb  TimerEnable                      
20012119  PinToPadGet                      
20012135  SwiP_disable                     
2001216d  memccpy                          
20012189  ClockP_create                    
200121a3  SemaphoreP_createBinary          
200121bd  resetISR                         
200121d0  resetVectorAddr                  
200121d7  I2CMasterBusBusy                 
200121ef  I2CMasterIntDisableEx            
20012207  I2CMasterIntEnableEx             
2001221f  I2CRxFIFOFlush                   
20012237  I2CTxFIFOFlush                   
20012251  Power_getTransitionLatency       
20012269  Power_idleFunc                   
20012281  TimerCC32XX_getCount             
20012299  TimerIntDisable                  
200122b1  TimerIntEnable                   
200122c9  UARTBusy                         
200122e1  UARTIntEnable                    
200122f9  UART_Params_init                 
20012329  __aeabi_lmul                     
20012341  timerCallback                    
20012359  I2CMasterBurstLengthSet          
2001236f  PRCMHIBRegRead                   
20012385  PRCMHIBRegWrite                  
2001239b  SemaphoreP_create                
200123b1  strchr                           
200123c7  CPUcpsid                         
200123dd  HwiP_inISR                       
200123f1  I2CSupport_masterFinish          
20012405  I2C_transfer                     
20012419  IntVTableBaseSet                 
2001242d  Power_disablePolicy              
20012441  Power_getDependencyCount         
20012469  strlen                           
2001247d  HwiP_Params_init                 
2001248f  I2CMasterIntClearEx              
200124a1  RingBuf_construct                
200124b3  TimerIntClear                    
200124c5  main                             
200124d7  wcslen                           
200124e9  Board_init                       
200124f9  ClockP_add                       
20012509  ClockP_delete                    
20012519  ClockP_getCpuFreq                
20012529  ClockP_getSystemTicks            
20012539  ClockP_setTicks                  
20012549  HwiP_delete                      
20012559  HwiP_restore                     
20012569  I2CFIFOStatus                    
20012579  I2C_Params_init                  
20012589  Power_enablePolicy               
20012599  SemaphoreP_Params_init           
200125a9  Timer_Params_init                
200125c9  HwiP_clearInterrupt              
200125d7  HwiP_disable                     
200125e5  HwiP_disableInterrupt            
200125f3  HwiP_enable                      
200125f3  NoRTOS_start                     
20012601  HwiP_enableInterrupt             
2001261d  RingBuf_isFull                   
2001262b  __TI_decompress_none             
20012645  Power_getConstraintMask          
20012651  copysign                         
20012651  copysignl                        
2001265d  __TI_zero_init                   
20012681  ClockP_Params_init               
2001268b  ClockP_isActive                  
20012695  IntMasterDisable                 
2001269f  Timer_start                      
200126a9  UART_write                       
200126bd  __aeabi_errno_addr               
200126c5  malloc                           
200126dd  I2CSupport_powerRelConstraint    
200126e3  I2CSupport_powerSetConstraint    
200126e9  TimerCC32XX_control              
200126ef  UtilsDelay                       
200126f5  ClockP_setTimeout                
200126f9  HwiP_post                        
200126fd  SemaphoreP_delete                
20012701  _system_pre_init                 
20012705  C$$EXIT                          
20012705  abort                            
20012a14  PowerCC32XX_module               
20012b80  parkInfo                         
20012c78  gpioCallbackFunctions            
20012c84  gpioPinConfigs                   
20012c9c  _lock                            
20012ca0  _unlock                          
20012cac  SemaphoreP_defaultParams         
20012cb4  HwiP_key                         
20012cb8  HwiP_swiPIntNum                  
20012cbc  setpoint                         
20012cbe  heat                             
20012cbf  Btn_State                        
20012cc0  LED_State                        
20012cc1  TimerFlag                        
20012cc4  ClockP_tickPeriod                
20012ccc  errno                            
20012cd0  _ctypes_                         
20012f7c  PowerCC32XX_config               
20012fc0  UARTCC32XX_fxnTable              
20012fe8  UART_defaultParams               
20013054  TimerCC32XX_fxnTable             
200130dc  GPIOCC32XX_config                
20013104  i2cCC32XXHWAttrs                 
20013140  I2C_defaultParams                
20013170  timerCC32XXHWAttrs               
2001318c  Timer_config                     
20013198  UART_config                      
200131b0  CONFIG_GPIO_BUTTON_0_CONST       
200131b1  CONFIG_GPIO_BUTTON_1_CONST       
200131b2  CONFIG_GPIO_LED_0_CONST          
200131b3  CONFIG_I2C_0_CONST               
200131b4  I2C_count                        
200131b5  CONFIG_TIMER_0_CONST             
200131b6  Timer_count                      
200131b7  CONFIG_UART_0_CONST              
200131b8  UART_count                       
200131bc  I2C_config                       
200131c4  outPinTypes                      
200131da  inPinTypes                       
200131e0  outPinStrengths                  
200131f0  PowerCC32XX_contextSave          
2001331c  i2cCC32XXObjects                 
20013418  uartCC32XXObjects0               
2001349c  output                           
200134dc  timerCC32XXObjects               
20013510  tasks                            
20013580  i2cTransaction                   
200135b8  ClockP_ctrl                      
200135e0  i2c                              
200135e4  rxBuffer                         
200135e8  seconds                          
200135ec  temperature                      
200135f0  timer0                           
200135f4  txBuffer                         
200135f8  uart                             
20013600  __TI_static_base__               
200136d0  __TI_Handler_Table_Base          
200136dc  __TI_Handler_Table_Limit         
200136e8  __TI_CINIT_Base                  
200136f8  __TI_CINIT_Limit                 
ffffffff  __TI_pprof_out_hndl              
ffffffff  __TI_prof_data_size              
ffffffff  __TI_prof_data_start             
ffffffff  __binit__                        
ffffffff  __c_args__                       
ffffffff  binit                            
UNDEFED   ITM_flush                        
UNDEFED   ITM_restore                      
UNDEFED   __mpu_init                       
UNDEFED   _system_post_cinit               

[313 symbols]
